=== RemotePlayServer ===
[Encoder] NVIDIA NVENC (Hardware)
[TextScale] Actual DPI for \\.\DISPLAY1: 96
[Guard] Saved original text scale for \\.\DISPLAY1: 100%
[Guard] Snapshot captured.
=== Monitors ===
  \\.\DISPLAY1: 1920x1080 [Physical]
[HTTP] http://+:8288/
[HTTP] Server: 192.168.1.20:8288

=== QRCode (Scan to connect) ===
Data: {"ip":"192.168.1.20","port":8288,"monitors":[{"id":0,"name":"\\\\.\\DISPLAY1","w":1920,"h":1080}]}
█████████████████████████████████████████████
█████████████████████████████████████████████
████ ▄▄▄▄▄ █  ▀██▀ ▀▄▄ █▄ █ ▀▄▄▄▄█ ▄▄▄▄▄ ████
████ █   █ █  █▀▀ ▄▀▄  ▀ ▄█▀▄▄█▄██ █   █ ████
████ █▄▄▄█ █▄▄▄▄▄▀███▀█▀▀█ ██▀▄▀▀█ █▄▄▄█ ████
████▄▄▄▄▄▄▄█ █ █ █▄▀▄▀▄█ ▀▄█ ▀ █▄█▄▄▄▄▄▄▄████
█████▄█ ▀ ▄▀ ▄ █▀▀▄█▀ ▄ ▄▄▀▀▀ ▄ ▄  █ ▄ ▄▄████
████▄▄█▄█▀▄ ▀▄███▄▀▀ ▄██▄▄▀▀ ▄▄█▀ ██ ▄██ ████
████ █▄ █ ▄█▀ █▄ █ █▀ ▀▄ █▄█ ▄██▀▀██▀███▀████
█████ ▀▀█▀▄█ █▀▀██▀▀▀▄▀██▄▀▄▀▄▀█▀▄▀█▀▄▀▀▄████
███████▄▀█▄█▄█ █▄█▄█▄▀██▄████▀▄▄ ▄██▀█▀▄▀████
████▄█▄▀▄▄▄█▀█▄▀▀▀▄▄▀▄█▄▀▄▄█▀█▄█ █▄▀▄ ▄  ████
████▄█ ▄ ▀▄ ▄▄▀ █▀█ ▄▄█ ▄ ▀ ▄▄▀ ▄ ▀▀█▀█▀▄████
████ █▀█ █▄██▀▄█▀▀█▀▄▀▄▀ ▀█  █▄  ▀▄ █▀█▀█████
████ ▄▄ ▄ ▄█ ▀█▄ ▀ ▄  ▀▄▀▀█▄▀█▄▄▀  ▄ ▄▀▄▀████
█████ ▀██▀▄▀▄█ ▄ █  ▄█ █▄█▀▄ ▄ ▀ █▄▄  ▀█▄████
███████▄██▄█ ▀██▄███▄█▀█▄███▀▀█▄ ▄▄▄  █ ▀████
████ ▄▄▄▄▄ █▀█▄▄ █▄▀▄█▀▄ █▄▀▄█▄▄ █▄█  ██▀████
████ █   █ █▀▀ ▀ ▀  ▄▀█▀▄▀▄ ▄▀▀  ▄  ▄ █ █████
████ █▄▄▄█ █▀ ▄█▄█▄█▄▀▀▀▄▄▀█▄█▄▀▄  █▄█▀█ ████
████▄▄▄▄▄▄▄███▄█▄█▄▄▄█▄▄██▄█▄█▄███▄█▄█▄▄▄████
█████████████████████████████████████████████
▀▀▀▀▀▀▀▀▀▀▀▀▀▀▀▀▀▀▀▀▀▀▀▀▀▀▀▀▀▀▀▀▀▀▀▀▀▀▀▀▀▀▀▀▀

Server is running. Press ENTER to exit.
[Signal] Client connected 77da1630-193f-463f-856e-aa6808635339
[Cluster Signal] Applying new display config: 2 monitors @ 1366x768, 30 fps
[VDD] Physical monitor found: \\.\DISPLAY1 (1920x1080)
[VDD] Physical monitors detected: 1
[VDD] Virtual monitors needed: 1 (target total: 2)
[VDD] Set monitor count to 1 in C:\VirtualDisplayDriver\vdd_settings.xml
[VDD] Resolution already present.
[pnputil] /scan-devices
Microsoft PnP Utility

Scanning for device hardware changes.
Scan complete.


[pnputil] /enable-device "ROOT\DISPLAY\0000"
Microsoft PnP Utility

Enabling device:          ROOT\DISPLAY\0000
Device enabled successfully.


[pnputil] /scan-devices
Microsoft PnP Utility

Scanning for device hardware changes.
Scan complete.


[pnputil] /scan-devices
Microsoft PnP Utility

Scanning for device hardware changes.
Scan complete.


[Display] Setting up 3-monitor system...
[Display] Physical monitors: 2, Virtual monitors: 0
[Display] Setting \\.\DISPLAY1 [PHYSICAL] -> 1366x768@60
[Display] Setting \\.\DISPLAY31 [PHYSICAL] -> 1366x768@60
[Display] Setting \\.\DISPLAY1 as PRIMARY display
[Display] ✓ \\.\DISPLAY1 set as primary
[Display] ✓ 3-monitor system configured:
[Display]   • \\.\DISPLAY1 1366x768 [PHYSICAL] [PRIMARY]
[Display]   • \\.\DISPLAY31 1366x768 [PHYSICAL]
[Cluster Signal] Monitors after config: 2
[Cluster Signal] Using LibAv (in-process) encoder
[EncoderFactory] Creating streamer: mode=LibAv, fps=30, kbps=6000
[RTC-LibAv] Created: 30fps, 6000kbps
[RTC-LibAv] PeerConnection created
[RTC-LibAv] canSend(H264) = True
[RTC-LibAv] ice = checking
[ClusterCapture] Starting combined capture for 2 monitors
[ClusterCapture] Aligned FrameWidth to even: 2732
[ClusterCapture] Combined frame: 2732x768, 2 monitors, gap=1
[ClusterCapture] Using adapter: NVIDIA GeForce GTX 1660 Ti
[RTC-LibAv] ice = connected
[RTC-LibAv] ICE CONNECTED
[RTC-LibAv] pc.state = connecting
[RTC-LibAv] pc.state = connected
[ClusterCapture] Added monitor: \\.\DISPLAY1 at offset x=0
[ClusterCapture] Added monitor: \\.\DISPLAY31 at offset x=1367
[ClusterCapture] Initialized with 2 monitor duplications (zero-copy enabled)
[GpuColorConverter] Initialized 2732x768 BGRA->NV12 converter
[ClusterCapture] GPU color converter initialized (BGRA->NV12)
[ClusterCapture] Capture started
[ClusterCapture] Target 30fps, frame interval 33ms
[ClusterCapture] Frame #1: 2732x768 (GPU composited)
[ClusterCapture->RTC] Frame #1: 2732x768 (NV12)
[LibAvEncoder] FFmpeg path: F:\VRWorkspace Projects\RemotePlayServer\bin\release\net9.0-windows10.0.26100.0\bin
[LibAvEncoder] Using encoder: h264_nvenc
[LibAvEncoder] CUDA hardware context initialized (zero-copy enabled)
[LibAvEncoder] Using D3D11 hardware frames (zero-copy)
[LibAvEncoder] Initialized 2732x768 @ 30fps, 6000kbps (D3D11 zero-copy)
[RTC-LibAv] Encoder started 2732x768 @ 30fps 6000kbps
[RTC-LibAv] IDR frame
[RTC-LibAv] enqueue NV12 2732x768
[RTC-LibAv] q=enq:33 deq:33 sent:33
[RTC-LibAv] OUTPUT: 20.6 fps, 4244 kbps | AU=42
[ClusterCapture] Frame #60: 2732x768 (GPU composited)
[ClusterCapture->RTC] Frame #60: 2732x768 (NV12)
[RTC-LibAv] enqueue NV12 2732x768
[RTC-LibAv] IDR frame
[RTC-LibAv] q=enq:73 deq:73 sent:73
[RTC-LibAv] OUTPUT: 18.8 fps, 4085 kbps | AU=81
[RTC-LibAv] enqueue NV12 2732x768
[RTC-LibAv] q=enq:111 deq:111 sent:111
[ClusterCapture] Frame #120: 2732x768 (GPU composited)
[ClusterCapture->RTC] Frame #120: 2732x768 (NV12)
[RTC-LibAv] enqueue NV12 2732x768
[RTC-LibAv] IDR frame
[RTC-LibAv] OUTPUT: 20.3 fps, 5440 kbps | AU=122
[RTC-LibAv] enqueue NV12 2732x768
[RTC-LibAv] q=enq:151 deq:151 sent:150
[RTC-LibAv] OUTPUT: 20.4 fps, 2248 kbps | AU=163
[ClusterCapture] Frame #180: 2732x768 (GPU composited)
[ClusterCapture->RTC] Frame #180: 2732x768 (NV12)
[RTC-LibAv] enqueue NV12 2732x768
[RTC-LibAv] IDR frame
[RTC-LibAv] q=enq:191 deq:191 sent:191
[RTC-LibAv] OUTPUT: 19.5 fps, 3813 kbps | AU=203
[RTC-LibAv] enqueue NV12 2732x768
[RTC-LibAv] q=enq:230 deq:230 sent:230
[ClusterCapture] Frame #240: 2732x768 (GPU composited)
[ClusterCapture->RTC] Frame #240: 2732x768 (NV12)
[RTC-LibAv] enqueue NV12 2732x768
[RTC-LibAv] IDR frame
[RTC-LibAv] OUTPUT: 20.0 fps, 4973 kbps | AU=244
[RTC-LibAv] enqueue NV12 2732x768
[RTC-LibAv] q=enq:271 deq:271 sent:271
[RTC-LibAv] OUTPUT: 20.4 fps, 2801 kbps | AU=285
[ClusterCapture] Frame #300: 2732x768 (GPU composited)
[ClusterCapture->RTC] Frame #300: 2732x768 (NV12)
[RTC-LibAv] enqueue NV12 2732x768
[RTC-LibAv] IDR frame
[RTC-LibAv] q=enq:310 deq:310 sent:310
[RTC-LibAv] OUTPUT: 19.4 fps, 3657 kbps | AU=325
[RTC-LibAv] enqueue NV12 2732x768
[RTC-LibAv] q=enq:355 deq:355 sent:355
[ClusterCapture] Frame #360: 2732x768 (GPU composited)
[ClusterCapture->RTC] Frame #360: 2732x768 (NV12)
[RTC-LibAv] enqueue NV12 2732x768
[RTC-LibAv] IDR frame
[RTC-LibAv] OUTPUT: 23.2 fps, 5662 kbps | AU=372
[RTC-LibAv] enqueue NV12 2732x768
[RTC-LibAv] q=enq:400 deq:400 sent:399
[RTC-LibAv] OUTPUT: 20.9 fps, 3309 kbps | AU=415
[ClusterCapture] Frame #420: 2732x768 (GPU composited)
[ClusterCapture->RTC] Frame #420: 2732x768 (NV12)
[RTC-LibAv] enqueue NV12 2732x768
[RTC-LibAv] IDR frame
[RTC-LibAv] q=enq:437 deq:437 sent:437
[RTC-LibAv] enqueue NV12 2732x768
[RTC-LibAv] OUTPUT: 19.5 fps, 4296 kbps | AU=455
[RTC-LibAv] q=enq:479 deq:479 sent:479
[ClusterCapture] Frame #480: 2732x768 (GPU composited)
[ClusterCapture->RTC] Frame #480: 2732x768 (NV12)
[RTC-LibAv] enqueue NV12 2732x768
[RTC-LibAv] IDR frame
[RTC-LibAv] OUTPUT: 20.6 fps, 4352 kbps | AU=497
[RTC-LibAv] enqueue NV12 2732x768
[RTC-LibAv] q=enq:524 deq:524 sent:523
[ClusterCapture] Frame #540: 2732x768 (GPU composited)
[ClusterCapture->RTC] Frame #540: 2732x768 (NV12)
[RTC-LibAv] enqueue NV12 2732x768
[RTC-LibAv] IDR frame
[RTC-LibAv] OUTPUT: 25.3 fps, 6972 kbps | AU=548
[RTC-LibAv] enqueue NV12 2732x768
[RTC-LibAv] q=enq:577 deq:577 sent:577
[RTC-LibAv] OUTPUT: 24.3 fps, 2362 kbps | AU=597
[ClusterCapture] Frame #600: 2732x768 (GPU composited)
[ClusterCapture->RTC] Frame #600: 2732x768 (NV12)
[RTC-LibAv] enqueue NV12 2732x768
[RTC-LibAv] IDR frame
[RTC-LibAv] q=enq:625 deq:625 sent:625
[RTC-LibAv] enqueue NV12 2732x768
[RTC-LibAv] OUTPUT: 25.9 fps, 5093 kbps | AU=650
[ClusterCapture] Frame #660: 2732x768 (GPU composited)
[ClusterCapture->RTC] Frame #660: 2732x768 (NV12)
[RTC-LibAv] enqueue NV12 2732x768
[RTC-LibAv] IDR frame
[RTC-LibAv] q=enq:680 deq:680 sent:680
[RTC-LibAv] enqueue NV12 2732x768
[RTC-LibAv] OUTPUT: 26.0 fps, 5311 kbps | AU=703
[ClusterCapture] Frame #720: 2732x768 (GPU composited)
[ClusterCapture->RTC] Frame #720: 2732x768 (NV12)
[RTC-LibAv] enqueue NV12 2732x768
[RTC-LibAv] IDR frame
[RTC-LibAv] q=enq:732 deq:732 sent:732
[RTC-LibAv] enqueue NV12 2732x768
[RTC-LibAv] OUTPUT: 27.2 fps, 5434 kbps | AU=758
[ClusterCapture] Frame #780: 2732x768 (GPU composited)
[ClusterCapture->RTC] Frame #780: 2732x768 (NV12)
[RTC-LibAv] enqueue NV12 2732x768
[RTC-LibAv] IDR frame
[RTC-LibAv] q=enq:785 deq:785 sent:785
[RTC-LibAv] enqueue NV12 2732x768
[RTC-LibAv] OUTPUT: 25.7 fps, 5130 kbps | AU=810
[RTC-LibAv] q=enq:837 deq:837 sent:837
[ClusterCapture] Frame #840: 2732x768 (GPU composited)
[ClusterCapture->RTC] Frame #840: 2732x768 (NV12)
[RTC-LibAv] enqueue NV12 2732x768
[RTC-LibAv] IDR frame
[RTC-LibAv] OUTPUT: 25.9 fps, 4988 kbps | AU=862
[RTC-LibAv] enqueue NV12 2732x768
[RTC-LibAv] q=enq:891 deq:891 sent:890
[ClusterCapture] Frame #900: 2732x768 (GPU composited)
[ClusterCapture->RTC] Frame #900: 2732x768 (NV12)
[RTC-LibAv] enqueue NV12 2732x768
[RTC-LibAv] IDR frame
[RTC-LibAv] OUTPUT: 26.8 fps, 5711 kbps | AU=916
[RTC-LibAv] enqueue NV12 2732x768
[RTC-LibAv] q=enq:943 deq:943 sent:943
[ClusterCapture] Frame #960: 2732x768 (GPU composited)
[ClusterCapture->RTC] Frame #960: 2732x768 (NV12)
[RTC-LibAv] enqueue NV12 2732x768
[RTC-LibAv] IDR frame
[RTC-LibAv] OUTPUT: 26.8 fps, 5737 kbps | AU=970
[RTC-LibAv] enqueue NV12 2732x768
[RTC-LibAv] q=enq:1002 deq:1002 sent:1001
[ClusterCapture] Frame #1020: 2732x768 (GPU composited)
[ClusterCapture->RTC] Frame #1020: 2732x768 (NV12)
[RTC-LibAv] enqueue NV12 2732x768
[RTC-LibAv] IDR frame
[RTC-LibAv] OUTPUT: 25.8 fps, 6155 kbps | AU=1022
[API] Cursor visibility set to: False
[RTC-LibAv] enqueue NV12 2732x768
[RTC-LibAv] q=enq:1054 deq:1054 sent:1054
[ClusterCapture] Frame #1080: 2732x768 (GPU composited)
[ClusterCapture->RTC] Frame #1080: 2732x768 (NV12)
[RTC-LibAv] enqueue NV12 2732x768
[RTC-LibAv] IDR frame
[RTC-LibAv] OUTPUT: 30.4 fps, 5935 kbps | AU=1083
[RTC-LibAv] enqueue NV12 2732x768
[RTC-LibAv] q=enq:1113 deq:1113 sent:1112
[ClusterCapture] Frame #1140: 2732x768 (GPU composited)
[ClusterCapture->RTC] Frame #1140: 2732x768 (NV12)
[RTC-LibAv] enqueue NV12 2732x768
[RTC-LibAv] OUTPUT: 28.7 fps, 5817 kbps | AU=1141
[RTC-LibAv] IDR frame
[RTC-LibAv] enqueue NV12 2732x768
[RTC-LibAv] q=enq:1173 deq:1173 sent:1173
[ClusterCapture] Frame #1200: 2732x768 (GPU composited)
[ClusterCapture->RTC] Frame #1200: 2732x768 (NV12)
[RTC-LibAv] enqueue NV12 2732x768
[RTC-LibAv] OUTPUT: 29.3 fps, 4296 kbps | AU=1200
[RTC-LibAv] IDR frame
[RTC-LibAv] enqueue NV12 2732x768
[RTC-LibAv] q=enq:1230 deq:1230 sent:1230
[RTC-LibAv] OUTPUT: 28.9 fps, 5797 kbps | AU=1258
[ClusterCapture] Frame #1260: 2732x768 (GPU composited)
[ClusterCapture->RTC] Frame #1260: 2732x768 (NV12)
[RTC-LibAv] enqueue NV12 2732x768
[RTC-LibAv] IDR frame
[RTC-LibAv] q=enq:1288 deq:1288 sent:1287
[RTC-LibAv] enqueue NV12 2732x768
[RTC-LibAv] OUTPUT: 29.3 fps, 5959 kbps | AU=1317
[ClusterCapture] Frame #1320: 2732x768 (GPU composited)
[ClusterCapture->RTC] Frame #1320: 2732x768 (NV12)
[RTC-LibAv] enqueue NV12 2732x768
[RTC-LibAv] IDR frame
[RTC-LibAv] q=enq:1347 deq:1347 sent:1347
[RTC-LibAv] enqueue NV12 2732x768
[RTC-LibAv] OUTPUT: 28.2 fps, 5642 kbps | AU=1374
[ClusterCapture] Frame #1380: 2732x768 (GPU composited)
[ClusterCapture->RTC] Frame #1380: 2732x768 (NV12)
[RTC-LibAv] enqueue NV12 2732x768
[RTC-LibAv] IDR frame
[RTC-LibAv] q=enq:1402 deq:1402 sent:1402
[RTC-LibAv] enqueue NV12 2732x768
[RTC-LibAv] OUTPUT: 28.1 fps, 5544 kbps | AU=1431
[ClusterCapture] Frame #1440: 2732x768 (GPU composited)
[ClusterCapture->RTC] Frame #1440: 2732x768 (NV12)
[RTC-LibAv] enqueue NV12 2732x768
[RTC-LibAv] IDR frame
[RTC-LibAv] q=enq:1460 deq:1460 sent:1459
[RTC-LibAv] enqueue NV12 2732x768
[RTC-LibAv] OUTPUT: 28.6 fps, 5702 kbps | AU=1489
[ClusterCapture] Frame #1500: 2732x768 (GPU composited)
[ClusterCapture->RTC] Frame #1500: 2732x768 (NV12)
[RTC-LibAv] enqueue NV12 2732x768
[RTC-LibAv] IDR frame
[RTC-LibAv] q=enq:1519 deq:1519 sent:1519
[RTC-LibAv] enqueue NV12 2732x768
[RTC-LibAv] OUTPUT: 30.1 fps, 6082 kbps | AU=1550
[ClusterCapture] Frame #1560: 2732x768 (GPU composited)
[ClusterCapture->RTC] Frame #1560: 2732x768 (NV12)
[RTC-LibAv] enqueue NV12 2732x768
[RTC-LibAv] IDR frame
[RTC-LibAv] q=enq:1578 deq:1578 sent:1578
[RTC-LibAv] enqueue NV12 2732x768
[RTC-LibAv] OUTPUT: 28.5 fps, 5678 kbps | AU=1608
[ClusterCapture] Frame #1620: 2732x768 (GPU composited)
[ClusterCapture->RTC] Frame #1620: 2732x768 (NV12)
[RTC-LibAv] enqueue NV12 2732x768
[RTC-LibAv] IDR frame
[RTC-LibAv] q=enq:1635 deq:1635 sent:1635
[RTC-LibAv] enqueue NV12 2732x768
[RTC-LibAv] OUTPUT: 29.0 fps, 5873 kbps | AU=1666
[ClusterCapture] Frame #1680: 2732x768 (GPU composited)
[ClusterCapture->RTC] Frame #1680: 2732x768 (NV12)
[RTC-LibAv] enqueue NV12 2732x768
[RTC-LibAv] IDR frame
[RTC-LibAv] q=enq:1694 deq:1694 sent:1694
[RTC-LibAv] enqueue NV12 2732x768
[RTC-LibAv] OUTPUT: 30.0 fps, 5850 kbps | AU=1727
[ClusterCapture] Frame #1740: 2732x768 (GPU composited)
[ClusterCapture->RTC] Frame #1740: 2732x768 (NV12)
[RTC-LibAv] enqueue NV12 2732x768
[RTC-LibAv] IDR frame
[RTC-LibAv] q=enq:1754 deq:1754 sent:1754
[RTC-LibAv] enqueue NV12 2732x768
[RTC-LibAv] OUTPUT: 29.5 fps, 5912 kbps | AU=1787
[ClusterCapture] Frame #1800: 2732x768 (GPU composited)
[ClusterCapture->RTC] Frame #1800: 2732x768 (NV12)
[RTC-LibAv] enqueue NV12 2732x768
[RTC-LibAv] IDR frame
[RTC-LibAv] q=enq:1814 deq:1814 sent:1814
[RTC-LibAv] enqueue NV12 2732x768
[RTC-LibAv] OUTPUT: 29.7 fps, 6114 kbps | AU=1847
[ClusterCapture] Frame #1860: 2732x768 (GPU composited)
[ClusterCapture->RTC] Frame #1860: 2732x768 (NV12)
[RTC-LibAv] enqueue NV12 2732x768
[RTC-LibAv] IDR frame
[RTC-LibAv] q=enq:1872 deq:1872 sent:1871
[RTC-LibAv] enqueue NV12 2732x768
[RTC-LibAv] OUTPUT: 28.7 fps, 5619 kbps | AU=1905
[ClusterCapture] Frame #1920: 2732x768 (GPU composited)
[ClusterCapture->RTC] Frame #1920: 2732x768 (NV12)
[RTC-LibAv] enqueue NV12 2732x768
[RTC-LibAv] IDR frame
[RTC-LibAv] q=enq:1931 deq:1931 sent:1931
[RTC-LibAv] enqueue NV12 2732x768
[RTC-LibAv] OUTPUT: 28.9 fps, 5716 kbps | AU=1963
[ClusterCapture] Frame #1980: 2732x768 (GPU composited)
[ClusterCapture->RTC] Frame #1980: 2732x768 (NV12)
[RTC-LibAv] enqueue NV12 2732x768
[RTC-LibAv] IDR frame
[RTC-LibAv] q=enq:1990 deq:1990 sent:1990
[RTC-LibAv] enqueue NV12 2732x768
[RTC-LibAv] OUTPUT: 28.9 fps, 5836 kbps | AU=2021
[ClusterCapture] Frame #2040: 2732x768 (GPU composited)
[ClusterCapture->RTC] Frame #2040: 2732x768 (NV12)
[RTC-LibAv] enqueue NV12 2732x768
[RTC-LibAv] IDR frame
[RTC-LibAv] q=enq:2046 deq:2046 sent:2046
[RTC-LibAv] enqueue NV12 2732x768
[RTC-LibAv] OUTPUT: 30.0 fps, 5985 kbps | AU=2081
[ClusterCapture] Frame #2100: 2732x768 (GPU composited)
[ClusterCapture->RTC] Frame #2100: 2732x768 (NV12)
[RTC-LibAv] enqueue NV12 2732x768
[RTC-LibAv] IDR frame
[RTC-LibAv] q=enq:2106 deq:2106 sent:2106
[RTC-LibAv] enqueue NV12 2732x768
[RTC-LibAv] OUTPUT: 29.9 fps, 6020 kbps | AU=2141
[ClusterCapture] Frame #2160: 2732x768 (GPU composited)
[ClusterCapture->RTC] Frame #2160: 2732x768 (NV12)
[RTC-LibAv] enqueue NV12 2732x768
[RTC-LibAv] IDR frame
[RTC-LibAv] q=enq:2167 deq:2167 sent:2167
[RTC-LibAv] enqueue NV12 2732x768
[RTC-LibAv] OUTPUT: 29.5 fps, 5891 kbps | AU=2201
[ClusterCapture] Frame #2220: 2732x768 (GPU composited)
[ClusterCapture->RTC] Frame #2220: 2732x768 (NV12)
[RTC-LibAv] enqueue NV12 2732x768
[RTC-LibAv] IDR frame
[RTC-LibAv] q=enq:2227 deq:2227 sent:2227
[RTC-LibAv] enqueue NV12 2732x768
[RTC-LibAv] OUTPUT: 29.9 fps, 5891 kbps | AU=2262
[ClusterCapture] Frame #2280: 2732x768 (GPU composited)
[ClusterCapture->RTC] Frame #2280: 2732x768 (NV12)
[RTC-LibAv] enqueue NV12 2732x768
[RTC-LibAv] IDR frame
[RTC-LibAv] q=enq:2286 deq:2286 sent:2286
[RTC-LibAv] enqueue NV12 2732x768
[RTC-LibAv] OUTPUT: 29.3 fps, 5885 kbps | AU=2321
[ClusterCapture] Frame #2340: 2732x768 (GPU composited)
[ClusterCapture->RTC] Frame #2340: 2732x768 (NV12)
[RTC-LibAv] enqueue NV12 2732x768
[RTC-LibAv] IDR frame
[RTC-LibAv] q=enq:2342 deq:2342 sent:2342
[RTC-LibAv] enqueue NV12 2732x768
[RTC-LibAv] OUTPUT: 28.3 fps, 5683 kbps | AU=2379
[ClusterCapture] Frame #2400: 2732x768 (GPU composited)
[ClusterCapture->RTC] Frame #2400: 2732x768 (NV12)
[RTC-LibAv] enqueue NV12 2732x768
[RTC-LibAv] q=enq:2400 deq:2400 sent:2400
[RTC-LibAv] IDR frame
[RTC-LibAv] enqueue NV12 2732x768
[RTC-LibAv] OUTPUT: 28.4 fps, 5799 kbps | AU=2436
[RTC-LibAv] q=enq:2457 deq:2457 sent:2457
[ClusterCapture] Frame #2460: 2732x768 (GPU composited)
[ClusterCapture->RTC] Frame #2460: 2732x768 (NV12)
[RTC-LibAv] enqueue NV12 2732x768
[RTC-LibAv] IDR frame
[RTC-LibAv] enqueue NV12 2732x768
[RTC-LibAv] OUTPUT: 27.7 fps, 5457 kbps | AU=2493
[RTC-LibAv] q=enq:2511 deq:2511 sent:2511
[ClusterCapture] Frame #2520: 2732x768 (GPU composited)
[ClusterCapture->RTC] Frame #2520: 2732x768 (NV12)
[RTC-LibAv] enqueue NV12 2732x768
[RTC-LibAv] IDR frame
[RTC-LibAv] OUTPUT: 26.9 fps, 5518 kbps | AU=2548
[RTC-LibAv] enqueue NV12 2732x768
[RTC-LibAv] q=enq:2568 deq:2568 sent:2568
[ClusterCapture] Frame #2580: 2732x768 (GPU composited)
[ClusterCapture->RTC] Frame #2580: 2732x768 (NV12)
[RTC-LibAv] enqueue NV12 2732x768
[RTC-LibAv] IDR frame
[RTC-LibAv] OUTPUT: 29.3 fps, 5886 kbps | AU=2607
[RTC-LibAv] enqueue NV12 2732x768
[RTC-LibAv] q=enq:2627 deq:2627 sent:2627
[ClusterCapture] Frame #2640: 2732x768 (GPU composited)
[ClusterCapture->RTC] Frame #2640: 2732x768 (NV12)
[RTC-LibAv] enqueue NV12 2732x768
[RTC-LibAv] IDR frame
[RTC-LibAv] OUTPUT: 29.3 fps, 5873 kbps | AU=2666
[RTC-LibAv] enqueue NV12 2732x768
[RTC-LibAv] q=enq:2683 deq:2683 sent:2683
[ClusterCapture] Frame #2700: 2732x768 (GPU composited)
[ClusterCapture->RTC] Frame #2700: 2732x768 (NV12)
[RTC-LibAv] enqueue NV12 2732x768
[RTC-LibAv] IDR frame
[RTC-LibAv] OUTPUT: 27.0 fps, 5112 kbps | AU=2721
[RTC-LibAv] enqueue NV12 2732x768
[RTC-LibAv] q=enq:2740 deq:2740 sent:2740
[ClusterCapture] Frame #2760: 2732x768 (GPU composited)
[ClusterCapture->RTC] Frame #2760: 2732x768 (NV12)
[RTC-LibAv] enqueue NV12 2732x768
[RTC-LibAv] IDR frame
[RTC-LibAv] OUTPUT: 29.7 fps, 5915 kbps | AU=2781
[RTC-LibAv] enqueue NV12 2732x768
[RTC-LibAv] q=enq:2801 deq:2801 sent:2800
[ClusterCapture] Frame #2820: 2732x768 (GPU composited)
[ClusterCapture->RTC] Frame #2820: 2732x768 (NV12)
[RTC-LibAv] enqueue NV12 2732x768
[RTC-LibAv] IDR frame
[RTC-LibAv] OUTPUT: 29.7 fps, 5952 kbps | AU=2841
[RTC-LibAv] enqueue NV12 2732x768
[RTC-LibAv] q=enq:2861 deq:2861 sent:2861
[ClusterCapture] Frame #2880: 2732x768 (GPU composited)
[ClusterCapture->RTC] Frame #2880: 2732x768 (NV12)
[RTC-LibAv] enqueue NV12 2732x768
[RTC-LibAv] IDR frame
[RTC-LibAv] OUTPUT: 29.3 fps, 5951 kbps | AU=2900
[RTC-LibAv] enqueue NV12 2732x768
[RTC-LibAv] q=enq:2918 deq:2918 sent:2918
[ClusterCapture] Frame #2940: 2732x768 (GPU composited)
[ClusterCapture->RTC] Frame #2940: 2732x768 (NV12)
[RTC-LibAv] enqueue NV12 2732x768
[RTC-LibAv] IDR frame
[RTC-LibAv] OUTPUT: 29.0 fps, 5973 kbps | AU=2959
[RTC-LibAv] enqueue NV12 2732x768
[RTC-LibAv] q=enq:2977 deq:2977 sent:2977
[ClusterCapture] Frame #3000: 2732x768 (GPU composited)
[ClusterCapture->RTC] Frame #3000: 2732x768 (NV12)
[RTC-LibAv] enqueue NV12 2732x768
[RTC-LibAv] IDR frame
[RTC-LibAv] OUTPUT: 29.8 fps, 6126 kbps | AU=3019
[RTC-LibAv] enqueue NV12 2732x768
[RTC-LibAv] q=enq:3037 deq:3037 sent:3036
[ClusterCapture] Frame #3060: 2732x768 (GPU composited)
[ClusterCapture->RTC] Frame #3060: 2732x768 (NV12)
[RTC-LibAv] enqueue NV12 2732x768
[RTC-LibAv] IDR frame
[RTC-LibAv] OUTPUT: 29.3 fps, 5623 kbps | AU=3078
[RTC-LibAv] enqueue NV12 2732x768
[RTC-LibAv] q=enq:3096 deq:3096 sent:3096
[ClusterCapture] Frame #3120: 2732x768 (GPU composited)
[ClusterCapture->RTC] Frame #3120: 2732x768 (NV12)
[RTC-LibAv] enqueue NV12 2732x768
[RTC-LibAv] IDR frame
[LibAvEncoder] Disposed
[RTC-LibAv] pc.state = closed
[ClusterCapture] Capture stopped
[ClusterCapture] Capture stopped
[Guard] Restoring display settings after client disconnect...
[Guard] RestoreAndCleanupWithTimeout called...
[Guard] SnapshotPath exists: True
[Guard] Attempting to disable VDD...
[Guard] ForceDisableVdd: Finding VDD instance...
[Guard] ForceDisableVdd: Found VDD ID: ROOT\DISPLAY\0000
[Guard] ForceDisableVdd: VDD is currently ENABLED
[Guard] ForceDisableVdd: Physical monitors: \\.\DISPLAY1, \\.\DISPLAY31
[Guard] ForceDisableVdd: Setting \\.\DISPLAY1 as primary...
[Guard] ForceDisableVdd: Disabling VDD...
[pnputil] /disable-device "ROOT\DISPLAY\0000"
Microsoft PnP Utility

Disabling device:          ROOT\DISPLAY\0000
Device disabled successfully.


[Guard] ForceDisableVdd: ✓ VDD disabled successfully!
[Guard] Restoring original state before exit...
[Guard] Monitor modes restored.
[Guard] Taskbar multi-monitor flag restored to 1.
[Guard] ℹ️ Taskbar setting will apply automatically (no Explorer restart needed).
[Guard] Restoring original text size...
[Guard] ✓ Text size restored successfully.
[Guard] Restoring per-monitor text scale...
[Guard] Restoring text scale for virtual monitor: \\.\DISPLAY1
[TextScale] Removed custom DPI for \\.\DISPLAY1
[TextScale] Enhanced broadcast refresh completed.
[Guard] ✓ Virtual monitor text scale restored to 100%
[Guard] Per-monitor text scale restoration completed.
[Guard] Allowing system to settle after restore...
[Guard] ✅ All settings restored and system settled.
[Guard] Restore done.
[Guard] Display settings restored.
[Signal] Cluster client disconnected 77da1630-193f-463f-856e-aa6808635339
