=== RemotePlayServer ===
[System] Running as Administrator: YES
[System] Process: C:\Users\super\OneDrive\Documents\VRWorkspaceProjects\RemotePlayServer\bin\release\net9.0-windows10.0.26100.0\RemotePlayServer.exe
[System] Local IP: 192.168.1.3
[Encoder] AMD AMF (Hardware)
[TextScale] Registry DPI for \\.\DISPLAY2: 120
[Guard] Saved original text scale for \\.\DISPLAY2: 125%
[TextScale] Actual DPI for \\.\DISPLAY1: 96
[Guard] Saved original text scale for \\.\DISPLAY1: 100%
[Guard] Snapshot captured.
=== Monitors ===
  \\.\DISPLAY2: 1920x1080 [Physical]
  \\.\DISPLAY1: 1920x1080 [Physical]
[HTTP] http://+:8288/
[HTTP] Server: 192.168.1.3:8288

=== QRCode (Scan to connect) ===
Data: {"ip":"192.168.1.3","port":8288,"monitors":[{"id":0,"name":"\\\\.\\DISPLAY2","w":1920,"h":1080},{"id":1,"name":"\\\\.\\DISPLAY1","w":1920,"h":1080}]}
█████████████████████████████████████████████████████
█████████████████████████████████████████████████████
████ ▄▄▄▄▄ █ ▀▄ █ ▄▀▀▄▄▀▄▄█▄▄▄▀ ▄ ▀▀▄▄█▀▄█ ▄▄▄▄▄ ████
████ █   █ █ █ ▄█▀▄▄ ▀ █▄▀██▀█▀█ █ ▀█▄█ ▀█ █   █ ████
████ █▄▄▄█ █▄▀ ▀▄▄▀▄███▄ ▄▄▄ ██▀▄▄▀▀▀▀▄▄▄█ █▄▄▄█ ████
████▄▄▄▄▄▄▄█ █▄▀▄▀ █▄█▄█ █▄█ █▄▀▄█▄▀ ▀ ▀ █▄▄▄▄▄▄▄████
█████▄▀▄█▄▄▀▄▄▀ ▄▄ █▀▄█▄   ▄▄  ▄█ ██▄ █▀▄  █  ▄▄ ████
█████▀   █▄    █ █  █▀▄▄ ▄▄▄▄ █▀███▄▀▄ ▄▄▄█▄▄▀▄ ▀████
████ ▄▀ ▀▀▄ ▀ █▀ ▀  ▀▀▄█▀█  ▄█▀█▀▄▀▄ ▄▄ ▀ █ ▄▀█▀█████
████▄ ▀▀█ ▄██▀▀ ▀█ ██ ▀▀██ ██▀▄▀██ ▄▄▀▀▀▀▀▀██▀ ▀█████
████▀███▀█▄█▄▀█▄███▄▄███▀▀▀▄▄█▀█▀▀▄▄ █ ▄ ▀█▄▄█ █▀████
█████ █▄█▄▄▀▄▀▀█ █▄  ▀ █▄ █ ▄▀█▄▄ ▄▀▄▀█  ▄▀▄▄▀▀▄ ████
████▀█   ▄▄▄ ▀ ▀█▀ ▀▀  ▀ ▄▄▄  ▄▀ ▀█▀▀ ▀  ▄▄▄ ▄█ ▀████
████▀██▄ █▄█  ▄▀▄█▄█ ▀▀▀ █▄█ ▄▄▀▀▄▄▀█ █  █▄█ █▄█ ████
████▀ ▀▄  ▄▄ █▄ █▀▄▄▄▄  ▄ ▄▄▄ ▀▄ ▀ ▄ ▀▀▄   ▄ █▄▄▄████
████▀ ▄█▀█▄█▄█▄ ▀▀█▀▄▀▄██▀█▄▄█▀▄█▀█ ▄▀▄█▄▀█ ▄█▄██████
████▄▀█▀ ▄▄▄█▄  ▀▀▄▄███▀▀█▄ ██▄███ ▄█ ▄███▄ ▀ ▄██████
████▄█▄ ▄▀▄▀▄▄██ ▄█▀▄▄█▄▄▄▀▀▄▄█▄█ █▄█▄▀▀█▄█▀ ▄█ █████
████ ▀ █▄▄▄ ▀▀  █ ▀▄▀   ▀█  ▀▄█ ██▀ ▀█▀▄▀  ▄█▄█ ▀████
█████▀▀▀ █▄▀▄█ ▄▄█  ▀█▄▀ ▀ █▄█▄ ██▄▀██ ▀██   ▀▄█▄████
████▄██▄▄█▄█▀▄▀▄█▄ █▀▄▀█ ▄▄▄ ▄▄ ▀▄█ ▄ █  ▄▄▄ █▄▄▄████
████ ▄▄▄▄▄ █▀▀▄▀ ▀ ▀▀▀   █▄█ ▄▀ █ █ ▀▀▀▄ █▄█ ▄▀█ ████
████ █   █ █▀▄▄▄▀█▄▄█▄▀▄ ▄▄▄ █ █ ██▄▄██▄ ▄▄▄ ▄███████
████ █▄▄▄█ █▀▀▀ █ ▄▄█▄ ▄█▄█ ▀█▄ █▀▀▄█ ▀ ▀▄█▄▀ ▄▄▀████
████▄▄▄▄▄▄▄██▄██▄▄█▄█▄█▄█▄█▄█▄█▄▄▄█▄█▄███▄██▄█▄██████
█████████████████████████████████████████████████████
▀▀▀▀▀▀▀▀▀▀▀▀▀▀▀▀▀▀▀▀▀▀▀▀▀▀▀▀▀▀▀▀▀▀▀▀▀▀▀▀▀▀▀▀▀▀▀▀▀▀▀▀▀

Server is running. Press ENTER to exit.
[Signal] Client connected d8c846ec-f7cf-4e96-8750-2f1b7d8c3d3f, protocol=v2
[Protocol] Client d8c846ec-f7cf-4e96-8750-2f1b7d8c3d3f connected from 192.168.1.7 (v2 protocol)
[Protocol] Phase changed to: Phase1_HardwareDetect
[Protocol] Phase 1: Gathering hardware info...
[HardwareInfo] DXGI VRAM: 8573157376 bytes = 8176 MB
[GpuVendorDetector] Detected AMD GPU: AMD Radeon RX 7600
[HardwareInfo] DXGI VRAM: 8573157376 bytes = 8176 MB
[HardwareInfo] SetDllDirectory: C:\Users\super\OneDrive\Documents\VRWorkspaceProjects\RemotePlayServer\bin\release\net9.0-windows10.0.26100.0\bin
[HardwareInfo] FFmpeg.RootPath: C:\Users\super\OneDrive\Documents\VRWorkspaceProjects\RemotePlayServer\bin\release\net9.0-windows10.0.26100.0\bin
[HardwareInfo] Added to PATH: C:\Users\super\OneDrive\Documents\VRWorkspaceProjects\RemotePlayServer\bin\release\net9.0-windows10.0.26100.0\bin
[HardwareInfo] HEVC encoder 'hevc_amf': available
[HardwareInfo] Encoder: AMF, HwAccel: True, HEVC: True, Codecs: [H264, H265]
[Protocol] Sent hardware info to client
[Protocol] Waiting for hardware_info_ack...
[Protocol] WaitForHardwareAck received: len=172, text={"type":"hardware_info_ack","clientCodecs":{"supportedCodecs":["H264","VP9","VP8"],"preferredCodec":...
[Protocol] WaitForHardwareAck msgType=hardware_info_ack
[Protocol] Client codec capabilities: HEVC=False, preferred=H264, device=vivo V2352GA
[Protocol] Encoder libvpx-vp9: available
[Protocol] Encoder libvpx: available
[Protocol] Server supported codecs: [H264, H265, VP9, VP8]
[Protocol] Client supported codecs: [H264, VP9, VP8]
[Protocol] Codec negotiation: selected H264
[Protocol] Received hardware_info_ack
[Protocol] Phase changed to: Phase1_SpeedTest
[Protocol] Phase 1: Waiting for client speed test result...
[Protocol] WaitForSpeedTest received: type=speedtest_request, len=69
[Protocol] Processing speedtest_request...
[Protocol] Handling speedtest_request: direction=download, duration=2000ms
[Protocol] Download test complete: sent 40MB in 2225ms = 150.8 Mbps
[Protocol] speedtest_request handled, continuing to wait...
[Protocol] WaitForSpeedTest received: type=speedtest_result, len=82
[Protocol] Processing speedtest_result...
[Protocol] speedtest_result parsed: 138.2Mbps, 43.4ms
[Protocol] ✓ Received speedtest_result from client: 138.2Mbps, 43.4ms ping
[Protocol] Calculating suggested config...
[Protocol] Sending suggested_config: 3x1600x900@45fps, bitrate=15000kbps, codec=H264
[Protocol] ✓ suggested_config sent successfully
[Protocol] Phase changed to: Phase1_WaitingProceed
[Protocol] Phase 1: Waiting for client proceed...
[Protocol] WaitForProceed received: ping:1767547308129...
[Protocol] WaitForProceed received: ping:1767547310159...
[Protocol] WaitForProceed received: ping:1767547312180...
[Protocol] WaitForProceed received: ping:1767547314204...
[Protocol] WaitForProceed received: ping:1767547316229...
[Protocol] WaitForProceed received: ping:1767547318255...
[Protocol] WaitForProceed received: ping:1767547320274...
[Protocol] WaitForProceed received: {"type":"proceed","phase":2}...
[Protocol] Received proceed message, phase=2, expected=2
[Protocol] Phase 1 complete, proceeding to Phase 2
[Protocol] Phase changed to: Phase2_ApplyConfig
[Protocol] Phase 2: Waiting for display config...
[Protocol] WaitForDisplayConfig received: {"type":"display_config","monitors":2,"resolution":{"w":1920,"h":1080},"refreshRate":60,"bitrateKbps...
[Protocol] Received display config: 2x1920x1080@60fps
[Protocol] Applying new display config: 2 monitors @ 1920x1080
[VDD] Physical monitor found: \\.\DISPLAY2 (1920x1080)
[VDD] Physical monitor found: \\.\DISPLAY1 (1920x1080)
[VDD] Physical monitors detected: 2
[VDD] Virtual monitors needed: 0 (target total: 2)
[VDD] No virtual monitors needed - you already have 3+ physical monitors.
[Display] Setting up 3-monitor system...
[Display] Physical monitors: 2, Virtual monitors: 0
[Display] Setting \\.\DISPLAY2 [PHYSICAL] -> 1920x1080@60
[Display] Setting \\.\DISPLAY1 [PHYSICAL] -> 1920x1080@60
[Display] Setting \\.\DISPLAY2 as PRIMARY display
[Display] ✓ \\.\DISPLAY2 set as primary
[Display] ✓ 3-monitor system configured:
[Display]   • \\.\DISPLAY2 1920x1080 [PHYSICAL] [PRIMARY]
[Display]   • \\.\DISPLAY1 1920x1080 [PHYSICAL]
[Display] Setting Windows Text Scale to 125%...
[Display] ✓ Text Scale set to 125%
[Protocol] Available monitors: 2, using: 2
[PerMonitorCapture] Initializing 2 monitors @ 60fps (PARALLEL MODE - separate D3D11 devices)
[PerMonitorCapture] Monitor 0: Created D3D11 device (adapter=AMD Radeon RX 7600)
[PerMonitorCapture] Monitor 0: \\.\DISPLAY2 1920x1080 - duplication ready
[PerMonitorCapture] Monitor 1: Created D3D11 device (adapter=AMD Radeon RX 7600)
[PerMonitorCapture] Monitor 1: \\.\DISPLAY1 1920x1080 - duplication ready
[PerMonitorCapture] Initialized 2 monitors with SEPARATE D3D11 devices
[Protocol] Creating SIPSorceryStreamer
[SIPSorcery] Created: 2 monitors, 60fps, 15000kbps
[SIPSorcery] Stored pending device for monitor 0
[Protocol] Monitor 0: Using dedicated D3D11 device
[SIPSorcery] Stored pending device for monitor 1
[Protocol] Monitor 1: Using dedicated D3D11 device
[Protocol] Sent config_complete, ready for ICE exchange
[Protocol] Phase changed to: Phase2_IceExchange
[Protocol] Starting ICE exchange...
[Protocol] ICE RX: ping:1767547322301...
[Protocol] ICE legacy format message
[Protocol] ICE RX: ping:1767547324320...
[Protocol] ICE legacy format message
[Protocol] ICE RX: ping:1767547326341...
[Protocol] ICE legacy format message
[Protocol] ICE RX: {"type":"candidate","monitorIndex":0,"candidate":"127433683 1 udp 2122194687 192...
[Protocol] ICE message type: candidate
[Protocol] ICE RX: {"type":"candidate","monitorIndex":0,"candidate":"1690960714 1 udp 2122129151 5....
[Protocol] ICE message type: candidate
[Protocol] ICE RX: {"type":"candidate","monitorIndex":0,"candidate":"1282106625 1 udp 2122262783 24...
[Protocol] ICE message type: candidate
[Protocol] ICE RX: {"type":"candidate","monitorIndex":0,"candidate":"127433683 1 udp 2122194687 192...
[Protocol] ICE message type: candidate
[Protocol] ICE RX: {"type":"candidate","monitorIndex":0,"candidate":"1690960714 1 udp 2122129151 5....
[Protocol] ICE message type: candidate
[Protocol] ICE RX: {"type":"candidate","monitorIndex":0,"candidate":"1282106625 1 udp 2122262783 24...
[Protocol] ICE message type: candidate
[Protocol] ICE RX: {"type":"offer","monitorIndex":0,"sdp":"v=0\r\no=- 8725950818630510044 2 IN IP4 ...
[Protocol] ICE message type: offer
[Protocol] Received single offer for all monitors
[Protocol] Cleared answer state, preserved 6 pending ICE candidates
[Protocol] Parsed H264 PT from offer: 124
[SIPSorcery] Processing offer for 2 monitors
[SIPSorcery] Offer H264 pt=124, fmtp=implementation_name=MediaCodec;level-asymmetry-allowed=1;packetization-mode=1;profile-level-id=42e01f
[SIPSorcery] Client SDP: a=fingerprint:sha-256 96:A9:4E:D5:3F:AB:66:C4:5D:F5:5B:BA:4D:CC:4D:A1:6B:E9:50:4E:27:34:D1:94:25:C0:17:19:2A:2C:B4:D9
[SIPSorcery] Client SDP: a=setup:actpass
[SIPSorcery] Client SDP: a=fingerprint:sha-256 96:A9:4E:D5:3F:AB:66:C4:5D:F5:5B:BA:4D:CC:4D:A1:6B:E9:50:4E:27:34:D1:94:25:C0:17:19:2A:2C:B4:D9
[SIPSorcery] Client SDP: a=setup:actpass
[SIPSorcery] PeerConnection created (with STUN)
[SIPSorcery] Added track 0: 1920x1080
[SIPSorcery] Added track 1: 1920x1080
[SIPSorcery] ICE state: checking
[SIPSorcery] Signaling state: have_remote_offer
[SIPSorcery] Local ICE: 1173202931 1 udp 2113940223 2402:800:610d:cef6:25e...
[SIPSorcery] Local ICE: 3734980482 1 udp 2113940223 2402:800:610d:cef6:ec9...
[SIPSorcery] Local ICE: 2022682415 1 udp 2113937663 192.168.1.3 60578 typ ...
[SIPSorcery] Signaling state: stable
[SIPSorcery] Fixed DTLS setup: active -> passive (answerer must be passive)
[SIPSorcery] SDP: a=fingerprint:sha-256 83:18:6A:F9:27:A6:DD:EE:C2:BA:94:E8:28:19:DB:66:D2:75:46:2B:28:8B:A3:A9:EC:B1:67:E7:D0:A6:F6:11
[SIPSorcery] SDP: a=setup:passive
[SIPSorcery] SDP: a=fingerprint:sha-256 83:18:6A:F9:27:A6:DD:EE:C2:BA:94:E8:28:19:DB:66:D2:75:46:2B:28:8B:A3:A9:EC:B1:67:E7:D0:A6:F6:11
[SIPSorcery] SDP: a=setup:passive
[SIPSorcery] Answer ready, 1267 bytes
[Protocol] SDP filtered m=video: m=video 9 UDP/TLS/RTP/SAVPF 124
[Protocol] SDP kept: a=rtpmap:124 H264/90000
[Protocol] SDP kept: a=fmtp:124 implementation_name=MediaCodec;level-asymmetry-allowed=1;packetization-mode=1;profile-level-id=420428
[Protocol] SDP filtered m=video: m=video 9 UDP/TLS/RTP/SAVPF 124
[Protocol] SDP kept: a=rtpmap:124 H264/90000
[Protocol] SDP kept: a=fmtp:124 implementation_name=MediaCodec;level-asymmetry-allowed=1;packetization-mode=1;profile-level-id=420428
[Protocol] Filtered SDP from 1267 to 1267 bytes
[Protocol] Extracted 1 embedded ICE candidates from answer
[Protocol] Answer JSON: {"type":"answer","monitorIndex":0,"sdp":"v=0\r\no=- 11156 0 IN IP4 127.0.0.1\r\ns=sipsorcery\r\nt=0 0\r\na=group:BUNDLE 0 1\r\nm=video 9 UDP/TLS/RTP/S...
[Protocol] Sent single answer, len=1299 bytes
[Protocol] Sent extracted ICE candidate: candidate:2022682415 1 udp 2113937663 192.168.1.3 60578 typ ...
[Protocol] Applying 6 pending ICE candidates
[SIPSorcery] Added remote ICE: candidate:127433683 1 udp 2122194687 192.168.1.7 5...
[Protocol] Applied pending ICE: 127433683 1 udp 2122194687 192.168.1.7 53139 typ h...
[SIPSorcery] Added remote ICE: candidate:1690960714 1 udp 2122129151 5.18.201.43 ...
[Protocol] Applied pending ICE: 1690960714 1 udp 2122129151 5.18.201.43 47867 typ ...
[SIPSorcery] Added remote ICE: candidate:1282106625 1 udp 2122262783 2402:800:610...
[Protocol] Applied pending ICE: 1282106625 1 udp 2122262783 2402:800:610d:cef6:e81...
[SIPSorcery] Added remote ICE: candidate:127433683 1 udp 2122194687 192.168.1.7 3...
[Protocol] Applied pending ICE: 127433683 1 udp 2122194687 192.168.1.7 38900 typ h...
[SIPSorcery] Added remote ICE: candidate:1690960714 1 udp 2122129151 5.18.201.43 ...
[Protocol] Applied pending ICE: 1690960714 1 udp 2122129151 5.18.201.43 42643 typ ...
[SIPSorcery] Added remote ICE: candidate:1282106625 1 udp 2122262783 2402:800:610...
[Protocol] Applied pending ICE: 1282106625 1 udp 2122262783 2402:800:610d:cef6:e81...
[SIPSorcery] Local ICE: 4204608317 1 udp 1677730047 171.241.18.17 60578 ty...
[SIPSorcery] ICE state: connected
[SIPSorcery] ICE CONNECTED - initializing encoders
[GpuVendorDetector] Detected AMD GPU: AMD Radeon RX 7600
[SIPSorcery] Detected GPU vendor: AMD
[SIPSorcery] Creating AMF encoder for AMD GPU
[AmfNativeWrapper] Initializing 1920x1080 @ 60fps, 15000kbps
[AmfNativeWrapper] Initialized successfully (zero-copy enabled)
[SIPSorcery] Track 0: Amf encoder initialized
[SIPSorcery] Creating AMF encoder for AMD GPU
[AmfNativeWrapper] Initializing 1920x1080 @ 60fps, 15000kbps
[AmfNativeWrapper] Initialized successfully (zero-copy enabled)
[SIPSorcery] Track 1: Amf encoder initialized
[Protocol] All 2 tracks ready, sending ice_ready
[Protocol] Starting early capture to prevent browser track timeout...
[SIPSorcery] Peer state: connecting
[PerMonitorCapture] Created frame sync barrier for 2 monitors
[PerMonitorCapture] Started 2 parallel capture threads (synchronized)
[PerMonitorCapture] Monitor 0: Capture thread started @ 60fps (barrier sync enabled: True)
[PerMonitorCapture] Monitor 1: Capture thread started @ 60fps (barrier sync enabled: True)
[GpuVendorDetector] Detected AMD GPU: AMD Radeon RX 7600
[GpuColorConverter] GPU: AMD, using COMPUTE SHADER (with Safe Copy) for BGRA->NV12
[GpuVendorDetector] Detected AMD GPU: AMD Radeon RX 7600
[GpuColorConverter] GPU: AMD, using COMPUTE SHADER (with Safe Copy) for BGRA->NV12
[GpuColorConverter] Initialized 1920x1080 BGRA->NV12 converter
[GpuColorConverter] Initialized 1920x1080 BGRA->NV12 converter
[GpuColorConverter] Compiling Compute Shader for BGRA->NV12...
[GpuColorConverter] Compiling Compute Shader for BGRA->NV12...
[GpuColorConverter] Compute Shader compiled and created successfully
[GpuColorConverter] Compute Shader compiled and created successfully
[SIPSorcery] Peer state: closed
[SIPSorcery] Peer state: failed
[SIPSorcery] DTLS FAILED - check certificate/fingerprint
[PerMonitorCapture] Monitor 0: GpuColorConverter created
[PerMonitorCapture] Monitor 1: GpuColorConverter created
[Protocol] Connection failed, requesting full reconnect
[Protocol] ICE RX: {"type":"proceed","phase":3}...
[Protocol] ICE message type: proceed
[Protocol] Phase 2 complete, proceeding to Phase 3
[Protocol] Phase changed to: Phase3_WaitingStart
[Protocol] Phase 3: Waiting for start_streaming command...
[SIPSorcery] Stats: m0:0, m1:0
[Capture FPS] Mon1: 41.6 fps (captured 125 in 3002ms, rate-limited=0)
[Capture FPS] Mon0: 3.7 fps (captured 11 in 3002ms, rate-limited=0)
[SIPSorcery] Stats: m0:0, m1:0
[Capture FPS] Mon0: 3.3 fps (captured 10 in 3003ms, rate-limited=0)
[Capture FPS] Mon1: 33.6 fps (captured 101 in 3003ms, rate-limited=0)
[SIPSorcery] Stats: m0:0, m1:0
[Capture FPS] Mon1: 33.3 fps (captured 100 in 3007ms, rate-limited=0)
[Capture FPS] Mon0: 3.0 fps (captured 9 in 3007ms, rate-limited=0)
[SIPSorcery] Stats: m0:0, m1:0
[Capture FPS] Mon0: 3.3 fps (captured 10 in 3005ms, rate-limited=0)
[Capture FPS] Mon1: 33.3 fps (captured 100 in 3005ms, rate-limited=0)
[SIPSorcery] Stats: m0:0, m1:0
[Capture FPS] Mon0: 3.3 fps (captured 10 in 3004ms, rate-limited=0)
[Capture FPS] Mon1: 33.0 fps (captured 99 in 3004ms, rate-limited=0)
[Protocol] Client d8c846ec-f7cf-4e96-8750-2f1b7d8c3d3f disconnected prematurely
[Protocol] Phase changed to: Disconnecting
[SIPSorcery] Stopping...
[AmfNativeWrapper] Disposed
[AmfNativeWrapper] Disposed
[SIPSorcery] Connection closed
[SIPSorcery] Disposed
[PerMonitorCapture] Monitor 1: Capture thread stopped
[PerMonitorCapture] Monitor 0: Capture thread stopped
[PerMonitorCapture] All capture threads stopped
[PerMonitorCapture] All capture threads stopped
[Protocol] Restoring display settings...
[Guard] RestoreAndCleanupWithTimeout called...
[Guard] SnapshotPath exists: True
[Guard] Attempting to disable VDD...
[Guard] ForceDisableVdd: Finding VDD instance...
[Guard] ForceDisableVdd: Found VDD ID: ROOT\DISPLAY\0000
[Guard] ForceDisableVdd: VDD is currently ENABLED
[Guard] ForceDisableVdd: Physical monitors: \\.\DISPLAY2, \\.\DISPLAY1
[Guard] ForceDisableVdd: Setting \\.\DISPLAY1 as primary...
[Guard] ForceDisableVdd: Disabling VDD...
[pnputil] /disable-device "ROOT\DISPLAY\0000"
Microsoft PnP Utility

Disabling device:          ROOT\DISPLAY\0000
Device disabled successfully.


[Guard] ForceDisableVdd: ⚠ VDD may still be enabled.
[Guard] Restoring original state before exit...
[Guard] Step 1: Restoring Text Scale first...
[Guard] Restoring original text size...
[Guard] ✓ Text size restored successfully.
[Guard] Step 2: Restoring per-monitor text scale...
[Guard] Restoring per-monitor text scale...
[Guard] Restoring text scale for virtual monitor: \\.\DISPLAY1
[TextScale] Removed custom DPI for \\.\DISPLAY1
[TextScale] Enhanced broadcast refresh completed.
[Guard] ✓ Virtual monitor text scale restored to 100%
[Guard] Per-monitor text scale restoration completed.
[Guard] Step 3: Restoring monitor modes...
[Guard] Monitor modes restored.
[Guard] Step 4: Restoring taskbar flag...
[Guard] Taskbar multi-monitor flag restored to 1.
[Guard] ℹ️ Taskbar setting will apply automatically (no Explorer restart needed).
[Guard] Allowing system to settle after restore...
[Guard] ✅ All settings restored and system settled.
[Guard] Restore done.
[Protocol] Display settings restored.
[Protocol] Client d8c846ec-f7cf-4e96-8750-2f1b7d8c3d3f disconnected
