=== RemotePlayServer ===
[System] Running as Administrator: YES
[System] Process: C:\Users\super\OneDrive\Documents\VRWorkspaceProjects\RemotePlayServer\bin\release\net9.0-windows10.0.26100.0\RemotePlayServer.exe
[System] Local IP: 192.168.1.16
[Encoder] AMD AMF (Hardware)
[TextScale] Registry DPI for \\.\DISPLAY2: 120
[Guard] Saved original text scale for \\.\DISPLAY2: 125%
[TextScale] Actual DPI for \\.\DISPLAY1: 96
[Guard] Saved original text scale for \\.\DISPLAY1: 100%
[Guard] Snapshot captured.
=== Monitors ===
  \\.\DISPLAY2: 1920x1080 [Physical]
  \\.\DISPLAY1: 1920x1080 [Physical]
[HTTP] http://+:8288/
[HTTP] Server: 192.168.1.16:8288

=== QRCode (Scan to connect) ===
Data: {"ip":"192.168.1.16","port":8288,"monitors":[{"id":0,"name":"\\\\.\\DISPLAY2","w":1920,"h":1080},{"id":1,"name":"\\\\.\\DISPLAY1","w":1920,"h":1080}]}
█████████████████████████████████████████████████████
█████████████████████████████████████████████████████
████ ▄▄▄▄▄ █  ▄██▄█▄ ▀▀▄ ██▄ ▄▄▄ ▄ ▄ ▀█▀▄█ ▄▄▄▄▄ ████
████ █   █ █ ▄▄▀▀▀█▀▀█▄▄▄▀▀▄ ▀▄▀▄█ ▀  █ ▀█ █   █ ████
████ █▄▄▄█ █▄▀   ▄ █▀█ █ ▄▄▄ █▀█▀▄▄█▀█▄▄▄█ █▄▄▄█ ████
████▄▄▄▄▄▄▄█ █ ▀ █▄█ ▀ █ █▄█ ▀▄▀▄▀▄█▄█▄█ █▄▄▄▄▄▄▄████
█████▄▀▄▀▄▄▀▄ █▀ █▄█▀▀▀  ▄▄  ▄    ▀▀██▀█▄▄▄▀   ▄ ████
████▀▄ ▀█▀▄▀ ▄▀▄▀████▄▀  █▄ ▀█ ▄██▄█▄▀█  █ ▄ █ █▀████
████  ▄ ▄█▄▄ ▀█ ▀ ▀▀  █▀      ▄▄▀▄▀ ▄█▀█▀▄ █ ▄▄  ████
████ ▀▀▀█▀▄██  ▀██ ██▀█ ██ ██ ▀▀▀▀ ██▀ ▀██ ▄ ▀▀▀█████
████▀▀ ███▄ ▄▀███▀█▄▄▀████▄▄▄█▄▄ ▀▀▄▄█ █▀▀█▄ █▀▄▀████
█████ ▄▄▀█▄ ▄▀ █▄█▄▀ █▀█▄▀▄▄▄▀▄▀  █ ▄▀█ ▄  ▀▄██▄▄████
████▀█▀▄ ▄▄▄   ▀▄ ▄▀▀▀ ▀ ▄▄▄ ▄▀ ▀▀  ▀ █▀ ▄▄▄  ▀▄▀████
████▄██  █▄█ ▀ ▀▄█▀▀▄▄ █ █▄█  █ █▄█▀█▄▄█ █▄█ ▀▄ ▀████
████▀  ▄  ▄▄▄   ▄▀ ▄▀▄▄ ▄ ▄▄▄█▀ █ ▄▄▄ ▀▄   ▄ ▀▀▄ ████
█████▄  ▀█▄▀▄▀▄▄█▀██▄█ ▄█▀█▀▄▀▄██▀█ ▄██▄█▀▀ ▄█▄▀ ████
████▄  █▀▄▄▄██▀█▀▀▄▄██ ▀▀▀▄▄█▄▄▀▀█▄ █▄▄██▄▀▄█▀▄▄█████
████▄██▀▄█▄ █▄█▄▄▄▀▀▄▄██▄ ██▄▄▀ ▄▄█▀ ▄█ █▄█ ▀ ▀██████
████▀▄ ▀▄▀▄▄▀  ▄▀█▄ ▀ ▀ █▀▀▄▀▀▀ ▀▄  ▀▄█ █▄▀ ▀▄ ▄▀████
█████▀▀▀ █▄▀ █ ▄▀▀▄█ █▄  ▀▄▄██ ▀▄█▄▀▄█▄ ██ ▀▀▀▄▀█████
████▄██▄▄█▄█▀▄ ▄█▄▄▄▀▄▀█ ▄▄▄ ▄▄ ▀▄█ ▄▄█  ▄▄▄ █▄▄▄████
████ ▄▄▄▄▄ █▀▀▄ █▀ ▀▀▀ ▀ █▄█  ▀▄█ █   ▀  █▄█ ▄▀█ ████
████ █   █ █▀▄▄▄▀▄█▄█▄█▄ ▄▄▄ █▀▄ ██▄▄█▀█ ▄▄▄ ▄██▀████
████ █▄▄▄█ █▀ ▀ █▄▄ ▀█▀▄█ ▀▄█▄▄ ███▄▀▀ ▄▀▄█▄█ █▄▀████
████▄▄▄▄▄▄▄██▄██▄▄█▄█▄█▄█▄█▄█▄█▄▄▄██▄▄█▄█▄█▄██▄██████
█████████████████████████████████████████████████████
▀▀▀▀▀▀▀▀▀▀▀▀▀▀▀▀▀▀▀▀▀▀▀▀▀▀▀▀▀▀▀▀▀▀▀▀▀▀▀▀▀▀▀▀▀▀▀▀▀▀▀▀▀

Server is running. Press ENTER to exit.
[Signal] Client connected 2f17ef3f-459a-4c7b-8f9e-536a4391c621, mode=multitrack, protocol=v2
[Protocol] Client 2f17ef3f-459a-4c7b-8f9e-536a4391c621 connected from 192.168.1.13 (v2 protocol)
[Protocol] Phase changed to: Phase1_HardwareDetect
[Protocol] Phase 1: Gathering hardware info...
[HardwareInfo] DXGI VRAM: 8573157376 bytes = 8176 MB
[GpuVendorDetector] Detected AMD GPU: AMD Radeon RX 7600
[HardwareInfo] DXGI VRAM: 8573157376 bytes = 8176 MB
[HardwareInfo] SetDllDirectory: C:\Users\super\OneDrive\Documents\VRWorkspaceProjects\RemotePlayServer\bin\release\net9.0-windows10.0.26100.0\bin
[HardwareInfo] FFmpeg.RootPath: C:\Users\super\OneDrive\Documents\VRWorkspaceProjects\RemotePlayServer\bin\release\net9.0-windows10.0.26100.0\bin
[HardwareInfo] Added to PATH: C:\Users\super\OneDrive\Documents\VRWorkspaceProjects\RemotePlayServer\bin\release\net9.0-windows10.0.26100.0\bin
[HardwareInfo] HEVC encoder 'hevc_amf': available
[HardwareInfo] Encoder: AMF, HwAccel: True, HEVC: True, Codecs: [H264, H265]
[Protocol] Sent hardware info to client
[Protocol] Waiting for hardware_info_ack...
[Protocol] WaitForHardwareAck received: len=166, text={"type":"hardware_info_ack","clientCodecs":{"supportedCodecs":["H265","H264"],"preferredCodec":"H265...
[Protocol] WaitForHardwareAck msgType=hardware_info_ack
[Protocol] Client codec capabilities: HEVC=True, preferred=H265, device=vivo V2352GA
[Protocol] Codec negotiation: Both support HEVC -> selected H.265
[Protocol] Received hardware_info_ack
[Protocol] Phase changed to: Phase1_SpeedTest
[Protocol] Phase 1: Waiting for client speed test result...
[Protocol] WaitForSpeedTest received: type=speedtest_request, len=69
[Protocol] Processing speedtest_request...
[Protocol] Handling speedtest_request: direction=download, duration=4000ms
[Protocol] Download test complete: sent 37MB in 4002ms = 77.6 Mbps
[Protocol] speedtest_request handled, continuing to wait...
[Protocol] WaitForSpeedTest received: type=speedtest_result, len=80
[Protocol] Processing speedtest_result...
[Protocol] speedtest_result parsed: 58.4Mbps, 41.4ms
[Protocol] ✓ Received speedtest_result from client: 58.4Mbps, 41.4ms ping
[Protocol] Calculating suggested config...
[Protocol] Sending suggested_config: 2x1600x900@45fps, bitrate=15000kbps, codec=H265
[Protocol] ✓ suggested_config sent successfully
[Protocol] Phase changed to: Phase1_WaitingProceed
[Protocol] Phase 1: Waiting for client proceed...
[Protocol] WaitForProceed received: ping...
[Protocol] WaitForProceed received: ping...
[Protocol] WaitForProceed received: ping...
[Protocol] WaitForProceed received: ping...
[Protocol] WaitForProceed received: ping...
[Protocol] WaitForProceed received: ping...
[Protocol] WaitForProceed received: {"type":"proceed","phase":2}...
[Protocol] Received proceed message, phase=2, expected=2
[Protocol] Phase 1 complete, proceeding to Phase 2
[Protocol] Phase changed to: Phase2_ApplyConfig
[Protocol] Phase 2: Waiting for display config...
[Protocol] WaitForDisplayConfig received: {"type":"display_config","monitors":2,"resolution":{"w":1920,"h":1080},"refreshRate":60,"bitrateKbps...
[Protocol] Received display config: 2x1920x1080@60fps
[Protocol] Applying new display config: 2 monitors @ 1920x1080
[VDD] Physical monitor found: \\.\DISPLAY2 (1920x1080)
[VDD] Physical monitor found: \\.\DISPLAY1 (1920x1080)
[VDD] Physical monitors detected: 2
[VDD] Virtual monitors needed: 0 (target total: 2)
[VDD] No virtual monitors needed - you already have 3+ physical monitors.
[Display] Setting up 3-monitor system...
[Display] Physical monitors: 2, Virtual monitors: 0
[Display] Setting \\.\DISPLAY2 [PHYSICAL] -> 1920x1080@60
[Display] Setting \\.\DISPLAY1 [PHYSICAL] -> 1920x1080@60
[Display] Setting \\.\DISPLAY2 as PRIMARY display
[Display] ✓ \\.\DISPLAY2 set as primary
[Display] ✓ 3-monitor system configured:
[Display]   • \\.\DISPLAY2 1920x1080 [PHYSICAL] [PRIMARY]
[Display]   • \\.\DISPLAY1 1920x1080 [PHYSICAL]
[Display] Setting Windows Text Scale to 125%...
[Display] ✓ Text Scale set to 125%
[Protocol] Available monitors: 2, using: 2
[PerMonitorCapture] Initializing 2 monitors @ 60fps (PARALLEL MODE - separate D3D11 devices)
[PerMonitorCapture] Monitor 0: Created D3D11 device (adapter=AMD Radeon RX 7600)
[PerMonitorCapture] Monitor 0: \\.\DISPLAY2 1920x1080 - duplication ready
[PerMonitorCapture] Monitor 1: Created D3D11 device (adapter=AMD Radeon RX 7600)
[PerMonitorCapture] Monitor 1: \\.\DISPLAY1 1920x1080 - duplication ready
[PerMonitorCapture] Initialized 2 monitors with SEPARATE D3D11 devices
[Protocol] Creating MultiPCStreamer with codec=H265 (enum=H265)
[MultiPC] Created: 2mon 60fps 30000kbps codec=H265 (parallel device mode)
[MultiPC] m0 device registered (parallel mode)
[Protocol] Monitor 0: Using dedicated D3D11 device
[MultiPC] m1 device registered (parallel mode)
[Protocol] Monitor 1: Using dedicated D3D11 device
[Protocol] Sent config_complete, ready for ICE exchange
[Protocol] Phase changed to: Phase2_IceExchange
[Protocol] Starting ICE exchange...
[Protocol] ICE RX: ping...
[Protocol] ICE legacy format message
[Protocol] ICE RX: ping...
[Protocol] ICE legacy format message
[Protocol] ICE RX: ping...
[Protocol] ICE legacy format message
[Protocol] ICE RX: {"type":"candidate","monitorIndex":0,"candidate":"1817967181 1 udp 2122194687 19...
[Protocol] ICE message type: candidate
[Protocol] ICE RX: {"type":"candidate","monitorIndex":0,"candidate":"3626607911 1 udp 2122129151 53...
[Protocol] ICE message type: candidate
[Protocol] ICE RX: {"type":"candidate","monitorIndex":0,"candidate":"399938860 1 udp 2122262783 240...
[Protocol] ICE message type: candidate
[Protocol] ICE RX: {"type":"candidate","monitorIndex":1,"candidate":"1056715521 1 udp 2122194687 19...
[Protocol] ICE message type: candidate
[Protocol] ICE RX: {"type":"candidate","monitorIndex":1,"candidate":"2324589675 1 udp 2122129151 53...
[Protocol] ICE message type: candidate
[Protocol] ICE RX: {"type":"candidate","monitorIndex":1,"candidate":"1165057120 1 udp 2122262783 24...
[Protocol] ICE message type: candidate
[Protocol] ICE RX: {"type":"offer","monitorIndex":0,"sdp":"v=0\r\no=- 7790877089405549320 2 IN IP4 ...
[Protocol] ICE message type: offer
[Protocol] Received offer for monitor 0
[Protocol] Cleared 3 old pending candidates for m0
[MultiPC] m0 offer: 1920x1080
[MultiPC] m0 using dedicated D3D11 device
[MultiPC] m0 ICE gathering timeout (2s), continuing anyway
[GpuVendorDetector] Detected AMD GPU: AMD Radeon RX 7600
[MultiPC] m0 using DEDICATED D3D11 device (parallel mode)
[MultiPC] m0 AMD GPU detected, using AMF encoder
[AmfNativeWrapper] Initializing 1920x1080 @ 60fps, 30000kbps
[AmfNativeWrapper] Initialized successfully (zero-copy enabled)
[MultiPC] m0 encoder ready (parallel=True)
[MultiPC] m0 answer created (with gathered candidates)
[Protocol] Extracted 4 embedded ICE candidates from answer
[Protocol] Answer JSON for m0: {"type":"answer","monitorIndex":0,"sdp":"v=0\r\no=- 68777 0 IN IP4 127.0.0.1\r\ns=sipsorcery\r\nt=0 0\r\na=group:BUNDLE 0\r\nm=video 9 UDP/TLS/RTP/SAV...
[Protocol] Sent answer for monitor 0, len=742 bytes
[Protocol] Sent extracted ICE candidate for m0: candidate:3088468610 1 udp 2113937663 192.168.1.16 56236 typ...
[Protocol] Sent extracted ICE candidate for m0: candidate:361527362 1 udp 2113940223 2402:800:610d:cef6:dc96...
[Protocol] Sent extracted ICE candidate for m0: candidate:2748444243 1 udp 2113940223 2402:800:610d:cef6:147...
[Protocol] Sent extracted ICE candidate for m0: candidate:1173202931 1 udp 2113940223 2402:800:610d:cef6:25e...
[Protocol] ICE RX: {"type":"offer","monitorIndex":1,"sdp":"v=0\r\no=- 7492913518096541403 2 IN IP4 ...
[Protocol] ICE message type: offer
[Protocol] Received offer for monitor 1
[Protocol] Cleared 3 old pending candidates for m1
[MultiPC] m1 offer: 1920x1080
[MultiPC] m1 using dedicated D3D11 device
[MultiPC] m1 ICE gathering timeout (2s), continuing anyway
[GpuVendorDetector] Detected AMD GPU: AMD Radeon RX 7600
[MultiPC] m1 using DEDICATED D3D11 device (parallel mode)
[MultiPC] m1 AMD GPU detected, using AMF encoder
[AmfNativeWrapper] Initializing 1920x1080 @ 60fps, 30000kbps
[AmfNativeWrapper] Initialized successfully (zero-copy enabled)
[MultiPC] m1 encoder ready (parallel=True)
[MultiPC] m1 answer created (with gathered candidates)
[Protocol] Extracted 4 embedded ICE candidates from answer
[Protocol] Answer JSON for m1: {"type":"answer","monitorIndex":1,"sdp":"v=0\r\no=- 35985 0 IN IP4 127.0.0.1\r\ns=sipsorcery\r\nt=0 0\r\na=group:BUNDLE 0\r\nm=video 9 UDP/TLS/RTP/SAV...
[Protocol] Sent answer for monitor 1, len=742 bytes
[Protocol] Sent extracted ICE candidate for m1: candidate:3088468610 1 udp 2113937663 192.168.1.16 49846 typ...
[Protocol] Sent extracted ICE candidate for m1: candidate:361527362 1 udp 2113940223 2402:800:610d:cef6:dc96...
[Protocol] Sent extracted ICE candidate for m1: candidate:2748444243 1 udp 2113940223 2402:800:610d:cef6:147...
[Protocol] Sent extracted ICE candidate for m1: candidate:1173202931 1 udp 2113940223 2402:800:610d:cef6:25e...
[Protocol] ICE RX: ping...
[Protocol] ICE legacy format message
[Protocol] ICE RX: ping...
[Protocol] ICE legacy format message
[Protocol] ICE RX: ping...
[Protocol] ICE legacy format message
[Protocol] ICE RX: {"type":"candidate","monitorIndex":0,"candidate":"764275576 1 udp 2122194687 192...
[Protocol] ICE message type: candidate
[Protocol] ICE RX: {"type":"candidate","monitorIndex":0,"candidate":"2583671826 1 udp 2122129151 53...
[Protocol] ICE message type: candidate
[Protocol] ICE RX: {"type":"candidate","monitorIndex":0,"candidate":"1442874393 1 udp 2122262783 24...
[Protocol] ICE message type: candidate
[Protocol] ICE RX: {"type":"offer","monitorIndex":0,"sdp":"v=0\r\no=- 507572673846554960 2 IN IP4 1...
[Protocol] ICE message type: offer
[Protocol] Received offer for monitor 0
[Protocol] Cleared _answersReady for m0 (reconnect case)
[MultiPC] m0 offer: 1920x1080
[MultiPC] m0 closing old PC...
[MultiPC] m0 PC closed (ignored - old PC generation)
[MultiPC] m0 old PC closed, resources released
[MultiPC] m0 ICE gathering timeout (2s), continuing anyway
[MultiPC] m0 answer created (with gathered candidates)
[Protocol] Extracted 4 embedded ICE candidates from answer
[Protocol] Answer JSON for m0: {"type":"answer","monitorIndex":0,"sdp":"v=0\r\no=- 68391 0 IN IP4 127.0.0.1\r\ns=sipsorcery\r\nt=0 0\r\na=group:BUNDLE 0\r\nm=video 9 UDP/TLS/RTP/SAV...
[Protocol] Sent answer for monitor 0, len=742 bytes
[Protocol] Sent extracted ICE candidate for m0: candidate:3088468610 1 udp 2113937663 192.168.1.16 61034 typ...
[Protocol] Sent extracted ICE candidate for m0: candidate:361527362 1 udp 2113940223 2402:800:610d:cef6:dc96...
[Protocol] Sent extracted ICE candidate for m0: candidate:2748444243 1 udp 2113940223 2402:800:610d:cef6:147...
[Protocol] Sent extracted ICE candidate for m0: candidate:1173202931 1 udp 2113940223 2402:800:610d:cef6:25e...
[Protocol] ICE RX: ping...
[Protocol] ICE legacy format message
[Protocol] ICE RX: ping...
[Protocol] ICE legacy format message
[Protocol] ICE RX: {"type":"candidate","monitorIndex":1,"candidate":"2236701965 1 udp 2122194687 19...
[Protocol] ICE message type: candidate
[Protocol] ICE RX: {"type":"candidate","monitorIndex":1,"candidate":"4239393009 1 udp 2122129151 53...
[Protocol] ICE message type: candidate
[Protocol] ICE RX: {"type":"candidate","monitorIndex":1,"candidate":"3105198791 1 udp 2122262783 24...
[Protocol] ICE message type: candidate
[Protocol] ICE RX: {"type":"offer","monitorIndex":1,"sdp":"v=0\r\no=- 5291302447980489074 2 IN IP4 ...
[Protocol] ICE message type: offer
[Protocol] Received offer for monitor 1
[Protocol] Cleared _answersReady for m1 (reconnect case)
[MultiPC] m1 offer: 1920x1080
[MultiPC] m1 closing old PC...
[MultiPC] m1 PC closed (ignored - old PC generation)
[MultiPC] m1 old PC closed, resources released
[MultiPC] m1 ICE gathering timeout (2s), continuing anyway
[MultiPC] m1 answer created (with gathered candidates)
[Protocol] Extracted 4 embedded ICE candidates from answer
[Protocol] Answer JSON for m1: {"type":"answer","monitorIndex":1,"sdp":"v=0\r\no=- 10069 0 IN IP4 127.0.0.1\r\ns=sipsorcery\r\nt=0 0\r\na=group:BUNDLE 0\r\nm=video 9 UDP/TLS/RTP/SAV...
[Protocol] Sent answer for monitor 1, len=741 bytes
[Protocol] Sent extracted ICE candidate for m1: candidate:3088468610 1 udp 2113937663 192.168.1.16 61036 typ...
[Protocol] Sent extracted ICE candidate for m1: candidate:361527362 1 udp 2113940223 2402:800:610d:cef6:dc96...
[Protocol] Sent extracted ICE candidate for m1: candidate:2748444243 1 udp 2113940223 2402:800:610d:cef6:147...
[Protocol] Sent extracted ICE candidate for m1: candidate:1173202931 1 udp 2113940223 2402:800:610d:cef6:25e...
[Protocol] ICE RX: ping...
[Protocol] ICE legacy format message
[Protocol] ICE RX: ping...
[Protocol] ICE legacy format message
[Protocol] Client 2f17ef3f-459a-4c7b-8f9e-536a4391c621 disconnected prematurely
[Protocol] Phase changed to: Disconnecting
[AmfNativeWrapper] Disposed
[MultiPC] m0 PC closed
[AmfNativeWrapper] Disposed
[MultiPC] m1 PC closed
[PerMonitorCapture] All capture threads stopped
[PerMonitorCapture] All capture threads stopped
[Protocol] Restoring display settings...
[Guard] RestoreAndCleanupWithTimeout called...
[Guard] SnapshotPath exists: True
[Guard] Attempting to disable VDD...
[Guard] ForceDisableVdd: Finding VDD instance...
[Guard] ForceDisableVdd: Found VDD ID: ROOT\DISPLAY\0000
[Guard] ForceDisableVdd: VDD is currently ENABLED
[Guard] ForceDisableVdd: Physical monitors: \\.\DISPLAY2, \\.\DISPLAY1
[Guard] ForceDisableVdd: Setting \\.\DISPLAY1 as primary...
[Guard] ForceDisableVdd: Disabling VDD...
[pnputil] /disable-device "ROOT\DISPLAY\0000"
Microsoft PnP Utility

Disabling device:          ROOT\DISPLAY\0000
Device disabled successfully.


[Guard] ForceDisableVdd: ⚠ VDD may still be enabled.
[Guard] Restoring original state before exit...
[Guard] Step 1: Restoring Text Scale first...
[Guard] Restoring original text size...
[Guard] ✓ Text size restored successfully.
[Guard] Step 2: Restoring per-monitor text scale...
[Guard] Restoring per-monitor text scale...
[Guard] Restoring text scale for virtual monitor: \\.\DISPLAY1
[TextScale] Removed custom DPI for \\.\DISPLAY1
[TextScale] Enhanced broadcast refresh completed.
[Guard] ✓ Virtual monitor text scale restored to 100%
[Guard] Per-monitor text scale restoration completed.
[Guard] Step 3: Restoring monitor modes...
[Guard] Monitor modes restored.
[Guard] Step 4: Restoring taskbar flag...
[Guard] Taskbar multi-monitor flag restored to 1.
[Guard] ℹ️ Taskbar setting will apply automatically (no Explorer restart needed).
[Guard] Allowing system to settle after restore...
[Guard] ✅ All settings restored and system settled.
[Guard] Restore done.
[Protocol] Display settings restored.
[Protocol] Client 2f17ef3f-459a-4c7b-8f9e-536a4391c621 disconnected
