=== RemotePlayServer ===
[System] Running as Administrator: YES
[System] Process: C:\Users\super\OneDrive\Documents\VRWorkspaceProjects\RemotePlayServer\bin\release\net9.0-windows10.0.26100.0\RemotePlayServer.exe
[System] Local IP: 192.168.1.9
[Encoder] AMD AMF (Hardware)
[TextScale] Actual DPI for \\.\DISPLAY2: 96
[Guard] Saved original text scale for \\.\DISPLAY2: 100%
[TextScale] Actual DPI for \\.\DISPLAY1: 96
[Guard] Saved original text scale for \\.\DISPLAY1: 100%
[Guard] Snapshot captured.
=== Monitors ===
  \\.\DISPLAY2: 1920x1080 [Physical]
  \\.\DISPLAY1: 1920x1080 [Physical]
[HTTP] http://+:8288/
[HTTP] Server: 192.168.1.9:8288

=== QRCode (Scan to connect) ===
Data: {"ip":"192.168.1.9","port":8288,"monitors":[{"id":0,"name":"\\\\.\\DISPLAY2","w":1920,"h":1080},{"id":1,"name":"\\\\.\\DISPLAY1","w":1920,"h":1080}]}
█████████████████████████████████████████████████████
█████████████████████████████████████████████████████
████ ▄▄▄▄▄ █ ███▄██ █ ▄▀▄ ▄█  ▄█      █▀▄█ ▄▄▄▄▄ ████
████ █   █ ██  ▄▄█ ▄█▄ █▀██▀▄ ▀█▀▄▄▀ ▀█ ▀█ █   █ ████
████ █▄▄▄█ █ █▀▄▄▄▄███ ▀ ▄▄▄ █ ▄█▀▄▄▀▀▄▄▄█ █▄▄▄█ ████
████▄▄▄▄▄▄▄█▄▀▄▀ █ █▄▀▄█ █▄█ ▀▄▀▄█▄█▄█ ▀▄█▄▄▄▄▄▄▄████
████  ▄ ▀ ▄▀▀▀▄▄▀▀ ▄▄ █▄▄  ▄ █  ▀▀█▄▀██▀▄ ▀▄▄█▀▄▄████
█████▀▄▀██▄█  █▀▀▀▀▀█▀▀ ▀▀▀▀▄ ▀▄██ ▀▀▄█ ▄▄ ▀▄▀▀▄ ████
████▄  ▀██▄▀█▄▄ █▄ ▀███▄█▀   ▀ ▄█  █▄ █▀█▄▄▀ █▄ ▀████
████▀█▀▀ █▄█ ▄▀ ▄  █ █▀▀   █ ▄▄▀   ▄▀▄▀▀▄▄▀█ ▄ ▀ ████
████▀█  ▀█▄ ▄▀ ▀██ ▀▄█  ▀▀▄▀▄█▄ ▀▀▀▀ ██▀ ▀ ▀▄██ ▀████
████▀▄▄█▀ ▄  █ ▄▄▀█▀▄█▀▄ ▄▄▀ █▄█ ▄█  █▄▀▄  █ █ █▄████
████▄    ▄▄▄ ▄ ▀ ▄ ▀▄█ ▀ ▄▄▄ █▄▀█▄█▀▄█▀  ▄▄▄ ▀█ ▄████
████▀█ ▀ █▄█  ▀▄▄█▀  ▀▄▄ █▄█ ▄▀▄▀▄▀▄█  █ █▄█ █▀  ████
█████▄ █▄▄▄▄▄▀█▀▀███  ▀▀ ▄▄▄ ▄ █▄█▀█▄█ █▄▄ ▄▄▀██ ████
████▄█▄█▄ ▄█▀ ▄ ▄▄█▀▀▄▄█ ▄█▄▀ ▀▄ ▄█ ▀▄▄█▀▄█ ▀ ▄█ ████
████▄▀ ▄ ▄▄▀█▄██▀▀▀▀██ ▄▀█▀███▀ ███▀█ ▀ ██▀█▀ ▀ █████
████ ▀█▀ █▄   ▄▄▄ ▄   ▄█      ▄█▀▄▄█▀   ▀ ▄ ▄ ▄▀▀████
█████▄ █▀▀▄ ▄▄   █▀▄▄█  ▄   ▄▀█   ▀ ▄ ▀▄▄█ ▄ ▀█ ▄████
█████▀▀▀ █▄▄▄██▀▄███▀█▀▄ ▀█ ▄█▀███▀▄███▄████ ▀▀ ▄████
████▄██▄▄█▄▄█ ▀▄▀ ▀▄█  ▄ ▄▄▄  █▀█ ▄▀ ▄▄▀ ▄▄▄ ▀██ ████
████ ▄▄▄▄▄ █▀▄▄▀█▄ ▀▄▄   █▄█ ▀▀  ██ ▄▄▀▄ █▄█ ▀▀██████
████ █   █ █▀▄▀▀▀█▀▀█▄▄▀ ▄   ██  █ ▀▄█ ▀ ▄   ▄  █████
████ █▄▄▄█ █ █ ▀▀▄██▀ ▀█▀ ▄▀█▀█▀▀█ █▀▄ ▀█ ▄██▄███████
████▄▄▄▄▄▄▄█▄██████▄▄██▄▄██▄▄██▄███▄▄███▄████▄▄█▄████
█████████████████████████████████████████████████████
▀▀▀▀▀▀▀▀▀▀▀▀▀▀▀▀▀▀▀▀▀▀▀▀▀▀▀▀▀▀▀▀▀▀▀▀▀▀▀▀▀▀▀▀▀▀▀▀▀▀▀▀▀

Server is running. Press ENTER to exit.
[Signal] Client connected 1423f616-7883-47e3-bf97-870ac6b1d8c8
[Cluster Signal] AUTO-ENABLE relaxed mode for private IP client (remote=192.168.1.2)
[Cluster Signal] ICE filter: relaxed mode - host+srflx private IPv4 (remote=192.168.1.2)
[Cluster Signal] Applying new display config: 2 monitors @ 1920x1080, 30 fps
[VDD] Physical monitor found: \\.\DISPLAY2 (1920x1080)
[VDD] Physical monitor found: \\.\DISPLAY1 (1920x1080)
[VDD] Physical monitors detected: 2
[VDD] Virtual monitors needed: 0 (target total: 2)
[VDD] No virtual monitors needed - you already have 3+ physical monitors.
[Display] Setting up 3-monitor system...
[Display] Physical monitors: 2, Virtual monitors: 0
[Display] Setting \\.\DISPLAY2 [PHYSICAL] -> 1920x1080@60
[Display] Setting \\.\DISPLAY1 [PHYSICAL] -> 1920x1080@60
[Display] Setting \\.\DISPLAY2 as PRIMARY display
[Display] ✓ \\.\DISPLAY2 set as primary
[Display] ✓ 3-monitor system configured:
[Display]   • \\.\DISPLAY2 1920x1080 [PHYSICAL] [PRIMARY]
[Display]   • \\.\DISPLAY1 1920x1080 [PHYSICAL]
[Cluster Signal] Monitors after config: 2
[Cluster Signal] Using LibAv (in-process) encoder
[ClusterCapture] Aligned FrameWidth to even: 3840
[ClusterCapture] Combined frame: 3840x1080, 2 monitors, gap=1
[ClusterCapture] Using adapter (by monitor): AMD Radeon RX 7600
[ClusterCapture] D3D11 device created (VideoSupport enabled for MFT encoder)
[ClusterCapture] Added monitor: \\.\DISPLAY2 at offset x=0
[ClusterCapture] Added monitor: \\.\DISPLAY1 at offset x=1921
[ClusterCapture] Initialized with 2 monitor duplications (zero-copy enabled)
[EncoderFactory] Creating streamer: mode=LibAv, fps=30, kbps=8000
[GpuVendorDetector] Detected AMD GPU: AMD Radeon RX 7600
[EncoderFactory] AMD GPU detected
[EncoderFactory] Native AMF wrapper available: True
[EncoderFactory] AMF runtime available: True
[EncoderFactory] Attempting native AMF encoder...
[RTC-AmfNative] Created: 30fps, 8000kbps
[RTC-AmfNative] StartAsync called
[RTC-AmfNative] Processing offer
[RTC-AmfNative] PeerConnection created
[RTC-AmfNative] Offer H264 payloads: pt=124 pli=42E01F
[RTC-AmfNative] Offer H264 payload type detected: pt=124
[RTC-AmfNative] Offer H264 fmtp: implementation_name=MediaCodec;level-asymmetry-allowed=1;packetization-mode=1;profile-level-id=42e01f
[RTC-AmfNative] canSend(H264) = True
[RTC-AmfNative] ice = checking
[RTC-AmfNative] Local ICE: 1416915466 1 udp 2113940223 2402:800:610d:265a:c29...
[Cluster Signal] Queued server ICE (count=1): candidate:1416915466 1 udp 2113940223 24...
[RTC-AmfNative] Local ICE: 773104313 1 udp 2113940223 2402:800:610d:265a:74d0...
[Cluster Signal] Queued server ICE (count=2): candidate:773104313 1 udp 2113940223 240...
[RTC-AmfNative] Local ICE: 3707760737 1 udp 2113937663 192.168.1.9 58486 typ ...
[Cluster Signal] Queued server ICE (count=3): candidate:3707760737 1 udp 2113937663 19...
[RTC-AmfNative] SDP: dropped 3 ICE candidate lines (keeping host private IPv4 only)
[RTC-AmfNative] Answer m-line: m=video 9 UDP/TLS/RTP/SAVPF 124
[Cluster Signal] Answer sent to client
[Cluster Signal] Flushing 3 queued server ICE candidates
[Cluster Signal] Sent queued server ICE: candidate:1416915466 1 udp 2113940223 2402:800:610...
[Cluster Signal] Sent queued server ICE: candidate:773104313 1 udp 2113940223 2402:800:610d...
[Cluster Signal] Sent queued server ICE: candidate:3707760737 1 udp 2113937663 192.168.1.9 ...
[ClusterCapture] Starting combined capture for 2 monitors
[GpuColorConverter] Initialized 3840x1080 BGRA->NV12 converter
[ClusterCapture] GPU color converter initialized (BGRA->NV12)
[ClusterCapture] Capture started
[ClusterCapture] Target 30fps, frame interval 33ms
[RTC-AmfNative] stats: enq=33 sent=0
[RTC-AmfNative] stats: enq=63 sent=0
[RTC-AmfNative] stats: enq=94 sent=0
[RTC-AmfNative] stats: enq=127 sent=0
[RTC-AmfNative] stats: enq=165 sent=0
[RTC-AmfNative] stats: enq=205 sent=0
[RTC-AmfNative] stats: enq=252 sent=0
[RTC-AmfNative] ice = failed
[RTC-AmfNative] pc.state = failed
[RTC-AmfNative] stats: enq=287 sent=0
[RTC-AmfNative] stats: enq=320 sent=0
[RTC-AmfNative] stats: enq=352 sent=0
[RTC-AmfNative] stats: enq=386 sent=0
[RTC-AmfNative] stats: enq=422 sent=0
[RTC-AmfNative] Stopping...
[RTC-AmfNative] pc.state = closed
[RTC-AmfNative] Stopped
[RTC-AmfNative] Disposed
[ClusterCapture] Capture stopped
[ClusterCapture] Capture stopped
[Guard] Restoring display settings after client disconnect...
[Guard] RestoreAndCleanupWithTimeout called...
[Guard] SnapshotPath exists: True
[Guard] Attempting to disable VDD...
[Guard] ForceDisableVdd: Finding VDD instance...
[Guard] ForceDisableVdd: Found VDD ID: ROOT\DISPLAY\0000
[Guard] ForceDisableVdd: VDD is currently ENABLED
[Guard] ForceDisableVdd: Physical monitors: \\.\DISPLAY2, \\.\DISPLAY1
[Guard] ForceDisableVdd: Setting \\.\DISPLAY1 as primary...
[RTC-AmfNative] stats: enq=445 sent=0
[Guard] ForceDisableVdd: Disabling VDD...
[pnputil] /disable-device "ROOT\DISPLAY\0000"
Microsoft PnP Utility

Disabling device:          ROOT\DISPLAY\0000
Device disabled successfully.


[Guard] ForceDisableVdd: ⚠ VDD may still be enabled.
[Guard] Restoring original state before exit...
[Guard] Monitor modes restored.
[Guard] Taskbar multi-monitor flag restored to 1.
[Guard] ℹ️ Taskbar setting will apply automatically (no Explorer restart needed).
[Guard] Restoring original text size...
[Guard] ✓ Text size restored successfully.
[Guard] Restoring per-monitor text scale...
[Guard] Restoring text scale for virtual monitor: \\.\DISPLAY1
[TextScale] Removed custom DPI for \\.\DISPLAY1
[TextScale] Enhanced broadcast refresh completed.
[Guard] ✓ Virtual monitor text scale restored to 100%
[Guard] Per-monitor text scale restoration completed.
[Guard] Allowing system to settle after restore...
[Guard] ✅ All settings restored and system settled.
[Guard] Restore done.
[Guard] Display settings restored.
[Signal] Cluster client disconnected 1423f616-7883-47e3-bf97-870ac6b1d8c8
