=== RemotePlayServer ===
[System] Running as Administrator: YES
[System] Process: F:\VRWorkspace Projects\RemotePlayServer\bin\release\net9.0-windows10.0.26100.0\RemotePlayServer.exe
[System] Local IP: 192.168.0.102
[Encoder] NVIDIA NVENC (Hardware)
[Guard] Detected stale session. Restoring previous snapshot before new capture...
[Guard] Text size restored.
[Guard] Monitor modes restored.
[Guard] Taskbar multi-monitor flag restored to 1.
[Guard] ℹ️ Taskbar setting will apply automatically with staggered timing.
[pnputil] /disable-device "ROOT\DISPLAY\0000"
Microsoft PnP Utility

Failed to disable device:  ROOT\DISPLAY\0000
The device is not connected.


[Guard] Virtual Display Driver disabled safely.
[TextScale] Actual DPI for \\.\DISPLAY1: 96
[Guard] Saved original text scale for \\.\DISPLAY1: 100%
[Guard] Snapshot captured.
=== Monitors ===
  \\.\DISPLAY1: 1920x1080 [Physical]
[HTTP] http://+:8288/
[HTTP] Server: 192.168.0.102:8288

=== QRCode (Scan to connect) ===
Data: {"ip":"192.168.0.102","port":8288,"monitors":[{"id":0,"name":"\\\\.\\DISPLAY1","w":1920,"h":1080}]}
█████████████████████████████████████████████
█████████████████████████████████████████████
████ ▄▄▄▄▄ █  ███   ██  ▀█▀█▀▄▄▄▄█ ▄▄▄▄▄ ████
████ █   █ █ █▄▀█▀   ▄▄█ █▄█▄▄▀█▄█ █   █ ████
████ █▄▄▄█ █▄ ▀█▄▄▀  █ ▄▀▄█ ▄█▄  █ █▄▄▄█ ████
████▄▄▄▄▄▄▄█ ▀▄▀▄▀ ▀ ▀ █ █ ▀▄▀▄█▄█▄▄▄▄▄▄▄████
████▀ ▀ █▄▄█ █▀▀▄▀ █ ▀█▀ ▀▄ ▀██▀▀ ▄▀▄   ▄████
█████▀ ▀▄▄▄█▄█▀  ▄▄▄▄▄▀  ▄█▄  ██ ▄██  ▄█▄████
█████▄█▀ █▄▄ █ █▀ █▄ █ █  ▀█▀███▀███▀▀▄▄▀████
████▄▀█▀█ ▄▀██▀▀ █▀███▀█▀▄▀█▀▄▀▄▀▄▀▀█▄▀█▀████
████▀██▄█▄▄█▄▀▄█▄█▀█▄████▀▄▄▄▄███▀█▄▀███▀████
██████▄▀▄█▄ ▀ ▄█▀█▄█▀█▄▄▀▄█▄▀▄▄▀█▀▄▀ ▀▄▀▄████
████ █ ▄▄█▄ █▀▀ ▄▄▀ ▄ █ ▄▄█ ▄ ▀▀██▀▀▄▀▀▀█████
████▀███ █▄█▀ █▀█▀▄▀▀▀█▀ █▄▀ ▀█ ▄▀▄ ▄▀▄ █████
████ ▄█ ▀█▄▄ █ ▄  █▄▀▀▀▄▀▀ ▄▀ ▄▄ ▄█▄▀▀ ▄▀████
████▄▀▀██ ▄█▀█▀▀▄█ ▄▄█ ▄ █ ▀ █▀▄ ▄▄█ █▄ ▄████
███████▄██▄█ ▀██▄▀██▄█████▀▄▄▄██ ▄▄▄   ▄█████
████ ▄▄▄▄▄ █▀█ ▄ █▄▀▄█▄█ ██ ▄█▄█ █▄█  █▄ ████
████ █   █ █▀▀▀▀ ▀  ▄▀█▀▄▀▄ ▄▀▀  ▄  ▄ █ █████
████ █▄▄▄█ █▀ ▄█▄█▄█▄▀▀▀▄▄▀█▄█▄▀▄  ▀▄█▀█ ████
████▄▄▄▄▄▄▄███▄█▄█▄▄▄█▄▄██▄█▄█▄███▄█▄█▄▄▄████
█████████████████████████████████████████████
▀▀▀▀▀▀▀▀▀▀▀▀▀▀▀▀▀▀▀▀▀▀▀▀▀▀▀▀▀▀▀▀▀▀▀▀▀▀▀▀▀▀▀▀▀

Server is running. Press ENTER to exit.
[Signal] Client connected cc8448cf-5240-43fd-877d-9e28d2085ce0, mode=multitrack, protocol=v2
[Protocol] Client cc8448cf-5240-43fd-877d-9e28d2085ce0 connected from 192.168.0.101 (v2 protocol)
[Protocol] Phase changed to: Phase1_HardwareDetect
[Protocol] Phase 1: Gathering hardware info...
[HardwareInfo] DXGI VRAM: 6255804416 bytes = 5966 MB
[GpuVendorDetector] Detected NVIDIA GPU: NVIDIA GeForce GTX 1660 Ti
[HardwareInfo] DXGI VRAM: 6255804416 bytes = 5966 MB
[HardwareInfo] FFmpeg path not found, trying system PATH
[HardwareInfo] Failed to check HEVC encoder 'hevc_nvenc': Specified method is not supported.
[HardwareInfo] Encoder: NVENC, HwAccel: True, HEVC: True, Codecs: [H264, H265]
[Protocol] Sent hardware info to client
[Protocol] Waiting for hardware_info_ack...
[Protocol] WaitForHardwareAck received: len=2, text={}
[Protocol] WaitForHardwareAck msgType=
[Protocol] WaitForHardwareAck received: len=4, text=ping
[Protocol] WaitForHardwareAck received: len=4, text=ping
[Protocol] WaitForHardwareAck received: len=4, text=ping
[Protocol] WaitForHardwareAck received: len=4, text=ping
[Protocol] WaitForHardwareAck received: len=4, text=ping
[Protocol] WaitForHardwareAck received: len=69, text={"type":"speedtest_request","direction":"download","durationMs":2000}
[Protocol] WaitForHardwareAck msgType=speedtest_request
[Protocol] WaitForHardwareAck received: len=4, text=ping
[Protocol] WaitForHardwareAck received: len=80, text={"type":"speedtest_result","bandwidthMbps":0.00,"pingMs":61.19,"jitterMs":31.95}
[Protocol] WaitForHardwareAck msgType=speedtest_result
[Protocol] WaitForHardwareAck received: len=4, text=ping
[Protocol] WaitForHardwareAck received: len=4, text=ping
[Protocol] WaitForHardwareAck received: len=4, text=ping
[Protocol] Client cc8448cf-5240-43fd-877d-9e28d2085ce0 disconnected prematurely
[Protocol] Phase changed to: Disconnecting
[Protocol] Client cc8448cf-5240-43fd-877d-9e28d2085ce0 disconnected
