=== RemotePlayServer ===
[System] Running as Administrator: YES
[System] Process: C:\Users\super\OneDrive\Documents\VRWorkspaceProjects\RemotePlayServer\bin\release\net9.0-windows10.0.26100.0\RemotePlayServer.exe
[System] Local IP: 192.168.1.9
[Encoder] AMD AMF (Hardware)
[TextScale] Registry DPI for \\.\DISPLAY2: 120
[Guard] Saved original text scale for \\.\DISPLAY2: 125%
[TextScale] Actual DPI for \\.\DISPLAY1: 96
[Guard] Saved original text scale for \\.\DISPLAY1: 100%
[Guard] Snapshot captured.
=== Monitors ===
  \\.\DISPLAY2: 1920x1080 [Physical]
  \\.\DISPLAY1: 1920x1080 [Physical]
[HTTP] http://+:8288/
[HTTP] Server: 192.168.1.9:8288

=== QRCode (Scan to connect) ===
Data: {"ip":"192.168.1.9","port":8288,"monitors":[{"id":0,"name":"\\\\.\\DISPLAY2","w":1920,"h":1080},{"id":1,"name":"\\\\.\\DISPLAY1","w":1920,"h":1080}]}
█████████████████████████████████████████████████████
█████████████████████████████████████████████████████
████ ▄▄▄▄▄ █ ███▄██ █ ▄▀▄ ▄█  ▄█      █▀▄█ ▄▄▄▄▄ ████
████ █   █ ██  ▄▄█ ▄█▄ █▀██▀▄ ▀█▀▄▄▀ ▀█ ▀█ █   █ ████
████ █▄▄▄█ █ █▀▄▄▄▄███ ▀ ▄▄▄ █ ▄█▀▄▄▀▀▄▄▄█ █▄▄▄█ ████
████▄▄▄▄▄▄▄█▄▀▄▀ █ █▄▀▄█ █▄█ ▀▄▀▄█▄█▄█ ▀▄█▄▄▄▄▄▄▄████
████  ▄ ▀ ▄▀▀▀▄▄▀▀ ▄▄ █▄▄  ▄ █  ▀▀█▄▀██▀▄ ▀▄▄█▀▄▄████
█████▀▄▀██▄█  █▀▀▀▀▀█▀▀ ▀▀▀▀▄ ▀▄██ ▀▀▄█ ▄▄ ▀▄▀▀▄ ████
████▄  ▀██▄▀█▄▄ █▄ ▀███▄█▀   ▀ ▄█  █▄ █▀█▄▄▀ █▄ ▀████
████▀█▀▀ █▄█ ▄▀ ▄  █ █▀▀   █ ▄▄▀   ▄▀▄▀▀▄▄▀█ ▄ ▀ ████
████▀█  ▀█▄ ▄▀ ▀██ ▀▄█  ▀▀▄▀▄█▄ ▀▀▀▀ ██▀ ▀ ▀▄██ ▀████
████▀▄▄█▀ ▄  █ ▄▄▀█▀▄█▀▄ ▄▄▀ █▄█ ▄█  █▄▀▄  █ █ █▄████
████▄    ▄▄▄ ▄ ▀ ▄ ▀▄█ ▀ ▄▄▄ █▄▀█▄█▀▄█▀  ▄▄▄ ▀█ ▄████
████▀█ ▀ █▄█  ▀▄▄█▀  ▀▄▄ █▄█ ▄▀▄▀▄▀▄█  █ █▄█ █▀  ████
█████▄ █▄▄▄▄▄▀█▀▀███  ▀▀ ▄▄▄ ▄ █▄█▀█▄█ █▄▄ ▄▄▀██ ████
████▄█▄█▄ ▄█▀ ▄ ▄▄█▀▀▄▄█ ▄█▄▀ ▀▄ ▄█ ▀▄▄█▀▄█ ▀ ▄█ ████
████▄▀ ▄ ▄▄▀█▄██▀▀▀▀██ ▄▀█▀███▀ ███▀█ ▀ ██▀█▀ ▀ █████
████ ▀█▀ █▄   ▄▄▄ ▄   ▄█      ▄█▀▄▄█▀   ▀ ▄ ▄ ▄▀▀████
█████▄ █▀▀▄ ▄▄   █▀▄▄█  ▄   ▄▀█   ▀ ▄ ▀▄▄█ ▄ ▀█ ▄████
█████▀▀▀ █▄▄▄██▀▄███▀█▀▄ ▀█ ▄█▀███▀▄███▄████ ▀▀ ▄████
████▄██▄▄█▄▄█ ▀▄▀ ▀▄█  ▄ ▄▄▄  █▀█ ▄▀ ▄▄▀ ▄▄▄ ▀██ ████
████ ▄▄▄▄▄ █▀▄▄▀█▄ ▀▄▄   █▄█ ▀▀  ██ ▄▄▀▄ █▄█ ▀▀██████
████ █   █ █▀▄▀▀▀█▀▀█▄▄▀ ▄   ██  █ ▀▄█ ▀ ▄   ▄  █████
████ █▄▄▄█ █ █ ▀▀▄██▀ ▀█▀ ▄▀█▀█▀▀█ █▀▄ ▀█ ▄██▄███████
████▄▄▄▄▄▄▄█▄██████▄▄██▄▄██▄▄██▄███▄▄███▄████▄▄█▄████
█████████████████████████████████████████████████████
▀▀▀▀▀▀▀▀▀▀▀▀▀▀▀▀▀▀▀▀▀▀▀▀▀▀▀▀▀▀▀▀▀▀▀▀▀▀▀▀▀▀▀▀▀▀▀▀▀▀▀▀▀

Server is running. Press ENTER to exit.
[Signal] Client connected 575563bb-6102-4fac-a3c2-387faeb65908, mode=multitrack
[MultiPC Signal] Client 575563bb-6102-4fac-a3c2-387faeb65908 connected from 192.168.1.6
[MultiPC Signal] Config: 2 monitors @ 1600x900, 30fps, 25000kbps/stream
[MultiPC Signal] Applying new display config: 2 monitors @ 1600x900, 30 fps
[VDD] Physical monitor found: \\.\DISPLAY2 (1920x1080)
[VDD] Physical monitor found: \\.\DISPLAY1 (1920x1080)
[VDD] Physical monitors detected: 2
[VDD] Virtual monitors needed: 0 (target total: 2)
[VDD] No virtual monitors needed - you already have 3+ physical monitors.
[Display] Setting up 3-monitor system...
[Display] Physical monitors: 2, Virtual monitors: 0
[Display] Setting \\.\DISPLAY2 [PHYSICAL] -> 1600x900@60
[Display] Setting \\.\DISPLAY1 [PHYSICAL] -> 1600x900@60
[Display] Setting \\.\DISPLAY2 as PRIMARY display
[Display] ✓ \\.\DISPLAY2 set as primary
[Display] ✓ 3-monitor system configured:
[Display]   • \\.\DISPLAY2 1600x900 [PHYSICAL] [PRIMARY]
[Display]   • \\.\DISPLAY1 1600x900 [PHYSICAL]
[Display] Setting Windows Text Scale to 125%...
[Display] ✓ Text Scale set to 125%
[MultiPC Signal] Available monitors: 2, using: 2
[PerMonitorCapture] Initializing 2 monitors @ 30fps (PARALLEL MODE - separate D3D11 devices)
[PerMonitorCapture] Monitor 0: Created D3D11 device (adapter=AMD Radeon RX 7600, NVIDIA=False)
[PerMonitorCapture] Monitor 0: \\.\DISPLAY2 1600x900 - duplication ready
[PerMonitorCapture] Monitor 1: Created D3D11 device (adapter=AMD Radeon RX 7600, NVIDIA=False)
[PerMonitorCapture] Monitor 1: \\.\DISPLAY1 1600x900 - duplication ready
[PerMonitorCapture] Initialized 2 monitors with SEPARATE D3D11 devices
[MultiPC] Created: 2mon 30fps 25000kbps (parallel device mode)
[MultiPC] m0 device registered (parallel mode)
[MultiPC Signal] Monitor 0: Using dedicated D3D11 device for parallel encoding
[MultiPC] m1 device registered (parallel mode)
[MultiPC Signal] Monitor 1: Using dedicated D3D11 device for parallel encoding
[PerMonitorCapture] Started 2 parallel capture threads
[PerMonitorCapture] Monitor 0: Capture thread started @ 30fps
[PerMonitorCapture] Monitor 1: Capture thread started @ 30fps
[MultiPC Signal] Received offer for monitor 0
[GpuVendorDetector] Detected AMD GPU: AMD Radeon RX 7600
[GpuVendorDetector] Detected AMD GPU: AMD Radeon RX 7600
[MultiPC] m0 offer: 1600x900
[MultiPC] m0 using dedicated D3D11 device
[GpuColorConverter] GPU: AMD, using Video Processor for BGRA->NV12 conversion
[GpuColorConverter] GPU: AMD, using Video Processor for BGRA->NV12 conversion
[GpuColorConverter] Initialized 1600x900 BGRA->NV12 converter
[GpuColorConverter] Initialized 1600x900 BGRA->NV12 converter
[PerMonitorCapture] Monitor 0: GpuColorConverter created
[PerMonitorCapture] Monitor 1: GpuColorConverter created
[GpuVendorDetector] Detected AMD GPU: AMD Radeon RX 7600
[MultiPC] m0 using DEDICATED D3D11 device (parallel mode)
[MultiPC] m0 AMD GPU detected, using AMF encoder
[AmfNativeWrapper] Initializing 1600x900 @ 30fps, 25000kbps
[AmfNativeWrapper] Initialized successfully (zero-copy enabled)
[MultiPC] m0 encoder ready (parallel=True)
[MultiPC] m0 answer created
[MultiPC Signal] Sent answer for monitor 0
[MultiPC Signal] Received offer for monitor 1
[MultiPC] m1 offer: 1600x900
[MultiPC] m1 using dedicated D3D11 device
[GpuVendorDetector] Detected AMD GPU: AMD Radeon RX 7600
[MultiPC] m1 using DEDICATED D3D11 device (parallel mode)
[MultiPC] m1 AMD GPU detected, using AMF encoder
[AmfNativeWrapper] Initializing 1600x900 @ 30fps, 25000kbps
[AmfNativeWrapper] Initialized successfully (zero-copy enabled)
[MultiPC] m1 encoder ready (parallel=True)
[MultiPC] m1 answer created
[MultiPC Signal] Sent answer for monitor 1
[MultiPC] m0 ICE connected
[MultiPC] m0 PC connected
[MultiPC] m0 enc#1: 151329B key=True NALs=[9,7,8,5]
[MultiPC] m0 streaming started
[MultiPC] m0 enc#2: 201149B key=True NALs=[9,5]
[MultiPC] m1 ICE connected
[MultiPC] m1 PC connected
[MultiPC] m1 enc#1: 93585B key=True NALs=[9,7,8,5]
[MultiPC] m1 streaming started
[MultiPC] m1 enc#2: 134701B key=True NALs=[9,5]
[MultiPC] m0 enc#3: 152484B key=True NALs=[9,5]
[MultiPC] m0 enc#4: 136399B key=True NALs=[9,5]
[MultiPC] m0 enc#5: 134558B key=True NALs=[9,5]
[MultiPC] m1 enc#3: 128775B key=True NALs=[9,5]
[MultiPC] m1 enc#4: 119640B key=True NALs=[9,5]
[MultiPC] m1 enc#5: 134701B key=True NALs=[9,5]
[Capture FPS] Mon1: 1.3 fps (captured 4 frames in 3005ms)
[Capture FPS] Mon0: 14.3 fps (captured 43 frames in 3006ms)
[Encode FPS] Mon0: 27.1 fps (sent 82 in 3026ms, skipped=3)
[Encode FPS] Mon1: 25.3 fps (sent 76 in 3004ms, skipped=5)
[Capture FPS] Mon1: 6.0 fps (captured 18 frames in 3011ms)
[Capture FPS] Mon0: 26.2 fps (captured 79 frames in 3011ms)
[Encode FPS] Mon0: 30.1 fps (sent 92 in 3055ms, skipped=3)
[Encode FPS] Mon1: 28.0 fps (sent 86 in 3071ms, skipped=5)
[Capture FPS] Mon1: 0.7 fps (captured 2 frames in 3026ms)
[Capture FPS] Mon0: 23.8 fps (captured 72 frames in 3026ms)
[Encode FPS] Mon0: 29.5 fps (sent 89 in 3012ms, skipped=3)
[Encode FPS] Mon1: 25.8 fps (sent 78 in 3028ms, skipped=5)
[Capture FPS] Mon1: 0.7 fps (captured 2 frames in 3010ms)
[Capture FPS] Mon0: 21.3 fps (captured 64 frames in 3010ms)
[Encode FPS] Mon0: 29.3 fps (sent 90 in 3073ms, skipped=3)
[Encode FPS] Mon1: 26.0 fps (sent 79 in 3039ms, skipped=5)
[Capture FPS] Mon0: 12.8 fps (captured 39 frames in 3043ms)
[Capture FPS] Mon1: 18.1 fps (captured 55 frames in 3043ms)
[Encode FPS] Mon0: 27.8 fps (sent 84 in 3024ms, skipped=3)
[Encode FPS] Mon1: 29.1 fps (sent 89 in 3061ms, skipped=5)
[Capture FPS] Mon0: 2.6 fps (captured 8 frames in 3037ms)
[Capture FPS] Mon1: 29.6 fps (captured 90 frames in 3036ms)
[Encode FPS] Mon0: 27.3 fps (sent 83 in 3038ms, skipped=3)
[Encode FPS] Mon1: 30.3 fps (sent 93 in 3067ms, skipped=5)
[Capture FPS] Mon0: 0.0 fps (captured 0 frames in 3026ms)
[Capture FPS] Mon1: 30.1 fps (captured 91 frames in 3027ms)
[Encode FPS] Mon0: 27.0 fps (sent 83 in 3072ms, skipped=3)
[Encode FPS] Mon1: 30.3 fps (sent 93 in 3070ms, skipped=5)
[Capture FPS] Mon1: 29.6 fps (captured 89 frames in 3007ms)
[Capture FPS] Mon0: 0.0 fps (captured 0 frames in 3038ms)
[Encode FPS] Mon0: 27.4 fps (sent 84 in 3067ms, skipped=3)
[Encode FPS] Mon1: 30.4 fps (sent 92 in 3022ms, skipped=5)
[Capture FPS] Mon1: 29.6 fps (captured 89 frames in 3008ms)
[Capture FPS] Mon0: 0.0 fps (captured 0 frames in 3039ms)
[Encode FPS] Mon0: 26.2 fps (sent 79 in 3010ms, skipped=3)
[Encode FPS] Mon1: 30.2 fps (sent 91 in 3009ms, skipped=5)
[Capture FPS] Mon1: 29.3 fps (captured 89 frames in 3037ms)
[Capture FPS] Mon0: 0.0 fps (captured 0 frames in 3006ms)
[Encode FPS] Mon0: 26.4 fps (sent 80 in 3036ms, skipped=3)
[Encode FPS] Mon1: 30.2 fps (sent 92 in 3047ms, skipped=5)
[Capture FPS] Mon1: 30.0 fps (captured 90 frames in 3003ms)
[Capture FPS] Mon0: 0.0 fps (captured 0 frames in 3034ms)
[Encode FPS] Mon0: 26.6 fps (sent 80 in 3005ms, skipped=3)
[Encode FPS] Mon1: 30.4 fps (sent 92 in 3029ms, skipped=5)
[Capture FPS] Mon1: 29.6 fps (captured 89 frames in 3003ms)
[Capture FPS] Mon0: 0.3 fps (captured 1 frames in 3002ms)
[Encode FPS] Mon0: 26.1 fps (sent 80 in 3061ms, skipped=3)
[Encode FPS] Mon1: 30.4 fps (sent 92 in 3028ms, skipped=5)
[Capture FPS] Mon1: 29.6 fps (captured 90 frames in 3036ms)
[Capture FPS] Mon0: 0.0 fps (captured 0 frames in 3005ms)
[Encode FPS] Mon0: 25.6 fps (sent 77 in 3009ms, skipped=3)
[Encode FPS] Mon1: 30.2 fps (sent 92 in 3042ms, skipped=5)
[Capture FPS] Mon1: 30.0 fps (captured 90 frames in 3000ms)
[Capture FPS] Mon0: 0.0 fps (captured 0 frames in 3000ms)
[Encode FPS] Mon0: 26.6 fps (sent 80 in 3002ms, skipped=3)
[Encode FPS] Mon1: 30.2 fps (sent 92 in 3043ms, skipped=5)
[Capture FPS] Mon1: 29.6 fps (captured 89 frames in 3002ms)
[Capture FPS] Mon0: 0.0 fps (captured 0 frames in 3003ms)
[Encode FPS] Mon0: 26.1 fps (sent 79 in 3027ms, skipped=3)
[Encode FPS] Mon1: 30.3 fps (sent 92 in 3032ms, skipped=5)
[Capture FPS] Mon1: 29.3 fps (captured 88 frames in 3004ms)
[Capture FPS] Mon0: 0.0 fps (captured 0 frames in 3035ms)
[Encode FPS] Mon0: 26.3 fps (sent 79 in 3006ms, skipped=3)
[Encode FPS] Mon1: 30.3 fps (sent 91 in 3008ms, skipped=5)
[Capture FPS] Mon1: 29.6 fps (captured 89 frames in 3003ms)
[Capture FPS] Mon0: 0.0 fps (captured 0 frames in 3002ms)
[Encode FPS] Mon0: 26.1 fps (sent 79 in 3032ms, skipped=3)
[Encode FPS] Mon1: 30.7 fps (sent 94 in 3060ms, skipped=5)
[Capture FPS] Mon1: 29.7 fps (captured 90 frames in 3030ms)
[Capture FPS] Mon0: 0.0 fps (captured 0 frames in 3000ms)
[Encode FPS] Mon0: 26.9 fps (sent 82 in 3047ms, skipped=3)
[Encode FPS] Mon1: 30.3 fps (sent 91 in 3000ms, skipped=5)
[Capture FPS] Mon1: 29.6 fps (captured 89 frames in 3003ms)
[Capture FPS] Mon0: 0.0 fps (captured 0 frames in 3002ms)
[Encode FPS] Mon0: 26.7 fps (sent 80 in 3001ms, skipped=3)
[Encode FPS] Mon1: 30.3 fps (sent 91 in 3001ms, skipped=5)
[Capture FPS] Mon1: 29.3 fps (captured 88 frames in 3004ms)
[Capture FPS] Mon0: 0.0 fps (captured 0 frames in 3004ms)
[Encode FPS] Mon0: 26.1 fps (sent 80 in 3067ms, skipped=3)
[Encode FPS] Mon1: 30.3 fps (sent 91 in 3005ms, skipped=5)
[Capture FPS] Mon0: 0.0 fps (captured 0 frames in 3000ms)
[Capture FPS] Mon1: 29.7 fps (captured 90 frames in 3030ms)
[Encode FPS] Mon0: 26.7 fps (sent 81 in 3034ms, skipped=3)
[Encode FPS] Mon1: 30.6 fps (sent 92 in 3002ms, skipped=5)
[Capture FPS] Mon0: 0.0 fps (captured 0 frames in 3006ms)
[Capture FPS] Mon1: 29.6 fps (captured 89 frames in 3006ms)
[Encode FPS] Mon1: 30.3 fps (sent 91 in 3000ms, skipped=5)
[Encode FPS] Mon0: 26.4 fps (sent 80 in 3031ms, skipped=3)
[Capture FPS] Mon0: 0.0 fps (captured 0 frames in 3006ms)
[Capture FPS] Mon1: 29.9 fps (captured 90 frames in 3007ms)
[Encode FPS] Mon0: 26.2 fps (sent 79 in 3010ms, skipped=3)
[Encode FPS] Mon1: 30.3 fps (sent 92 in 3038ms, skipped=5)
[Capture FPS] Mon1: 30.0 fps (captured 90 frames in 3004ms)
[Capture FPS] Mon0: 6.0 fps (captured 18 frames in 3005ms)
[Encode FPS] Mon1: 30.3 fps (sent 91 in 3007ms, skipped=5)
[Encode FPS] Mon0: 28.3 fps (sent 86 in 3034ms, skipped=3)
[Capture FPS] Mon1: 27.0 fps (captured 81 frames in 3005ms)
[Capture FPS] Mon0: 11.5 fps (captured 35 frames in 3036ms)
[Encode FPS] Mon1: 29.9 fps (sent 90 in 3008ms, skipped=5)
[Encode FPS] Mon0: 28.6 fps (sent 87 in 3039ms, skipped=3)
[Capture FPS] Mon1: 8.0 fps (captured 24 frames in 3007ms)
[Capture FPS] Mon0: 21.0 fps (captured 63 frames in 3007ms)
[Encode FPS] Mon1: 26.3 fps (sent 81 in 3080ms, skipped=5)
[Encode FPS] Mon0: 29.9 fps (sent 91 in 3048ms, skipped=3)
[Capture FPS] Mon0: 30.3 fps (captured 91 frames in 3004ms)
[Capture FPS] Mon1: 3.3 fps (captured 10 frames in 3035ms)
[Encode FPS] Mon1: 27.0 fps (sent 81 in 3005ms, skipped=5)
[Encode FPS] Mon0: 30.3 fps (sent 92 in 3040ms, skipped=3)
[Capture FPS] Mon1: 4.0 fps (captured 12 frames in 3025ms)
[Capture FPS] Mon0: 28.1 fps (captured 85 frames in 3025ms)
[Encode FPS] Mon1: 26.6 fps (sent 81 in 3043ms, skipped=5)
[Encode FPS] Mon0: 30.3 fps (sent 91 in 3008ms, skipped=3)
[Capture FPS] Mon0: 30.3 fps (captured 91 frames in 3006ms)
[Capture FPS] Mon1: 4.0 fps (captured 12 frames in 3006ms)
[Encode FPS] Mon0: 30.3 fps (sent 91 in 3003ms, skipped=3)
[Encode FPS] Mon1: 25.6 fps (sent 80 in 3129ms, skipped=5)
[Capture FPS] Mon1: 0.7 fps (captured 2 frames in 3011ms)
[Capture FPS] Mon0: 29.2 fps (captured 88 frames in 3011ms)
[Encode FPS] Mon0: 29.9 fps (sent 90 in 3011ms, skipped=3)
[Encode FPS] Mon1: 26.3 fps (sent 79 in 3001ms, skipped=5)
[Capture FPS] Mon0: 29.0 fps (captured 88 frames in 3037ms)
[Capture FPS] Mon1: 0.0 fps (captured 0 frames in 3037ms)
[Encode FPS] Mon0: 30.5 fps (sent 92 in 3020ms, skipped=3)
[Encode FPS] Mon1: 25.3 fps (sent 76 in 3002ms, skipped=5)
[Capture FPS] Mon0: 26.4 fps (captured 80 frames in 3035ms)
[Capture FPS] Mon1: 0.7 fps (captured 2 frames in 3035ms)
[Encode FPS] Mon0: 30.1 fps (sent 91 in 3019ms, skipped=3)
[Encode FPS] Mon1: 24.9 fps (sent 75 in 3007ms, skipped=5)
[Capture FPS] Mon0: 25.0 fps (captured 75 frames in 3004ms)
[Capture FPS] Mon1: 0.0 fps (captured 0 frames in 3034ms)
[Encode FPS] Mon0: 29.6 fps (sent 89 in 3005ms, skipped=3)
[Encode FPS] Mon1: 25.8 fps (sent 78 in 3026ms, skipped=5)
[Capture FPS] Mon0: 24.3 fps (captured 73 frames in 3000ms)
[Capture FPS] Mon1: 0.0 fps (captured 0 frames in 3032ms)
[Encode FPS] Mon0: 29.6 fps (sent 90 in 3036ms, skipped=3)
[Encode FPS] Mon1: 26.0 fps (sent 78 in 3003ms, skipped=5)
[Capture FPS] Mon0: 23.7 fps (captured 72 frames in 3038ms)
[Capture FPS] Mon1: 0.0 fps (captured 0 frames in 3007ms)
[Encode FPS] Mon0: 29.5 fps (sent 90 in 3053ms, skipped=3)
[Encode FPS] Mon1: 26.6 fps (sent 80 in 3007ms, skipped=5)
[Capture FPS] Mon0: 24.6 fps (captured 74 frames in 3005ms)
[Capture FPS] Mon1: 0.0 fps (captured 0 frames in 3005ms)
[Encode FPS] Mon0: 29.6 fps (sent 89 in 3006ms, skipped=3)
[Encode FPS] Mon1: 26.7 fps (sent 81 in 3039ms, skipped=5)
[Capture FPS] Mon0: 24.8 fps (captured 75 frames in 3021ms)
[Capture FPS] Mon1: 0.0 fps (captured 0 frames in 3036ms)
[Encode FPS] Mon0: 29.9 fps (sent 90 in 3009ms, skipped=3)
[Encode FPS] Mon1: 26.0 fps (sent 79 in 3033ms, skipped=5)
[Capture FPS] Mon0: 24.9 fps (captured 75 frames in 3008ms)
[Capture FPS] Mon1: 0.0 fps (captured 0 frames in 3023ms)
[Encode FPS] Mon0: 30.3 fps (sent 92 in 3032ms, skipped=3)
[Encode FPS] Mon1: 25.0 fps (sent 75 in 3005ms, skipped=5)
[Capture FPS] Mon0: 25.0 fps (captured 75 frames in 3004ms)
[Capture FPS] Mon1: 0.0 fps (captured 0 frames in 3005ms)
[Encode FPS] Mon0: 30.3 fps (sent 92 in 3036ms, skipped=3)
[Encode FPS] Mon1: 26.0 fps (sent 79 in 3037ms, skipped=5)
[Capture FPS] Mon0: 25.0 fps (captured 75 frames in 3006ms)
[Capture FPS] Mon1: 0.0 fps (captured 0 frames in 3006ms)
[Encode FPS] Mon0: 30.3 fps (sent 92 in 3034ms, skipped=3)
[Encode FPS] Mon1: 26.0 fps (sent 80 in 3073ms, skipped=5)
[Capture FPS] Mon0: 24.3 fps (captured 73 frames in 3007ms)
[Capture FPS] Mon1: 0.0 fps (captured 0 frames in 3038ms)
[Encode FPS] Mon0: 29.3 fps (sent 88 in 3002ms, skipped=3)
[Encode FPS] Mon1: 26.0 fps (sent 78 in 3004ms, skipped=5)
[Capture FPS] Mon0: 24.0 fps (captured 73 frames in 3036ms)
[Capture FPS] Mon1: 0.0 fps (captured 0 frames in 3005ms)
[Encode FPS] Mon0: 30.0 fps (sent 90 in 3001ms, skipped=3)
[Encode FPS] Mon1: 26.3 fps (sent 79 in 3005ms, skipped=5)
[Capture FPS] Mon0: 24.8 fps (captured 75 frames in 3026ms)
[Capture FPS] Mon1: 0.0 fps (captured 0 frames in 3026ms)
[Encode FPS] Mon0: 30.2 fps (sent 92 in 3043ms, skipped=3)
[Encode FPS] Mon1: 26.0 fps (sent 78 in 3000ms, skipped=5)
[Capture FPS] Mon0: 24.6 fps (captured 74 frames in 3010ms)
[Capture FPS] Mon1: 0.0 fps (captured 0 frames in 3010ms)
[Encode FPS] Mon0: 30.0 fps (sent 90 in 3004ms, skipped=3)
[Encode FPS] Mon1: 25.4 fps (sent 77 in 3037ms, skipped=5)
[Capture FPS] Mon0: 23.8 fps (captured 72 frames in 3026ms)
[Capture FPS] Mon1: 0.0 fps (captured 0 frames in 3010ms)
[Encode FPS] Mon0: 29.0 fps (sent 88 in 3035ms, skipped=3)
[Encode FPS] Mon1: 25.9 fps (sent 79 in 3056ms, skipped=5)
[Capture FPS] Mon0: 24.9 fps (captured 75 frames in 3009ms)
[Capture FPS] Mon1: 0.0 fps (captured 0 frames in 3025ms)
[Encode FPS] Mon0: 30.0 fps (sent 91 in 3038ms, skipped=3)
[Encode FPS] Mon1: 26.6 fps (sent 80 in 3010ms, skipped=5)
[Capture FPS] Mon0: 24.9 fps (captured 75 frames in 3009ms)
[Capture FPS] Mon1: 0.0 fps (captured 0 frames in 3009ms)
[Encode FPS] Mon0: 29.6 fps (sent 89 in 3002ms, skipped=3)
[Encode FPS] Mon1: 26.4 fps (sent 81 in 3070ms, skipped=5)
[Capture FPS] Mon0: 24.7 fps (captured 75 frames in 3037ms)
[Capture FPS] Mon1: 0.0 fps (captured 0 frames in 3037ms)
[Encode FPS] Mon0: 30.3 fps (sent 92 in 3040ms, skipped=3)
[Encode FPS] Mon1: 26.9 fps (sent 81 in 3009ms, skipped=5)
[Capture FPS] Mon0: 25.1 fps (captured 76 frames in 3023ms)
[Capture FPS] Mon1: 0.0 fps (captured 0 frames in 3007ms)
[Encode FPS] Mon0: 30.9 fps (sent 94 in 3039ms, skipped=3)
[Encode FPS] Mon1: 26.5 fps (sent 80 in 3023ms, skipped=5)
[Capture FPS] Mon0: 24.9 fps (captured 75 frames in 3007ms)
[Capture FPS] Mon1: 0.0 fps (captured 0 frames in 3023ms)
[Encode FPS] Mon0: 30.3 fps (sent 91 in 3006ms, skipped=3)
[Encode FPS] Mon1: 26.6 fps (sent 80 in 3006ms, skipped=5)
[Capture FPS] Mon0: 24.6 fps (captured 74 frames in 3006ms)
[Capture FPS] Mon1: 0.0 fps (captured 0 frames in 3006ms)
[Encode FPS] Mon0: 30.0 fps (sent 90 in 3001ms, skipped=3)
[Encode FPS] Mon1: 26.3 fps (sent 79 in 3001ms, skipped=5)
[Capture FPS] Mon0: 24.7 fps (captured 74 frames in 3001ms)
[Capture FPS] Mon1: 0.3 fps (captured 1 frames in 3000ms)
[Encode FPS] Mon0: 30.5 fps (sent 92 in 3016ms, skipped=3)
[Encode FPS] Mon1: 25.6 fps (sent 78 in 3048ms, skipped=5)
[Capture FPS] Mon0: 25.0 fps (captured 75 frames in 3003ms)
[Capture FPS] Mon1: 0.3 fps (captured 1 frames in 3003ms)
[Encode FPS] Mon0: 29.8 fps (sent 90 in 3022ms, skipped=3)
[Encode FPS] Mon1: 26.4 fps (sent 80 in 3034ms, skipped=5)
[Capture FPS] Mon0: 24.0 fps (captured 72 frames in 3006ms)
[Capture FPS] Mon1: 0.3 fps (captured 1 frames in 3006ms)
[Encode FPS] Mon0: 30.5 fps (sent 92 in 3016ms, skipped=3)
[Encode FPS] Mon1: 26.6 fps (sent 80 in 3004ms, skipped=5)
[Capture FPS] Mon0: 25.0 fps (captured 75 frames in 3002ms)
[Capture FPS] Mon1: 0.0 fps (captured 0 frames in 3003ms)
[Encode FPS] Mon0: 30.3 fps (sent 92 in 3037ms, skipped=3)
[Encode FPS] Mon1: 26.6 fps (sent 80 in 3002ms, skipped=5)
[Capture FPS] Mon0: 24.6 fps (captured 74 frames in 3005ms)
[Capture FPS] Mon1: 0.0 fps (captured 0 frames in 3004ms)
[Encode FPS] Mon0: 29.3 fps (sent 88 in 3007ms, skipped=3)
[Encode FPS] Mon1: 25.7 fps (sent 79 in 3071ms, skipped=5)
[Capture FPS] Mon0: 24.6 fps (captured 74 frames in 3008ms)
[Capture FPS] Mon1: 0.0 fps (captured 0 frames in 3039ms)
[Encode FPS] Mon0: 29.7 fps (sent 90 in 3035ms, skipped=3)
[Encode FPS] Mon1: 26.0 fps (sent 79 in 3036ms, skipped=5)
[Capture FPS] Mon0: 24.3 fps (captured 73 frames in 3004ms)
[Capture FPS] Mon1: 0.0 fps (captured 0 frames in 3004ms)
[Encode FPS] Mon0: 29.6 fps (sent 89 in 3010ms, skipped=3)
[Encode FPS] Mon1: 27.6 fps (sent 83 in 3002ms, skipped=5)
[Capture FPS] Mon0: 24.8 fps (captured 75 frames in 3025ms)
[Capture FPS] Mon1: 0.0 fps (captured 0 frames in 3041ms)
[Encode FPS] Mon0: 30.1 fps (sent 91 in 3028ms, skipped=3)
[Encode FPS] Mon1: 26.5 fps (sent 81 in 3062ms, skipped=5)
[Capture FPS] Mon0: 24.9 fps (captured 75 frames in 3010ms)
[Capture FPS] Mon1: 0.0 fps (captured 0 frames in 3035ms)
[Encode FPS] Mon0: 29.3 fps (sent 88 in 3008ms, skipped=3)
[Encode FPS] Mon1: 26.3 fps (sent 80 in 3042ms, skipped=5)
[Capture FPS] Mon0: 24.5 fps (captured 74 frames in 3026ms)
[Capture FPS] Mon1: 0.0 fps (captured 0 frames in 3000ms)
[Encode FPS] Mon0: 29.6 fps (sent 90 in 3041ms, skipped=3)
[Encode FPS] Mon1: 26.1 fps (sent 80 in 3071ms, skipped=5)
[Capture FPS] Mon0: 25.3 fps (captured 76 frames in 3008ms)
[Capture FPS] Mon1: 0.0 fps (captured 0 frames in 3009ms)
[Encode FPS] Mon0: 29.3 fps (sent 90 in 3071ms, skipped=3)
[Encode FPS] Mon1: 26.5 fps (sent 81 in 3057ms, skipped=5)
[Capture FPS] Mon0: 24.6 fps (captured 74 frames in 3009ms)
[Capture FPS] Mon1: 0.0 fps (captured 0 frames in 3025ms)
[Encode FPS] Mon0: 29.6 fps (sent 90 in 3037ms, skipped=3)
[Encode FPS] Mon1: 26.3 fps (sent 79 in 3005ms, skipped=5)
[Capture FPS] Mon0: 24.4 fps (captured 74 frames in 3027ms)
[Capture FPS] Mon1: 0.0 fps (captured 0 frames in 3042ms)
[Encode FPS] Mon0: 29.6 fps (sent 89 in 3006ms, skipped=3)
[Encode FPS] Mon1: 26.6 fps (sent 80 in 3013ms, skipped=5)
[Capture FPS] Mon0: 24.9 fps (captured 75 frames in 3013ms)
[Capture FPS] Mon1: 0.0 fps (captured 0 frames in 3030ms)
[Encode FPS] Mon0: 30.6 fps (sent 92 in 3003ms, skipped=3)
[Encode FPS] Mon1: 27.2 fps (sent 83 in 3056ms, skipped=5)
[Capture FPS] Mon0: 24.8 fps (captured 75 frames in 3024ms)
[Capture FPS] Mon1: 0.0 fps (captured 0 frames in 3007ms)
[Encode FPS] Mon0: 30.3 fps (sent 93 in 3072ms, skipped=3)
[Encode FPS] Mon1: 25.3 fps (sent 78 in 3077ms, skipped=5)
[Capture FPS] Mon0: 24.7 fps (captured 75 frames in 3038ms)
[Capture FPS] Mon1: 0.0 fps (captured 0 frames in 3007ms)
[Encode FPS] Mon0: 29.2 fps (sent 88 in 3017ms, skipped=3)
[Encode FPS] Mon1: 26.0 fps (sent 78 in 3000ms, skipped=5)
[Capture FPS] Mon0: 24.6 fps (captured 74 frames in 3007ms)
[Capture FPS] Mon1: 0.0 fps (captured 0 frames in 3038ms)
[Encode FPS] Mon0: 28.8 fps (sent 87 in 3020ms, skipped=3)
[Encode FPS] Mon1: 25.9 fps (sent 78 in 3012ms, skipped=5)
[Capture FPS] Mon0: 23.7 fps (captured 72 frames in 3043ms)
[Capture FPS] Mon1: 0.0 fps (captured 0 frames in 3027ms)
[Encode FPS] Mon0: 29.6 fps (sent 90 in 3037ms, skipped=3)
[Encode FPS] Mon1: 26.1 fps (sent 80 in 3061ms, skipped=5)
[Capture FPS] Mon0: 24.9 fps (captured 76 frames in 3058ms)
[Capture FPS] Mon1: 0.0 fps (captured 0 frames in 3012ms)
[Encode FPS] Mon0: 30.3 fps (sent 92 in 3038ms, skipped=3)
[Encode FPS] Mon1: 25.7 fps (sent 78 in 3038ms, skipped=5)
[Capture FPS] Mon0: 24.9 fps (captured 75 frames in 3009ms)
[Capture FPS] Mon1: 0.0 fps (captured 0 frames in 3025ms)
[Encode FPS] Mon0: 29.7 fps (sent 91 in 3060ms, skipped=3)
[Encode FPS] Mon1: 26.3 fps (sent 80 in 3041ms, skipped=5)
[Capture FPS] Mon0: 24.4 fps (captured 74 frames in 3027ms)
[Capture FPS] Mon1: 0.3 fps (captured 1 frames in 3010ms)
[Encode FPS] Mon0: 29.4 fps (sent 89 in 3028ms, skipped=3)
[Encode FPS] Mon1: 26.8 fps (sent 81 in 3025ms, skipped=5)
[Capture FPS] Mon0: 24.3 fps (captured 74 frames in 3040ms)
[Capture FPS] Mon1: 0.0 fps (captured 0 frames in 3026ms)
[Encode FPS] Mon0: 29.6 fps (sent 90 in 3038ms, skipped=3)
[Encode FPS] Mon1: 25.9 fps (sent 78 in 3009ms, skipped=5)
[Capture FPS] Mon0: 24.9 fps (captured 75 frames in 3010ms)
[Capture FPS] Mon1: 0.0 fps (captured 0 frames in 3010ms)
[Encode FPS] Mon0: 29.6 fps (sent 90 in 3043ms, skipped=3)
[Encode FPS] Mon1: 25.9 fps (sent 78 in 3007ms, skipped=5)
[Capture FPS] Mon0: 24.7 fps (captured 75 frames in 3039ms)
[Capture FPS] Mon1: 0.0 fps (captured 0 frames in 3038ms)
[Encode FPS] Mon0: 29.6 fps (sent 89 in 3009ms, skipped=3)
[Encode FPS] Mon1: 26.4 fps (sent 81 in 3063ms, skipped=5)
[Capture FPS] Mon0: 24.8 fps (captured 75 frames in 3029ms)
[Capture FPS] Mon1: 0.0 fps (captured 0 frames in 3000ms)
[Encode FPS] Mon0: 30.3 fps (sent 92 in 3034ms, skipped=3)
[Encode FPS] Mon1: 26.0 fps (sent 79 in 3042ms, skipped=5)
[Capture FPS] Mon0: 24.9 fps (captured 75 frames in 3008ms)
[Capture FPS] Mon1: 0.0 fps (captured 0 frames in 3038ms)
[Encode FPS] Mon0: 29.9 fps (sent 91 in 3039ms, skipped=3)
[Encode FPS] Mon1: 26.1 fps (sent 80 in 3068ms, skipped=5)
[Capture FPS] Mon0: 25.1 fps (captured 76 frames in 3026ms)
[Capture FPS] Mon1: 0.0 fps (captured 0 frames in 3042ms)
[Encode FPS] Mon0: 30.0 fps (sent 90 in 3000ms, skipped=3)
[Encode FPS] Mon1: 26.4 fps (sent 81 in 3063ms, skipped=5)
[Capture FPS] Mon0: 25.0 fps (captured 75 frames in 3003ms)
[Capture FPS] Mon1: 0.0 fps (captured 0 frames in 3002ms)
[Encode FPS] Mon0: 30.6 fps (sent 92 in 3004ms, skipped=3)
[Encode FPS] Mon1: 26.3 fps (sent 80 in 3043ms, skipped=5)
[Capture FPS] Mon0: 24.9 fps (captured 75 frames in 3009ms)
[Capture FPS] Mon1: 0.0 fps (captured 0 frames in 3024ms)
[Encode FPS] Mon0: 30.0 fps (sent 90 in 3001ms, skipped=3)
[Encode FPS] Mon1: 26.4 fps (sent 81 in 3069ms, skipped=5)
[Capture FPS] Mon0: 24.9 fps (captured 75 frames in 3009ms)
[Capture FPS] Mon1: 0.0 fps (captured 0 frames in 3010ms)
[Encode FPS] Mon0: 30.7 fps (sent 94 in 3065ms, skipped=3)
[Encode FPS] Mon1: 26.5 fps (sent 81 in 3056ms, skipped=5)
[Capture FPS] Mon0: 24.5 fps (captured 74 frames in 3024ms)
[Capture FPS] Mon1: 0.0 fps (captured 0 frames in 3009ms)
[Encode FPS] Mon0: 30.3 fps (sent 92 in 3040ms, skipped=3)
[Encode FPS] Mon1: 26.0 fps (sent 79 in 3041ms, skipped=5)
[Capture FPS] Mon0: 24.3 fps (captured 74 frames in 3040ms)
[Capture FPS] Mon1: 0.0 fps (captured 0 frames in 3023ms)
[Encode FPS] Mon0: 29.8 fps (sent 90 in 3019ms, skipped=3)
[Encode FPS] Mon1: 26.6 fps (sent 80 in 3003ms, skipped=5)
[Capture FPS] Mon0: 25.0 fps (captured 75 frames in 3004ms)
[Capture FPS] Mon1: 0.0 fps (captured 0 frames in 3004ms)
[Encode FPS] Mon0: 29.8 fps (sent 90 in 3021ms, skipped=3)
[Encode FPS] Mon1: 27.3 fps (sent 82 in 3007ms, skipped=5)
[Capture FPS] Mon0: 24.6 fps (captured 74 frames in 3003ms)
[Capture FPS] Mon1: 0.0 fps (captured 0 frames in 3004ms)
[Encode FPS] Mon0: 30.0 fps (sent 90 in 3005ms, skipped=3)
[Encode FPS] Mon1: 25.7 fps (sent 78 in 3032ms, skipped=5)
[Capture FPS] Mon0: 24.6 fps (captured 74 frames in 3003ms)
[Capture FPS] Mon1: 0.0 fps (captured 0 frames in 3003ms)
[Encode FPS] Mon0: 30.3 fps (sent 92 in 3036ms, skipped=3)
[Encode FPS] Mon1: 26.4 fps (sent 80 in 3036ms, skipped=5)
[Capture FPS] Mon0: 24.3 fps (captured 74 frames in 3042ms)
[Capture FPS] Mon1: 0.0 fps (captured 0 frames in 3011ms)
[Encode FPS] Mon0: 29.8 fps (sent 90 in 3023ms, skipped=3)
[Encode FPS] Mon1: 25.9 fps (sent 78 in 3010ms, skipped=5)
[Capture FPS] Mon0: 24.6 fps (captured 74 frames in 3004ms)
[Capture FPS] Mon1: 0.0 fps (captured 0 frames in 3034ms)
[Encode FPS] Mon0: 29.0 fps (sent 88 in 3038ms, skipped=3)
[Encode FPS] Mon1: 25.0 fps (sent 76 in 3036ms, skipped=5)
[Capture FPS] Mon0: 24.5 fps (captured 74 frames in 3025ms)
[Capture FPS] Mon1: 0.0 fps (captured 0 frames in 3040ms)
[Encode FPS] Mon0: 29.2 fps (sent 88 in 3009ms, skipped=3)
[Encode FPS] Mon1: 26.1 fps (sent 80 in 3068ms, skipped=5)
[Capture FPS] Mon0: 24.6 fps (captured 74 frames in 3003ms)
[Capture FPS] Mon1: 0.0 fps (captured 0 frames in 3004ms)
[Encode FPS] Mon0: 30.1 fps (sent 91 in 3027ms, skipped=3)
[Encode FPS] Mon1: 25.9 fps (sent 78 in 3008ms, skipped=5)
[Capture FPS] Mon0: 24.6 fps (captured 74 frames in 3004ms)
[Capture FPS] Mon1: 0.0 fps (captured 0 frames in 3004ms)
[Encode FPS] Mon0: 29.6 fps (sent 89 in 3005ms, skipped=3)
[Encode FPS] Mon1: 25.5 fps (sent 78 in 3063ms, skipped=5)
[Capture FPS] Mon0: 24.6 fps (captured 74 frames in 3005ms)
[Capture FPS] Mon1: 0.3 fps (captured 1 frames in 3020ms)
[Encode FPS] Mon0: 30.6 fps (sent 92 in 3005ms, skipped=3)
[Encode FPS] Mon1: 25.7 fps (sent 77 in 3000ms, skipped=5)
[Capture FPS] Mon0: 24.7 fps (captured 74 frames in 3000ms)
[Capture FPS] Mon1: 0.0 fps (captured 0 frames in 3016ms)
[Encode FPS] Mon0: 29.6 fps (sent 90 in 3036ms, skipped=3)
[Encode FPS] Mon1: 25.7 fps (sent 78 in 3039ms, skipped=5)
[Capture FPS] Mon0: 24.3 fps (captured 73 frames in 3009ms)
[Capture FPS] Mon1: 0.0 fps (captured 0 frames in 3023ms)
[Encode FPS] Mon0: 30.3 fps (sent 92 in 3037ms, skipped=3)
[Encode FPS] Mon1: 26.6 fps (sent 80 in 3005ms, skipped=5)
[Capture FPS] Mon0: 25.3 fps (captured 76 frames in 3007ms)
[Capture FPS] Mon1: 0.0 fps (captured 0 frames in 3008ms)
[Encode FPS] Mon0: 29.8 fps (sent 90 in 3016ms, skipped=3)
[Encode FPS] Mon1: 25.8 fps (sent 79 in 3064ms, skipped=5)
[Capture FPS] Mon0: 24.7 fps (captured 74 frames in 3000ms)
[Capture FPS] Mon1: 0.0 fps (captured 0 frames in 3000ms)
[Encode FPS] Mon0: 29.8 fps (sent 90 in 3017ms, skipped=3)
[Encode FPS] Mon1: 25.7 fps (sent 78 in 3031ms, skipped=5)
[Capture FPS] Mon0: 24.3 fps (captured 73 frames in 3001ms)
[Capture FPS] Mon1: 0.0 fps (captured 0 frames in 3016ms)
[Encode FPS] Mon0: 29.3 fps (sent 88 in 3007ms, skipped=3)
[Encode FPS] Mon1: 25.7 fps (sent 78 in 3039ms, skipped=5)
[Capture FPS] Mon0: 24.6 fps (captured 74 frames in 3008ms)
[Capture FPS] Mon1: 0.0 fps (captured 0 frames in 3024ms)
[Encode FPS] Mon0: 29.7 fps (sent 90 in 3034ms, skipped=3)
[Encode FPS] Mon1: 25.9 fps (sent 78 in 3006ms, skipped=5)
[Capture FPS] Mon0: 24.6 fps (captured 74 frames in 3003ms)
[Capture FPS] Mon1: 0.0 fps (captured 0 frames in 3003ms)
[Encode FPS] Mon0: 30.0 fps (sent 90 in 3002ms, skipped=3)
[Encode FPS] Mon1: 26.0 fps (sent 78 in 3001ms, skipped=5)
[Capture FPS] Mon0: 24.6 fps (captured 74 frames in 3004ms)
[Capture FPS] Mon1: 0.0 fps (captured 0 frames in 3004ms)
[Encode FPS] Mon0: 29.9 fps (sent 91 in 3042ms, skipped=3)
[Encode FPS] Mon1: 26.6 fps (sent 80 in 3011ms, skipped=5)
[Capture FPS] Mon0: 24.8 fps (captured 75 frames in 3023ms)
[Capture FPS] Mon1: 0.0 fps (captured 0 frames in 3009ms)
[Encode FPS] Mon0: 29.3 fps (sent 90 in 3068ms, skipped=3)
[Encode FPS] Mon1: 24.4 fps (sent 74 in 3036ms, skipped=5)
[Capture FPS] Mon0: 24.6 fps (captured 74 frames in 3007ms)
[Capture FPS] Mon1: 0.0 fps (captured 0 frames in 3036ms)
[Encode FPS] Mon0: 28.7 fps (sent 88 in 3067ms, skipped=3)
[Encode FPS] Mon1: 25.3 fps (sent 76 in 3003ms, skipped=5)
[Capture FPS] Mon0: 24.6 fps (captured 74 frames in 3005ms)
[Capture FPS] Mon1: 0.0 fps (captured 0 frames in 3006ms)
[Encode FPS] Mon0: 29.9 fps (sent 90 in 3007ms, skipped=3)
[Encode FPS] Mon1: 26.1 fps (sent 80 in 3069ms, skipped=5)
[Capture FPS] Mon0: 24.0 fps (captured 72 frames in 3004ms)
[Capture FPS] Mon1: 0.0 fps (captured 0 frames in 3004ms)
[Encode FPS] Mon0: 28.7 fps (sent 86 in 3001ms, skipped=3)
[Encode FPS] Mon1: 25.6 fps (sent 78 in 3043ms, skipped=5)
[Capture FPS] Mon0: 24.6 fps (captured 74 frames in 3007ms)
[Capture FPS] Mon1: 0.0 fps (captured 0 frames in 3036ms)
[Encode FPS] Mon0: 30.4 fps (sent 92 in 3023ms, skipped=3)
[Encode FPS] Mon1: 25.8 fps (sent 79 in 3058ms, skipped=5)
[Capture FPS] Mon0: 24.7 fps (captured 74 frames in 3001ms)
[Capture FPS] Mon1: 0.0 fps (captured 0 frames in 3004ms)
[Encode FPS] Mon0: 30.0 fps (sent 91 in 3031ms, skipped=3)
[Encode FPS] Mon1: 26.7 fps (sent 81 in 3032ms, skipped=5)
[Capture FPS] Mon0: 25.0 fps (captured 75 frames in 3006ms)
[Capture FPS] Mon1: 0.0 fps (captured 0 frames in 3036ms)
[Encode FPS] Mon0: 30.8 fps (sent 94 in 3056ms, skipped=3)
[Encode FPS] Mon1: 26.1 fps (sent 80 in 3067ms, skipped=5)
[Capture FPS] Mon0: 25.0 fps (captured 75 frames in 3002ms)
[Capture FPS] Mon1: 0.0 fps (captured 0 frames in 3001ms)
[Encode FPS] Mon0: 30.6 fps (sent 92 in 3009ms, skipped=3)
[Encode FPS] Mon1: 25.3 fps (sent 76 in 3005ms, skipped=5)
[Capture FPS] Mon0: 24.8 fps (captured 75 frames in 3024ms)
[Capture FPS] Mon1: 0.0 fps (captured 0 frames in 3025ms)
[Encode FPS] Mon0: 29.1 fps (sent 88 in 3026ms, skipped=3)
[Encode FPS] Mon1: 25.6 fps (sent 77 in 3006ms, skipped=5)
[Capture FPS] Mon0: 24.9 fps (captured 75 frames in 3018ms)
[Capture FPS] Mon1: 0.0 fps (captured 0 frames in 3003ms)
[Encode FPS] Mon0: 30.3 fps (sent 91 in 3006ms, skipped=3)
[Encode FPS] Mon1: 26.4 fps (sent 81 in 3072ms, skipped=5)
[Capture FPS] Mon0: 24.8 fps (captured 75 frames in 3023ms)
[Capture FPS] Mon1: 0.0 fps (captured 0 frames in 3008ms)
[Encode FPS] Mon0: 29.6 fps (sent 89 in 3006ms, skipped=3)
[Encode FPS] Mon1: 26.1 fps (sent 79 in 3030ms, skipped=5)
[Capture FPS] Mon0: 25.0 fps (captured 75 frames in 3005ms)
[Capture FPS] Mon1: 0.3 fps (captured 1 frames in 3003ms)
[Encode FPS] Mon0: 30.4 fps (sent 92 in 3024ms, skipped=3)
[Encode FPS] Mon1: 26.3 fps (sent 80 in 3037ms, skipped=5)
[Capture FPS] Mon0: 25.0 fps (captured 75 frames in 3003ms)
[Capture FPS] Mon1: 0.0 fps (captured 0 frames in 3002ms)
[Encode FPS] Mon0: 30.5 fps (sent 92 in 3017ms, skipped=3)
[Encode FPS] Mon1: 26.0 fps (sent 78 in 3001ms, skipped=5)
[Capture FPS] Mon0: 25.0 fps (captured 76 frames in 3038ms)
[Capture FPS] Mon1: 0.0 fps (captured 0 frames in 3040ms)
[Encode FPS] Mon0: 29.6 fps (sent 90 in 3037ms, skipped=3)
[Encode FPS] Mon1: 26.6 fps (sent 80 in 3011ms, skipped=5)
[Capture FPS] Mon0: 24.6 fps (captured 74 frames in 3009ms)
[Capture FPS] Mon1: 0.0 fps (captured 0 frames in 3009ms)
[Encode FPS] Mon0: 30.4 fps (sent 92 in 3030ms, skipped=3)
[Encode FPS] Mon1: 25.8 fps (sent 78 in 3029ms, skipped=5)
[Capture FPS] Mon0: 24.8 fps (captured 75 frames in 3025ms)
[Capture FPS] Mon1: 0.0 fps (captured 0 frames in 3024ms)
[Encode FPS] Mon0: 29.9 fps (sent 90 in 3006ms, skipped=3)
[Encode FPS] Mon1: 26.6 fps (sent 80 in 3003ms, skipped=5)
[Capture FPS] Mon0: 24.6 fps (captured 74 frames in 3006ms)
[Capture FPS] Mon1: 0.0 fps (captured 0 frames in 3006ms)
[Encode FPS] Mon0: 29.8 fps (sent 91 in 3056ms, skipped=3)
[Encode FPS] Mon1: 26.4 fps (sent 81 in 3068ms, skipped=5)
[Capture FPS] Mon0: 24.6 fps (captured 74 frames in 3005ms)
[Capture FPS] Mon1: 0.0 fps (captured 0 frames in 3007ms)
[Encode FPS] Mon0: 30.3 fps (sent 92 in 3040ms, skipped=3)
[Encode FPS] Mon1: 25.4 fps (sent 78 in 3076ms, skipped=5)
[Capture FPS] Mon0: 24.3 fps (captured 73 frames in 3006ms)
[Capture FPS] Mon1: 0.0 fps (captured 0 frames in 3035ms)
[Encode FPS] Mon0: 29.0 fps (sent 87 in 3002ms, skipped=3)
[Encode FPS] Mon1: 25.7 fps (sent 77 in 3000ms, skipped=5)
[Capture FPS] Mon0: 24.6 fps (captured 74 frames in 3004ms)
[Capture FPS] Mon1: 0.0 fps (captured 0 frames in 3004ms)
[Encode FPS] Mon0: 30.0 fps (sent 90 in 3005ms, skipped=3)
[Encode FPS] Mon1: 25.6 fps (sent 77 in 3003ms, skipped=5)
[Capture FPS] Mon0: 24.3 fps (captured 73 frames in 3005ms)
[Capture FPS] Mon1: 0.0 fps (captured 0 frames in 3006ms)
[Encode FPS] Mon0: 29.4 fps (sent 89 in 3030ms, skipped=3)
[Encode FPS] Mon1: 25.7 fps (sent 78 in 3034ms, skipped=5)
[Capture FPS] Mon0: 25.0 fps (captured 76 frames in 3038ms)
[Capture FPS] Mon1: 0.0 fps (captured 0 frames in 3036ms)
[Encode FPS] Mon0: 30.3 fps (sent 92 in 3035ms, skipped=3)
[Encode FPS] Mon1: 26.0 fps (sent 78 in 3002ms, skipped=5)
[Capture FPS] Mon0: 25.0 fps (captured 75 frames in 3001ms)
[Capture FPS] Mon1: 0.0 fps (captured 0 frames in 3002ms)
[Encode FPS] Mon0: 29.9 fps (sent 91 in 3046ms, skipped=3)
[Encode FPS] Mon1: 25.9 fps (sent 78 in 3009ms, skipped=5)
[Capture FPS] Mon0: 24.5 fps (captured 74 frames in 3023ms)
[Capture FPS] Mon1: 0.0 fps (captured 0 frames in 3037ms)
[Encode FPS] Mon0: 29.6 fps (sent 90 in 3037ms, skipped=3)
[Encode FPS] Mon1: 26.1 fps (sent 80 in 3069ms, skipped=5)
[Capture FPS] Mon0: 24.6 fps (captured 74 frames in 3005ms)
[Capture FPS] Mon1: 0.0 fps (captured 0 frames in 3023ms)
[Encode FPS] Mon0: 29.6 fps (sent 90 in 3039ms, skipped=3)
[Encode FPS] Mon1: 26.1 fps (sent 80 in 3068ms, skipped=5)
[Capture FPS] Mon0: 24.6 fps (captured 74 frames in 3008ms)
[Capture FPS] Mon1: 0.0 fps (captured 0 frames in 3005ms)
[Encode FPS] Mon0: 29.3 fps (sent 89 in 3038ms, skipped=3)
[Encode FPS] Mon1: 26.1 fps (sent 80 in 3062ms, skipped=5)
[Capture FPS] Mon0: 24.7 fps (captured 74 frames in 3002ms)
[Capture FPS] Mon1: 0.0 fps (captured 0 frames in 3005ms)
[Encode FPS] Mon0: 30.3 fps (sent 92 in 3038ms, skipped=3)
[Encode FPS] Mon1: 26.7 fps (sent 81 in 3033ms, skipped=5)
[Capture FPS] Mon0: 24.7 fps (captured 74 frames in 3002ms)
[Capture FPS] Mon1: 0.0 fps (captured 0 frames in 3001ms)
[Encode FPS] Mon0: 29.9 fps (sent 90 in 3007ms, skipped=3)
[Encode FPS] Mon1: 27.0 fps (sent 82 in 3036ms, skipped=5)
[Capture FPS] Mon0: 24.6 fps (captured 74 frames in 3004ms)
[Capture FPS] Mon1: 0.0 fps (captured 0 frames in 3004ms)
[Encode FPS] Mon0: 29.8 fps (sent 91 in 3057ms, skipped=3)
[Encode FPS] Mon1: 26.3 fps (sent 79 in 3005ms, skipped=5)
[Capture FPS] Mon0: 25.0 fps (captured 75 frames in 3005ms)
[Capture FPS] Mon1: 0.0 fps (captured 0 frames in 3004ms)
[Encode FPS] Mon0: 29.7 fps (sent 90 in 3033ms, skipped=3)
[Encode FPS] Mon1: 26.0 fps (sent 78 in 3001ms, skipped=5)
[Capture FPS] Mon0: 25.0 fps (captured 75 frames in 3001ms)
[Capture FPS] Mon1: 0.0 fps (captured 0 frames in 3033ms)
[Encode FPS] Mon0: 29.6 fps (sent 90 in 3037ms, skipped=3)
[Encode FPS] Mon1: 26.2 fps (sent 79 in 3020ms, skipped=5)
[Capture FPS] Mon0: 24.6 fps (captured 74 frames in 3003ms)
[Capture FPS] Mon1: 0.3 fps (captured 1 frames in 3003ms)
[Encode FPS] Mon0: 29.3 fps (sent 88 in 3000ms, skipped=3)
[Encode FPS] Mon1: 25.5 fps (sent 78 in 3062ms, skipped=5)
[Capture FPS] Mon0: 24.3 fps (captured 73 frames in 3003ms)
[Capture FPS] Mon1: 0.0 fps (captured 0 frames in 3003ms)
[Encode FPS] Mon0: 29.9 fps (sent 90 in 3006ms, skipped=3)
[Encode FPS] Mon1: 26.3 fps (sent 79 in 3006ms, skipped=5)
[Capture FPS] Mon0: 24.9 fps (captured 75 frames in 3007ms)
[Capture FPS] Mon1: 0.0 fps (captured 0 frames in 3008ms)
[Encode FPS] Mon0: 29.3 fps (sent 88 in 3003ms, skipped=3)
[Encode FPS] Mon1: 26.5 fps (sent 80 in 3021ms, skipped=5)
[Capture FPS] Mon0: 24.0 fps (captured 72 frames in 3005ms)
[Capture FPS] Mon1: 0.0 fps (captured 0 frames in 3005ms)
[Encode FPS] Mon0: 30.0 fps (sent 90 in 3000ms, skipped=3)
[Encode FPS] Mon1: 26.3 fps (sent 80 in 3040ms, skipped=5)
[Capture FPS] Mon0: 24.4 fps (captured 74 frames in 3039ms)
[Capture FPS] Mon1: 0.0 fps (captured 0 frames in 3039ms)
[Encode FPS] Mon0: 30.1 fps (sent 92 in 3054ms, skipped=3)
[Encode FPS] Mon1: 26.0 fps (sent 79 in 3042ms, skipped=5)
[Capture FPS] Mon0: 25.1 fps (captured 76 frames in 3026ms)
[Capture FPS] Mon1: 0.0 fps (captured 0 frames in 3025ms)
[Encode FPS] Mon0: 29.5 fps (sent 90 in 3051ms, skipped=3)
[Encode FPS] Mon1: 26.0 fps (sent 79 in 3037ms, skipped=5)
[Capture FPS] Mon0: 24.7 fps (captured 75 frames in 3035ms)
[Capture FPS] Mon1: 0.0 fps (captured 0 frames in 3005ms)
[Encode FPS] Mon0: 29.3 fps (sent 89 in 3038ms, skipped=3)
[Encode FPS] Mon1: 25.7 fps (sent 78 in 3033ms, skipped=5)
[Capture FPS] Mon0: 24.3 fps (captured 73 frames in 3005ms)
[Capture FPS] Mon1: 0.0 fps (captured 0 frames in 3004ms)
[Encode FPS] Mon0: 29.6 fps (sent 90 in 3038ms, skipped=3)
[Encode FPS] Mon1: 25.4 fps (sent 78 in 3065ms, skipped=5)
[Capture FPS] Mon0: 25.0 fps (captured 75 frames in 3005ms)
[Capture FPS] Mon1: 0.0 fps (captured 0 frames in 3004ms)
[Encode FPS] Mon0: 30.0 fps (sent 90 in 3001ms, skipped=3)
[Encode FPS] Mon1: 26.0 fps (sent 79 in 3036ms, skipped=5)
[Capture FPS] Mon0: 25.0 fps (captured 75 frames in 3004ms)
[Capture FPS] Mon1: 0.0 fps (captured 0 frames in 3007ms)
[Encode FPS] Mon0: 28.9 fps (sent 88 in 3041ms, skipped=3)
[Encode FPS] Mon1: 24.7 fps (sent 76 in 3075ms, skipped=5)
[Capture FPS] Mon0: 24.3 fps (captured 74 frames in 3040ms)
[Capture FPS] Mon1: 0.0 fps (captured 0 frames in 3008ms)
[Encode FPS] Mon0: 29.6 fps (sent 90 in 3042ms, skipped=3)
[Encode FPS] Mon1: 26.8 fps (sent 82 in 3064ms, skipped=5)
[Capture FPS] Mon0: 24.6 fps (captured 74 frames in 3006ms)
[Capture FPS] Mon1: 0.0 fps (captured 0 frames in 3037ms)
[Encode FPS] Mon0: 30.1 fps (sent 92 in 3057ms, skipped=3)
[Encode FPS] Mon1: 25.7 fps (sent 78 in 3039ms, skipped=5)
[Capture FPS] Mon0: 24.5 fps (captured 74 frames in 3022ms)
[Capture FPS] Mon1: 0.0 fps (captured 0 frames in 3036ms)
[Encode FPS] Mon0: 30.0 fps (sent 90 in 3003ms, skipped=3)
[Encode FPS] Mon1: 26.0 fps (sent 78 in 3001ms, skipped=5)
[Capture FPS] Mon0: 25.3 fps (captured 76 frames in 3002ms)
[Capture FPS] Mon1: 0.0 fps (captured 0 frames in 3003ms)
[Encode FPS] Mon0: 29.7 fps (sent 90 in 3028ms, skipped=3)
[Encode FPS] Mon1: 26.3 fps (sent 80 in 3041ms, skipped=5)
[Capture FPS] Mon0: 24.2 fps (captured 73 frames in 3011ms)
[Capture FPS] Mon1: 0.0 fps (captured 0 frames in 3025ms)
[Encode FPS] Mon0: 29.5 fps (sent 90 in 3051ms, skipped=3)
[Capture FPS] Mon0: 24.3 fps (captured 73 frames in 3005ms)
[Encode FPS] Mon1: 25.1 fps (sent 77 in 3067ms, skipped=5)
[Capture FPS] Mon1: 0.0 fps (captured 0 frames in 3006ms)
[Encode FPS] Mon0: 29.7 fps (sent 90 in 3031ms, skipped=3)
[Capture FPS] Mon0: 25.0 fps (captured 76 frames in 3038ms)
[Encode FPS] Mon1: 26.3 fps (sent 79 in 3007ms, skipped=5)
[Capture FPS] Mon1: 0.0 fps (captured 0 frames in 3038ms)
[Encode FPS] Mon0: 29.0 fps (sent 88 in 3031ms, skipped=3)
[Capture FPS] Mon0: 24.6 fps (captured 74 frames in 3003ms)
[Encode FPS] Mon1: 26.3 fps (sent 79 in 3003ms, skipped=5)
[Capture FPS] Mon1: 0.0 fps (captured 0 frames in 3003ms)
[Encode FPS] Mon0: 29.5 fps (sent 90 in 3051ms, skipped=3)
[Capture FPS] Mon0: 24.7 fps (captured 75 frames in 3033ms)
[Encode FPS] Mon1: 26.4 fps (sent 81 in 3063ms, skipped=5)
[Capture FPS] Mon1: 0.0 fps (captured 0 frames in 3001ms)
[Encode FPS] Mon0: 29.3 fps (sent 90 in 3067ms, skipped=3)
[Capture FPS] Mon0: 24.4 fps (captured 74 frames in 3035ms)
[Encode FPS] Mon1: 26.0 fps (sent 79 in 3034ms, skipped=5)
[Capture FPS] Mon1: 0.0 fps (captured 0 frames in 3004ms)
[Encode FPS] Mon0: 29.3 fps (sent 89 in 3038ms, skipped=3)
[Capture FPS] Mon0: 24.0 fps (captured 72 frames in 3001ms)
[Encode FPS] Mon1: 25.7 fps (sent 78 in 3032ms, skipped=5)
[Capture FPS] Mon1: 0.3 fps (captured 1 frames in 3002ms)
[Encode FPS] Mon0: 30.0 fps (sent 90 in 3001ms, skipped=3)
[Capture FPS] Mon0: 25.0 fps (captured 75 frames in 3004ms)
[Encode FPS] Mon1: 26.3 fps (sent 80 in 3037ms, skipped=5)
[Capture FPS] Mon1: 0.3 fps (captured 1 frames in 3035ms)
[Encode FPS] Mon0: 29.2 fps (sent 89 in 3046ms, skipped=3)
[Capture FPS] Mon0: 25.0 fps (captured 76 frames in 3043ms)
[Encode FPS] Mon1: 25.7 fps (sent 79 in 3075ms, skipped=5)
[Capture FPS] Mon1: 0.0 fps (captured 0 frames in 3044ms)
[MultiPC] m0 PC closed
[Capture FPS] Mon0: 25.1 fps (captured 76 frames in 3023ms)
[Encode FPS] Mon1: 26.2 fps (sent 79 in 3011ms, skipped=5)
[Capture FPS] Mon1: 0.3 fps (captured 1 frames in 3024ms)
[Capture FPS] Mon0: 24.9 fps (captured 75 frames in 3012ms)
[Encode FPS] Mon1: 26.2 fps (sent 80 in 3053ms, skipped=5)
[Capture FPS] Mon1: 0.0 fps (captured 0 frames in 3042ms)
[Capture FPS] Mon0: 25.0 fps (captured 76 frames in 3039ms)
[Encode FPS] Mon1: 25.4 fps (sent 78 in 3071ms, skipped=5)
[Capture FPS] Mon1: 0.0 fps (captured 0 frames in 3009ms)
[Capture FPS] Mon0: 25.1 fps (captured 76 frames in 3023ms)
[Encode FPS] Mon1: 26.3 fps (sent 80 in 3039ms, skipped=5)
[Capture FPS] Mon1: 0.3 fps (captured 1 frames in 3036ms)
[Capture FPS] Mon0: 24.7 fps (captured 74 frames in 3002ms)
[Encode FPS] Mon1: 25.3 fps (sent 77 in 3038ms, skipped=5)
[Capture FPS] Mon1: 0.7 fps (captured 2 frames in 3004ms)
[Capture FPS] Mon0: 24.9 fps (captured 75 frames in 3011ms)
[Encode FPS] Mon1: 25.3 fps (sent 77 in 3038ms, skipped=5)
[Capture FPS] Mon1: 0.0 fps (captured 0 frames in 3026ms)
[Capture FPS] Mon0: 25.0 fps (captured 75 frames in 3006ms)
[Capture FPS] Mon1: 0.0 fps (captured 0 frames in 3004ms)
[Encode FPS] Mon1: 25.8 fps (sent 79 in 3065ms, skipped=5)
[Capture FPS] Mon0: 25.0 fps (captured 76 frames in 3039ms)
[Capture FPS] Mon1: 0.0 fps (captured 0 frames in 3039ms)
[Encode FPS] Mon1: 25.7 fps (sent 78 in 3038ms, skipped=5)
[Capture FPS] Mon0: 28.1 fps (captured 85 frames in 3022ms)
[Capture FPS] Mon1: 14.0 fps (captured 42 frames in 3007ms)
[Encode FPS] Mon1: 27.6 fps (sent 85 in 3081ms, skipped=5)
[Capture FPS] Mon0: 25.6 fps (captured 77 frames in 3010ms)
[Capture FPS] Mon1: 0.3 fps (captured 1 frames in 3025ms)
[Encode FPS] Mon1: 25.7 fps (sent 78 in 3031ms, skipped=5)
[MultiPC RX] The remote party closed the WebSocket connection without completing the close handshake.
[AmfNativeWrapper] Disposed
[AmfNativeWrapper] Disposed
[MultiPC] m1 PC closed
[PerMonitorCapture] Monitor 1: Capture thread stopped
[PerMonitorCapture] Monitor 0: Capture thread stopped
[PerMonitorCapture] All capture threads stopped
[PerMonitorCapture] All capture threads stopped
[Guard] Restoring display settings after MultiPC client disconnect...
[Guard] RestoreAndCleanupWithTimeout called...
[Guard] SnapshotPath exists: True
[Guard] Attempting to disable VDD...
[Guard] ForceDisableVdd: Finding VDD instance...
[Guard] ForceDisableVdd: Found VDD ID: ROOT\DISPLAY\0000
[Guard] ForceDisableVdd: VDD is currently ENABLED
[Guard] ForceDisableVdd: Physical monitors: \\.\DISPLAY2, \\.\DISPLAY1
[Guard] ForceDisableVdd: Setting \\.\DISPLAY1 as primary...
[Guard] ForceDisableVdd: Disabling VDD...
[pnputil] /disable-device "ROOT\DISPLAY\0000"
Microsoft PnP Utility

Disabling device:          ROOT\DISPLAY\0000
Device disabled successfully.


[Guard] ForceDisableVdd: ⚠ VDD may still be enabled.
[Guard] Restoring original state before exit...
[Guard] Step 1: Restoring Text Scale first...
[Guard] Restoring original text size...
[Guard] ✓ Text size restored successfully.
[Guard] Step 2: Restoring per-monitor text scale...
[Guard] Restoring per-monitor text scale...
[Guard] Restoring text scale for virtual monitor: \\.\DISPLAY1
[TextScale] Removed custom DPI for \\.\DISPLAY1
[TextScale] Enhanced broadcast refresh completed.
[Guard] ✓ Virtual monitor text scale restored to 100%
[Guard] Per-monitor text scale restoration completed.
[Guard] Step 3: Restoring monitor modes...
[Guard] Monitor modes restored.
[Guard] Step 4: Restoring taskbar flag...
[Guard] Taskbar multi-monitor flag restored to 1.
[Guard] ℹ️ Taskbar setting will apply automatically (no Explorer restart needed).
[Guard] Allowing system to settle after restore...
[Guard] ✅ All settings restored and system settled.
[Guard] Restore done.
[Guard] Display settings restored.
[Signal] MultiPC client disconnected 575563bb-6102-4fac-a3c2-387faeb65908
[Signal] Client connected bc0edc73-9b03-445d-bb39-74b572d77c93, mode=multitrack
[MultiPC Signal] Client bc0edc73-9b03-445d-bb39-74b572d77c93 connected from 192.168.1.6
[MultiPC Signal] Config: 2 monitors @ 1600x900, 30fps, 25000kbps/stream
[MultiPC Signal] Applying new display config: 2 monitors @ 1600x900, 30 fps
[VDD] Physical monitor found: \\.\DISPLAY2 (1920x1080)
[VDD] Physical monitor found: \\.\DISPLAY1 (1920x1080)
[VDD] Physical monitors detected: 2
[VDD] Virtual monitors needed: 0 (target total: 2)
[VDD] No virtual monitors needed - you already have 3+ physical monitors.
[Display] Setting up 3-monitor system...
[Display] Physical monitors: 2, Virtual monitors: 0
[Display] Setting \\.\DISPLAY2 [PHYSICAL] -> 1600x900@60
[Display] Setting \\.\DISPLAY1 [PHYSICAL] -> 1600x900@60
[Display] Setting \\.\DISPLAY2 as PRIMARY display
[Display] ✓ \\.\DISPLAY2 set as primary
[Display] ✓ 3-monitor system configured:
[Display]   • \\.\DISPLAY2 1600x900 [PHYSICAL] [PRIMARY]
[Display]   • \\.\DISPLAY1 1600x900 [PHYSICAL]
[Display] Setting Windows Text Scale to 125%...
[Display] ✓ Text Scale set to 125%
[MultiPC Signal] Available monitors: 2, using: 2
[PerMonitorCapture] Initializing 2 monitors @ 30fps (PARALLEL MODE - separate D3D11 devices)
[PerMonitorCapture] Monitor 0: Created D3D11 device (adapter=AMD Radeon RX 7600, NVIDIA=False)
[PerMonitorCapture] Monitor 0: \\.\DISPLAY2 1600x900 - duplication ready
[PerMonitorCapture] Monitor 1: Created D3D11 device (adapter=AMD Radeon RX 7600, NVIDIA=False)
[PerMonitorCapture] Monitor 1: \\.\DISPLAY1 1600x900 - duplication ready
[PerMonitorCapture] Initialized 2 monitors with SEPARATE D3D11 devices
[MultiPC] Created: 2mon 30fps 25000kbps (parallel device mode)
[MultiPC] m0 device registered (parallel mode)
[MultiPC Signal] Monitor 0: Using dedicated D3D11 device for parallel encoding
[MultiPC] m1 device registered (parallel mode)
[MultiPC Signal] Monitor 1: Using dedicated D3D11 device for parallel encoding
[MultiPC Signal] Received offer for monitor 0
[MultiPC] m0 offer: 1600x900
[MultiPC] m0 using dedicated D3D11 device
[PerMonitorCapture] Monitor 0: Capture thread started @ 30fps
[PerMonitorCapture] Started 2 parallel capture threads
[PerMonitorCapture] Monitor 1: Capture thread started @ 30fps
[GpuVendorDetector] Detected AMD GPU: AMD Radeon RX 7600
[GpuVendorDetector] Detected AMD GPU: AMD Radeon RX 7600
[GpuColorConverter] GPU: AMD, using Video Processor for BGRA->NV12 conversion
[GpuColorConverter] GPU: AMD, using Video Processor for BGRA->NV12 conversion
[GpuColorConverter] Initialized 1600x900 BGRA->NV12 converter
[PerMonitorCapture] Monitor 0: GpuColorConverter created
[GpuColorConverter] Initialized 1600x900 BGRA->NV12 converter
[PerMonitorCapture] Monitor 1: GpuColorConverter created
[GpuVendorDetector] Detected AMD GPU: AMD Radeon RX 7600
[MultiPC] m0 using DEDICATED D3D11 device (parallel mode)
[MultiPC] m0 AMD GPU detected, using AMF encoder
[AmfNativeWrapper] Initializing 1600x900 @ 30fps, 25000kbps
[AmfNativeWrapper] Initialized successfully (zero-copy enabled)
[MultiPC] m0 encoder ready (parallel=True)
[MultiPC] m0 answer created
[MultiPC Signal] Sent answer for monitor 0
[MultiPC Signal] Received offer for monitor 1
[MultiPC] m1 offer: 1600x900
[MultiPC] m1 using dedicated D3D11 device
[GpuVendorDetector] Detected AMD GPU: AMD Radeon RX 7600
[MultiPC] m1 using DEDICATED D3D11 device (parallel mode)
[MultiPC] m1 AMD GPU detected, using AMF encoder
[AmfNativeWrapper] Initializing 1600x900 @ 30fps, 25000kbps
[AmfNativeWrapper] Initialized successfully (zero-copy enabled)
[MultiPC] m1 encoder ready (parallel=True)
[MultiPC] m1 answer created
[MultiPC Signal] Sent answer for monitor 1
[MultiPC] m0 ICE connected
[MultiPC] m0 PC connected
[MultiPC] m0 enc#1: 126983B key=True NALs=[9,7,8,5]
[MultiPC] m0 streaming started
[MultiPC] m0 enc#2: 189841B key=True NALs=[9,5]
[MultiPC] m1 ICE connected
[MultiPC] m1 PC connected
[MultiPC] m0 enc#3: 145217B key=True NALs=[9,5]
[MultiPC] m0 enc#4: 126920B key=True NALs=[9,5]
[MultiPC] m1 enc#1: 180890B key=True NALs=[9,7,8,5]
[MultiPC] m1 streaming started
[MultiPC] m1 enc#2: 258240B key=True NALs=[9,5]
[MultiPC] m1 enc#3: 171954B key=True NALs=[9,5]
[MultiPC] m1 enc#4: 128127B key=True NALs=[9,5]
[MultiPC] m0 enc#5: 135135B key=True NALs=[9,5]
[MultiPC] m1 enc#5: 139038B key=True NALs=[9,5]
[MultiPC] m0 PC closed
[Capture FPS] Mon0: 0.7 fps (captured 2 frames in 3016ms)
[Capture FPS] Mon1: 28.8 fps (captured 87 frames in 3016ms)
[Encode FPS] Mon1: 30.9 fps (sent 95 in 3071ms, skipped=8)
[Capture FPS] Mon0: 12.9 fps (captured 39 frames in 3024ms)
[Capture FPS] Mon1: 29.9 fps (captured 91 frames in 3040ms)
[Encode FPS] Mon1: 30.7 fps (sent 93 in 3030ms, skipped=8)
[Capture FPS] Mon0: 21.2 fps (captured 64 frames in 3018ms)
[Capture FPS] Mon1: 30.0 fps (captured 91 frames in 3033ms)
[Encode FPS] Mon1: 30.3 fps (sent 91 in 3003ms, skipped=8)
[Capture FPS] Mon0: 20.3 fps (captured 61 frames in 3001ms)
[Capture FPS] Mon1: 30.0 fps (captured 90 frames in 3001ms)
[Encode FPS] Mon1: 30.3 fps (sent 91 in 3006ms, skipped=8)
[Capture FPS] Mon0: 20.3 fps (captured 61 frames in 3004ms)
[Capture FPS] Mon1: 30.0 fps (captured 90 frames in 3004ms)
[Encode FPS] Mon1: 30.6 fps (sent 93 in 3036ms, skipped=8)
[Capture FPS] Mon0: 4.0 fps (captured 12 frames in 3003ms)
[Capture FPS] Mon1: 30.0 fps (captured 90 frames in 3003ms)
[Encode FPS] Mon1: 30.3 fps (sent 92 in 3033ms, skipped=8)
[Capture FPS] Mon0: 14.5 fps (captured 44 frames in 3037ms)
[Capture FPS] Mon1: 29.6 fps (captured 90 frames in 3037ms)
[Encode FPS] Mon1: 30.3 fps (sent 92 in 3040ms, skipped=8)
[Capture FPS] Mon0: 5.7 fps (captured 17 frames in 3001ms)
[Capture FPS] Mon1: 30.0 fps (captured 90 frames in 3001ms)
[Encode FPS] Mon1: 30.6 fps (sent 93 in 3036ms, skipped=8)
[Capture FPS] Mon0: 3.0 fps (captured 9 frames in 3004ms)
[Capture FPS] Mon1: 30.3 fps (captured 91 frames in 3005ms)
[Encode FPS] Mon1: 30.3 fps (sent 92 in 3036ms, skipped=8)
[MultiPC RX] An internal WebSocket error occurred. Please see the innerException, if present, for more details.
[AmfNativeWrapper] Disposed
[AmfNativeWrapper] Disposed
[MultiPC] m1 PC closed
[PerMonitorCapture] Monitor 1: Capture thread stopped
[PerMonitorCapture] Monitor 0: Capture thread stopped
[PerMonitorCapture] All capture threads stopped
[PerMonitorCapture] All capture threads stopped
[Guard] Restoring display settings after MultiPC client disconnect...
[Guard] RestoreAndCleanupWithTimeout called...
[Guard] SnapshotPath exists: True
[Guard] Attempting to disable VDD...
[Guard] ForceDisableVdd: Finding VDD instance...
[Guard] ForceDisableVdd: Found VDD ID: ROOT\DISPLAY\0000
[Guard] ForceDisableVdd: VDD is currently ENABLED
[Guard] ForceDisableVdd: Physical monitors: \\.\DISPLAY2, \\.\DISPLAY1
[Guard] ForceDisableVdd: Setting \\.\DISPLAY1 as primary...
[Guard] ForceDisableVdd: Disabling VDD...
[pnputil] /disable-device "ROOT\DISPLAY\0000"
Microsoft PnP Utility

Disabling device:          ROOT\DISPLAY\0000
Device disabled successfully.


[Guard] ForceDisableVdd: ⚠ VDD may still be enabled.
[Guard] Restoring original state before exit...
[Guard] Step 1: Restoring Text Scale first...
[Guard] Restoring original text size...
[Guard] ✓ Text size restored successfully.
[Guard] Step 2: Restoring per-monitor text scale...
[Guard] Restoring per-monitor text scale...
[Guard] Restoring text scale for virtual monitor: \\.\DISPLAY1
[TextScale] Removed custom DPI for \\.\DISPLAY1
[TextScale] Enhanced broadcast refresh completed.
[Guard] ✓ Virtual monitor text scale restored to 100%
[Guard] Per-monitor text scale restoration completed.
[Guard] Step 3: Restoring monitor modes...
[Guard] Monitor modes restored.
[Guard] Step 4: Restoring taskbar flag...
[Guard] Taskbar multi-monitor flag restored to 1.
[Guard] ℹ️ Taskbar setting will apply automatically (no Explorer restart needed).
[Guard] Allowing system to settle after restore...
[Guard] ✅ All settings restored and system settled.
[Guard] Restore done.
[Guard] Display settings restored.
[Signal] MultiPC client disconnected bc0edc73-9b03-445d-bb39-74b572d77c93
[Signal] Client connected b787fb4a-4535-43b4-93db-bcb44231a221, mode=multitrack
[MultiPC Signal] Client b787fb4a-4535-43b4-93db-bcb44231a221 connected from 192.168.1.6
[MultiPC Signal] Config: 2 monitors @ 1600x900, 30fps, 25000kbps/stream
[MultiPC Signal] Applying new display config: 2 monitors @ 1600x900, 30 fps
[VDD] Physical monitor found: \\.\DISPLAY2 (1920x1080)
[VDD] Physical monitor found: \\.\DISPLAY1 (1920x1080)
[VDD] Physical monitors detected: 2
[VDD] Virtual monitors needed: 0 (target total: 2)
[VDD] No virtual monitors needed - you already have 3+ physical monitors.
[Display] Setting up 3-monitor system...
[Display] Physical monitors: 2, Virtual monitors: 0
[Display] Setting \\.\DISPLAY2 [PHYSICAL] -> 1600x900@60
[Display] Setting \\.\DISPLAY1 [PHYSICAL] -> 1600x900@60
[Display] Setting \\.\DISPLAY2 as PRIMARY display
[Display] ✓ \\.\DISPLAY2 set as primary
[Display] ✓ 3-monitor system configured:
[Display]   • \\.\DISPLAY2 1600x900 [PHYSICAL] [PRIMARY]
[Display]   • \\.\DISPLAY1 1600x900 [PHYSICAL]
[Display] Setting Windows Text Scale to 125%...
[Display] ✓ Text Scale set to 125%
[MultiPC Signal] Available monitors: 2, using: 2
[PerMonitorCapture] Initializing 2 monitors @ 30fps (PARALLEL MODE - separate D3D11 devices)
[PerMonitorCapture] Monitor 0: Created D3D11 device (adapter=AMD Radeon RX 7600, NVIDIA=False)
[PerMonitorCapture] Monitor 0: \\.\DISPLAY2 1600x900 - duplication ready
[PerMonitorCapture] Monitor 1: Created D3D11 device (adapter=AMD Radeon RX 7600, NVIDIA=False)
[PerMonitorCapture] Monitor 1: \\.\DISPLAY1 1600x900 - duplication ready
[PerMonitorCapture] Initialized 2 monitors with SEPARATE D3D11 devices
[MultiPC] Created: 2mon 30fps 25000kbps (parallel device mode)
[MultiPC] m0 device registered (parallel mode)
[MultiPC Signal] Monitor 0: Using dedicated D3D11 device for parallel encoding
[MultiPC] m1 device registered (parallel mode)
[MultiPC Signal] Monitor 1: Using dedicated D3D11 device for parallel encoding
[MultiPC Signal] Received offer for monitor 0
[MultiPC] m0 offer: 1600x900
[MultiPC] m0 using dedicated D3D11 device
[PerMonitorCapture] Monitor 0: Capture thread started @ 30fps
[PerMonitorCapture] Started 2 parallel capture threads
[PerMonitorCapture] Monitor 1: Capture thread started @ 30fps
[GpuVendorDetector] Detected AMD GPU: AMD Radeon RX 7600
[GpuColorConverter] GPU: AMD, using Video Processor for BGRA->NV12 conversion
[GpuVendorDetector] Detected AMD GPU: AMD Radeon RX 7600
[GpuColorConverter] GPU: AMD, using Video Processor for BGRA->NV12 conversion
[GpuColorConverter] Initialized 1600x900 BGRA->NV12 converter
[PerMonitorCapture] Monitor 1: GpuColorConverter created
[GpuColorConverter] Initialized 1600x900 BGRA->NV12 converter
[PerMonitorCapture] Monitor 0: GpuColorConverter created
[GpuVendorDetector] Detected AMD GPU: AMD Radeon RX 7600
[MultiPC] m0 using DEDICATED D3D11 device (parallel mode)
[MultiPC] m0 AMD GPU detected, using AMF encoder
[AmfNativeWrapper] Initializing 1600x900 @ 30fps, 25000kbps
[AmfNativeWrapper] Initialized successfully (zero-copy enabled)
[MultiPC] m0 encoder ready (parallel=True)
[MultiPC] m0 answer created
[MultiPC Signal] Sent answer for monitor 0
[MultiPC Signal] Received offer for monitor 1
[MultiPC] m1 offer: 1600x900
[MultiPC] m1 using dedicated D3D11 device
[GpuVendorDetector] Detected AMD GPU: AMD Radeon RX 7600
[MultiPC] m1 using DEDICATED D3D11 device (parallel mode)
[MultiPC] m1 AMD GPU detected, using AMF encoder
[AmfNativeWrapper] Initializing 1600x900 @ 30fps, 25000kbps
[AmfNativeWrapper] Initialized successfully (zero-copy enabled)
[MultiPC] m1 encoder ready (parallel=True)
[MultiPC] m1 answer created
[MultiPC Signal] Sent answer for monitor 1
[MultiPC] m0 ICE connected
[MultiPC] m0 PC connected
[MultiPC] m0 enc#1: 176933B key=True NALs=[9,7,8,5]
[MultiPC] m0 streaming started
[MultiPC] m0 enc#2: 232796B key=True NALs=[9,5]
[MultiPC] m1 ICE connected
[MultiPC] m1 PC connected
[MultiPC] m0 enc#3: 172853B key=True NALs=[9,5]
[MultiPC] m0 enc#4: 133905B key=True NALs=[9,5]
[MultiPC] m1 enc#1: 180984B key=True NALs=[9,7,8,5]
[MultiPC] m1 streaming started
[MultiPC] m1 enc#2: 258710B key=True NALs=[9,5]
[MultiPC] m0 enc#5: 139437B key=True NALs=[9,5]
[MultiPC] m1 enc#3: 172206B key=True NALs=[9,5]
[MultiPC] m1 enc#4: 128372B key=True NALs=[9,5]
[MultiPC] m1 enc#5: 139288B key=True NALs=[9,5]
[Capture FPS] Mon1: 30.0 fps (captured 90 frames in 3004ms)
[Capture FPS] Mon0: 13.0 fps (captured 39 frames in 3004ms)
[Encode FPS] Mon0: 28.1 fps (sent 85 in 3020ms, skipped=4)
[Encode FPS] Mon1: 30.6 fps (sent 92 in 3011ms, skipped=6)
[Capture FPS] Mon1: 29.9 fps (captured 90 frames in 3010ms)
[Capture FPS] Mon0: 20.3 fps (captured 61 frames in 3010ms)
[Encode FPS] Mon1: 30.7 fps (sent 92 in 3001ms, skipped=6)
[Encode FPS] Mon0: 28.8 fps (sent 89 in 3087ms, skipped=4)
[Capture FPS] Mon1: 29.0 fps (captured 87 frames in 3003ms)
[Capture FPS] Mon0: 2.3 fps (captured 7 frames in 3003ms)
[Encode FPS] Mon1: 30.1 fps (sent 91 in 3026ms, skipped=6)
[Encode FPS] Mon0: 27.0 fps (sent 82 in 3033ms, skipped=4)
[Capture FPS] Mon1: 29.6 fps (captured 89 frames in 3005ms)
[Capture FPS] Mon0: 2.0 fps (captured 6 frames in 3005ms)
[Encode FPS] Mon1: 30.3 fps (sent 91 in 3001ms, skipped=6)
[Encode FPS] Mon0: 26.3 fps (sent 79 in 3004ms, skipped=4)
[Capture FPS] Mon1: 29.3 fps (captured 88 frames in 3004ms)
[Capture FPS] Mon0: 2.0 fps (captured 6 frames in 3004ms)
[Encode FPS] Mon1: 30.6 fps (sent 93 in 3042ms, skipped=6)
[Encode FPS] Mon0: 26.3 fps (sent 80 in 3039ms, skipped=4)
[Capture FPS] Mon0: 2.0 fps (captured 6 frames in 3039ms)
[Capture FPS] Mon1: 29.9 fps (captured 91 frames in 3039ms)
[Encode FPS] Mon0: 26.6 fps (sent 80 in 3008ms, skipped=4)
[Encode FPS] Mon1: 31.0 fps (sent 94 in 3036ms, skipped=6)
[Capture FPS] Mon0: 2.0 fps (captured 6 frames in 3036ms)
[Capture FPS] Mon1: 29.6 fps (captured 90 frames in 3036ms)
[Encode FPS] Mon0: 26.3 fps (sent 79 in 3002ms, skipped=4)
[Encode FPS] Mon1: 30.7 fps (sent 92 in 3000ms, skipped=6)
[Capture FPS] Mon1: 29.3 fps (captured 88 frames in 3003ms)
[Capture FPS] Mon0: 2.0 fps (captured 6 frames in 3003ms)
[Encode FPS] Mon1: 30.6 fps (sent 92 in 3003ms, skipped=6)
[Encode FPS] Mon0: 27.0 fps (sent 82 in 3032ms, skipped=4)
[Capture FPS] Mon1: 29.0 fps (captured 87 frames in 3001ms)
[Capture FPS] Mon0: 2.0 fps (captured 6 frames in 3031ms)
[Encode FPS] Mon1: 30.3 fps (sent 92 in 3032ms, skipped=6)
[Encode FPS] Mon0: 26.4 fps (sent 80 in 3033ms, skipped=4)
[Capture FPS] Mon1: 29.3 fps (captured 88 frames in 3005ms)
[Capture FPS] Mon0: 2.0 fps (captured 6 frames in 3006ms)
[Encode FPS] Mon1: 30.6 fps (sent 93 in 3036ms, skipped=6)
[Encode FPS] Mon0: 27.0 fps (sent 82 in 3035ms, skipped=4)
[Capture FPS] Mon1: 29.4 fps (captured 89 frames in 3030ms)
[Capture FPS] Mon0: 2.0 fps (captured 6 frames in 3030ms)
[Encode FPS] Mon0: 26.5 fps (sent 80 in 3018ms, skipped=4)
[Encode FPS] Mon1: 30.2 fps (sent 92 in 3044ms, skipped=6)
[Capture FPS] Mon1: 29.7 fps (captured 90 frames in 3030ms)
[Capture FPS] Mon0: 2.3 fps (captured 7 frames in 3045ms)
[Encode FPS] Mon0: 26.7 fps (sent 80 in 3001ms, skipped=4)
[Encode FPS] Mon1: 30.3 fps (sent 92 in 3032ms, skipped=6)
[Capture FPS] Mon1: 29.0 fps (captured 87 frames in 3003ms)
[Capture FPS] Mon0: 2.0 fps (captured 6 frames in 3002ms)
[Encode FPS] Mon0: 27.7 fps (sent 84 in 3029ms, skipped=4)
[Encode FPS] Mon1: 30.2 fps (sent 91 in 3017ms, skipped=6)
[Capture FPS] Mon1: 29.2 fps (captured 88 frames in 3015ms)
[Capture FPS] Mon0: 2.0 fps (captured 6 frames in 3000ms)
[Encode FPS] Mon0: 26.6 fps (sent 80 in 3002ms, skipped=4)
[Encode FPS] Mon1: 30.3 fps (sent 92 in 3033ms, skipped=6)
[Capture FPS] Mon1: 30.0 fps (captured 90 frames in 3004ms)
[Capture FPS] Mon0: 2.0 fps (captured 6 frames in 3005ms)
[Encode FPS] Mon0: 28.0 fps (sent 84 in 3002ms, skipped=4)
[Encode FPS] Mon1: 30.3 fps (sent 93 in 3069ms, skipped=6)
[Capture FPS] Mon0: 2.0 fps (captured 6 frames in 3005ms)
[Capture FPS] Mon1: 29.0 fps (captured 88 frames in 3036ms)
[Encode FPS] Mon0: 27.3 fps (sent 82 in 3007ms, skipped=4)
[Encode FPS] Mon1: 30.3 fps (sent 91 in 3002ms, skipped=6)
[Capture FPS] Mon1: 30.0 fps (captured 91 frames in 3034ms)
[Capture FPS] Mon0: 2.0 fps (captured 6 frames in 3034ms)
[Encode FPS] Mon0: 27.0 fps (sent 82 in 3035ms, skipped=4)
[Encode FPS] Mon1: 30.3 fps (sent 91 in 3001ms, skipped=6)
[Capture FPS] Mon0: 2.0 fps (captured 6 frames in 3000ms)
[Capture FPS] Mon1: 29.7 fps (captured 89 frames in 3000ms)
[Encode FPS] Mon0: 27.0 fps (sent 83 in 3075ms, skipped=4)
[Encode FPS] Mon1: 30.4 fps (sent 92 in 3031ms, skipped=6)
[Capture FPS] Mon1: 29.9 fps (captured 90 frames in 3008ms)
[Capture FPS] Mon0: 2.0 fps (captured 6 frames in 3008ms)
[Encode FPS] Mon0: 27.4 fps (sent 84 in 3070ms, skipped=4)
[Encode FPS] Mon1: 30.3 fps (sent 92 in 3039ms, skipped=6)
[Capture FPS] Mon1: 29.7 fps (captured 89 frames in 3000ms)
[Capture FPS] Mon0: 2.0 fps (captured 6 frames in 3031ms)
[Encode FPS] Mon0: 27.3 fps (sent 82 in 3003ms, skipped=4)
[Encode FPS] Mon1: 30.3 fps (sent 91 in 3000ms, skipped=6)
[Capture FPS] Mon1: 29.6 fps (captured 89 frames in 3006ms)
[Capture FPS] Mon0: 2.3 fps (captured 7 frames in 3005ms)
[Encode FPS] Mon0: 26.3 fps (sent 79 in 3002ms, skipped=4)
[Encode FPS] Mon1: 30.6 fps (sent 93 in 3037ms, skipped=6)
[Capture FPS] Mon1: 29.7 fps (captured 90 frames in 3027ms)
[Capture FPS] Mon0: 2.0 fps (captured 6 frames in 3028ms)
[Encode FPS] Mon0: 27.3 fps (sent 82 in 3003ms, skipped=4)
[Encode FPS] Mon1: 30.4 fps (sent 92 in 3027ms, skipped=6)
[Capture FPS] Mon1: 30.2 fps (captured 91 frames in 3012ms)
[Capture FPS] Mon0: 2.0 fps (captured 6 frames in 3012ms)
[Encode FPS] Mon0: 26.0 fps (sent 79 in 3037ms, skipped=4)
[Encode FPS] Mon1: 29.9 fps (sent 90 in 3015ms, skipped=6)
[Capture FPS] Mon1: 29.1 fps (captured 88 frames in 3027ms)
[Capture FPS] Mon0: 2.0 fps (captured 6 frames in 3027ms)
[Encode FPS] Mon0: 26.4 fps (sent 80 in 3028ms, skipped=4)
[Encode FPS] Mon1: 30.4 fps (sent 92 in 3027ms, skipped=6)
[Capture FPS] Mon1: 28.7 fps (captured 86 frames in 3000ms)
[Capture FPS] Mon0: 2.0 fps (captured 6 frames in 3000ms)
[Encode FPS] Mon0: 27.0 fps (sent 81 in 3000ms, skipped=4)
[Encode FPS] Mon1: 30.2 fps (sent 91 in 3015ms, skipped=6)
[Capture FPS] Mon1: 29.6 fps (captured 89 frames in 3010ms)
[Capture FPS] Mon0: 3.7 fps (captured 11 frames in 3009ms)
[Encode FPS] Mon0: 26.0 fps (sent 79 in 3038ms, skipped=4)
[Encode FPS] Mon1: 30.4 fps (sent 92 in 3028ms, skipped=6)
[Capture FPS] Mon1: 29.9 fps (captured 90 frames in 3006ms)
[Capture FPS] Mon0: 2.0 fps (captured 6 frames in 3007ms)
[Encode FPS] Mon0: 26.9 fps (sent 81 in 3007ms, skipped=4)
[Encode FPS] Mon1: 30.7 fps (sent 92 in 3001ms, skipped=6)
[Capture FPS] Mon1: 30.0 fps (captured 90 frames in 3000ms)
[Capture FPS] Mon0: 2.0 fps (captured 6 frames in 3030ms)
[Encode FPS] Mon0: 27.0 fps (sent 81 in 3002ms, skipped=4)
[Encode FPS] Mon1: 30.2 fps (sent 92 in 3044ms, skipped=6)
[Capture FPS] Mon1: 29.3 fps (captured 88 frames in 3000ms)
[Capture FPS] Mon0: 2.0 fps (captured 6 frames in 3001ms)
[Encode FPS] Mon0: 26.8 fps (sent 81 in 3028ms, skipped=4)
[Encode FPS] Mon1: 30.6 fps (sent 92 in 3004ms, skipped=6)
[Capture FPS] Mon1: 29.6 fps (captured 89 frames in 3003ms)
[Capture FPS] Mon0: 2.0 fps (captured 6 frames in 3003ms)
[Encode FPS] Mon0: 26.6 fps (sent 80 in 3006ms, skipped=4)
[Encode FPS] Mon1: 30.3 fps (sent 91 in 3005ms, skipped=6)
[Capture FPS] Mon1: 29.6 fps (captured 89 frames in 3006ms)
[Capture FPS] Mon0: 2.0 fps (captured 6 frames in 3007ms)
[Encode FPS] Mon0: 27.0 fps (sent 82 in 3038ms, skipped=4)
[Encode FPS] Mon1: 30.4 fps (sent 92 in 3025ms, skipped=6)
[Capture FPS] Mon1: 29.6 fps (captured 89 frames in 3006ms)
[Capture FPS] Mon0: 2.0 fps (captured 6 frames in 3005ms)
[Encode FPS] Mon0: 26.0 fps (sent 78 in 3002ms, skipped=4)
[Encode FPS] Mon1: 31.0 fps (sent 93 in 3001ms, skipped=6)
[Capture FPS] Mon1: 29.3 fps (captured 88 frames in 3002ms)
[Capture FPS] Mon0: 2.0 fps (captured 6 frames in 3002ms)
[Encode FPS] Mon0: 26.0 fps (sent 79 in 3033ms, skipped=4)
[Encode FPS] Mon1: 29.9 fps (sent 91 in 3046ms, skipped=6)
[Capture FPS] Mon1: 30.0 fps (captured 90 frames in 3004ms)
[Capture FPS] Mon0: 2.0 fps (captured 6 frames in 3004ms)
[Encode FPS] Mon0: 27.0 fps (sent 81 in 3004ms, skipped=4)
[Encode FPS] Mon1: 30.3 fps (sent 91 in 3006ms, skipped=6)
[Capture FPS] Mon1: 30.4 fps (captured 92 frames in 3030ms)
[Capture FPS] Mon0: 2.0 fps (captured 6 frames in 3029ms)
[Encode FPS] Mon0: 27.2 fps (sent 82 in 3015ms, skipped=4)
[Encode FPS] Mon1: 30.3 fps (sent 91 in 3001ms, skipped=6)
[Capture FPS] Mon1: 30.0 fps (captured 90 frames in 3001ms)
[Capture FPS] Mon0: 2.0 fps (captured 6 frames in 3017ms)
[Encode FPS] Mon0: 27.7 fps (sent 84 in 3033ms, skipped=4)
[Encode FPS] Mon1: 30.3 fps (sent 92 in 3039ms, skipped=6)
[Capture FPS] Mon1: 29.3 fps (captured 88 frames in 3005ms)
[Capture FPS] Mon0: 2.0 fps (captured 6 frames in 3036ms)
[Encode FPS] Mon0: 26.7 fps (sent 81 in 3036ms, skipped=4)
[Encode FPS] Mon1: 30.4 fps (sent 92 in 3027ms, skipped=6)
[Capture FPS] Mon1: 29.4 fps (captured 89 frames in 3030ms)
[Capture FPS] Mon0: 2.0 fps (captured 6 frames in 3060ms)
[Encode FPS] Mon0: 27.0 fps (sent 81 in 3001ms, skipped=4)
[Encode FPS] Mon1: 30.7 fps (sent 92 in 3001ms, skipped=6)
[MultiPC] m1 PC closed
[Capture FPS] Mon1: 29.5 fps (captured 89 frames in 3016ms)
[Capture FPS] Mon0: 2.0 fps (captured 6 frames in 3002ms)
[Encode FPS] Mon0: 27.7 fps (sent 84 in 3032ms, skipped=4)
[Capture FPS] Mon1: 29.6 fps (captured 90 frames in 3038ms)
[Capture FPS] Mon0: 2.0 fps (captured 6 frames in 3007ms)
[Encode FPS] Mon0: 25.7 fps (sent 78 in 3039ms, skipped=4)
[Capture FPS] Mon1: 29.3 fps (captured 88 frames in 3002ms)
[Capture FPS] Mon0: 2.3 fps (captured 7 frames in 3001ms)
[Encode FPS] Mon0: 24.4 fps (sent 74 in 3031ms, skipped=4)
[Capture FPS] Mon1: 30.0 fps (captured 91 frames in 3036ms)
[Capture FPS] Mon0: 2.0 fps (captured 6 frames in 3036ms)
[Encode FPS] Mon0: 25.4 fps (sent 77 in 3028ms, skipped=4)
[Capture FPS] Mon1: 29.1 fps (captured 88 frames in 3022ms)
[Capture FPS] Mon0: 2.0 fps (captured 6 frames in 3008ms)
[Encode FPS] Mon0: 24.6 fps (sent 75 in 3049ms, skipped=4)
[Capture FPS] Mon1: 29.6 fps (captured 89 frames in 3007ms)
[Capture FPS] Mon0: 2.6 fps (captured 8 frames in 3039ms)
[Encode FPS] Mon0: 25.6 fps (sent 77 in 3004ms, skipped=4)
[Capture FPS] Mon1: 29.6 fps (captured 89 frames in 3005ms)
[Capture FPS] Mon0: 4.3 fps (captured 13 frames in 3003ms)
[Encode FPS] Mon0: 26.2 fps (sent 80 in 3049ms, skipped=4)
[Capture FPS] Mon1: 29.6 fps (captured 89 frames in 3007ms)
[Capture FPS] Mon0: 23.2 fps (captured 70 frames in 3023ms)
[Encode FPS] Mon0: 28.9 fps (sent 87 in 3010ms, skipped=4)
[Capture FPS] Mon1: 29.4 fps (captured 89 frames in 3029ms)
[Capture FPS] Mon0: 30.2 fps (captured 91 frames in 3015ms)
[Encode FPS] Mon0: 30.3 fps (sent 91 in 3000ms, skipped=4)
[Capture FPS] Mon1: 29.6 fps (captured 89 frames in 3005ms)
[Capture FPS] Mon0: 30.3 fps (captured 92 frames in 3034ms)
[Encode FPS] Mon0: 30.3 fps (sent 91 in 3001ms, skipped=4)
[Capture FPS] Mon1: 29.9 fps (captured 90 frames in 3009ms)
[Capture FPS] Mon0: 30.4 fps (captured 92 frames in 3025ms)
[Encode FPS] Mon0: 30.3 fps (sent 91 in 3003ms, skipped=4)
[Capture FPS] Mon1: 30.4 fps (captured 92 frames in 3025ms)
[Capture FPS] Mon0: 30.2 fps (captured 91 frames in 3010ms)
[Encode FPS] Mon0: 30.3 fps (sent 92 in 3037ms, skipped=4)
[Capture FPS] Mon1: 29.6 fps (captured 89 frames in 3010ms)
[Capture FPS] Mon0: 30.6 fps (captured 92 frames in 3009ms)
[Encode FPS] Mon0: 30.6 fps (sent 93 in 3041ms, skipped=4)
[Capture FPS] Mon1: 29.6 fps (captured 89 frames in 3010ms)
[Capture FPS] Mon0: 30.4 fps (captured 92 frames in 3027ms)
[Encode FPS] Mon0: 30.4 fps (sent 92 in 3026ms, skipped=4)
[Capture FPS] Mon1: 29.1 fps (captured 88 frames in 3029ms)
[Capture FPS] Mon0: 22.6 fps (captured 68 frames in 3011ms)
[Encode FPS] Mon0: 28.3 fps (sent 86 in 3037ms, skipped=4)
[Capture FPS] Mon1: 29.9 fps (captured 90 frames in 3009ms)
[Capture FPS] Mon0: 28.4 fps (captured 86 frames in 3025ms)
[Encode FPS] Mon0: 30.3 fps (sent 91 in 3007ms, skipped=4)
[Capture FPS] Mon1: 29.6 fps (captured 90 frames in 3037ms)
[Capture FPS] Mon0: 27.3 fps (captured 82 frames in 3006ms)
[Encode FPS] Mon0: 28.8 fps (sent 89 in 3089ms, skipped=4)
[Capture FPS] Mon1: 29.8 fps (captured 90 frames in 3022ms)
[Capture FPS] Mon0: 5.3 fps (captured 16 frames in 3038ms)
[Encode FPS] Mon0: 25.8 fps (sent 78 in 3020ms, skipped=4)
[Capture FPS] Mon1: 29.9 fps (captured 90 frames in 3008ms)
[Capture FPS] Mon0: 17.3 fps (captured 52 frames in 3008ms)
[Encode FPS] Mon0: 29.2 fps (sent 88 in 3009ms, skipped=4)
[Capture FPS] Mon1: 30.2 fps (captured 91 frames in 3010ms)
[Capture FPS] Mon0: 27.1 fps (captured 82 frames in 3025ms)
[Encode FPS] Mon0: 29.8 fps (sent 90 in 3023ms, skipped=4)
[Capture FPS] Mon1: 29.6 fps (captured 89 frames in 3006ms)
[Capture FPS] Mon0: 18.6 fps (captured 56 frames in 3006ms)
[Encode FPS] Mon0: 27.9 fps (sent 85 in 3043ms, skipped=4)
[Capture FPS] Mon1: 29.4 fps (captured 89 frames in 3024ms)
[Capture FPS] Mon0: 23.3 fps (captured 70 frames in 3009ms)
[Encode FPS] Mon0: 30.0 fps (sent 90 in 3003ms, skipped=4)
[Capture FPS] Mon1: 29.6 fps (captured 89 frames in 3008ms)
[Capture FPS] Mon0: 24.4 fps (captured 74 frames in 3039ms)
[Encode FPS] Mon0: 28.2 fps (sent 86 in 3055ms, skipped=4)
[Capture FPS] Mon1: 29.6 fps (captured 89 frames in 3003ms)
[Capture FPS] Mon0: 7.9 fps (captured 24 frames in 3035ms)
[Encode FPS] Mon0: 27.5 fps (sent 83 in 3020ms, skipped=4)
[Capture FPS] Mon1: 29.9 fps (captured 91 frames in 3043ms)
[Capture FPS] Mon0: 27.8 fps (captured 84 frames in 3026ms)
[Encode FPS] Mon0: 29.8 fps (sent 90 in 3024ms, skipped=4)
[Capture FPS] Mon1: 30.3 fps (captured 92 frames in 3035ms)
[Capture FPS] Mon0: 20.0 fps (captured 60 frames in 3005ms)
[Encode FPS] Mon0: 28.6 fps (sent 87 in 3039ms, skipped=4)
[Capture FPS] Mon1: 30.0 fps (captured 90 frames in 3002ms)
[Capture FPS] Mon0: 21.7 fps (captured 65 frames in 3001ms)
[Encode FPS] Mon0: 29.9 fps (sent 90 in 3014ms, skipped=4)
[Capture FPS] Mon1: 30.1 fps (captured 91 frames in 3027ms)
[Capture FPS] Mon0: 9.0 fps (captured 27 frames in 3011ms)
[Encode FPS] Mon0: 30.4 fps (sent 92 in 3024ms, skipped=4)
[Capture FPS] Mon1: 29.6 fps (captured 89 frames in 3010ms)
[Capture FPS] Mon0: 30.6 fps (captured 93 frames in 3041ms)
[Encode FPS] Mon0: 30.5 fps (sent 92 in 3013ms, skipped=4)
[Capture FPS] Mon1: 28.9 fps (captured 88 frames in 3040ms)
[Capture FPS] Mon0: 30.4 fps (captured 92 frames in 3027ms)
[Encode FPS] Mon0: 30.3 fps (sent 92 in 3032ms, skipped=4)
[Capture FPS] Mon1: 28.3 fps (captured 85 frames in 3003ms)
[Capture FPS] Mon0: 30.3 fps (captured 91 frames in 3001ms)
[Encode FPS] Mon0: 30.4 fps (sent 92 in 3029ms, skipped=4)
[Capture FPS] Mon1: 28.0 fps (captured 84 frames in 3000ms)
[Capture FPS] Mon0: 30.3 fps (captured 91 frames in 3002ms)
[Encode FPS] Mon0: 30.2 fps (sent 92 in 3045ms, skipped=4)
[Capture FPS] Mon1: 30.1 fps (captured 91 frames in 3028ms)
[Capture FPS] Mon0: 27.6 fps (captured 83 frames in 3010ms)
[Encode FPS] Mon0: 29.9 fps (sent 91 in 3044ms, skipped=4)
[Capture FPS] Mon1: 29.2 fps (captured 88 frames in 3012ms)
[Capture FPS] Mon0: 13.9 fps (captured 42 frames in 3028ms)
[Encode FPS] Mon0: 29.1 fps (sent 88 in 3029ms, skipped=4)
[Capture FPS] Mon1: 28.7 fps (captured 86 frames in 3001ms)
[Capture FPS] Mon0: 21.7 fps (captured 65 frames in 3001ms)
[Encode FPS] Mon0: 29.3 fps (sent 88 in 3001ms, skipped=4)
[Capture FPS] Mon1: 29.4 fps (captured 89 frames in 3030ms)
[Capture FPS] Mon0: 27.5 fps (captured 83 frames in 3014ms)
[Encode FPS] Mon0: 29.6 fps (sent 89 in 3003ms, skipped=4)
[Capture FPS] Mon1: 29.6 fps (captured 90 frames in 3045ms)
[Capture FPS] Mon0: 17.3 fps (captured 52 frames in 3000ms)
[Encode FPS] Mon0: 28.7 fps (sent 88 in 3063ms, skipped=4)
[Capture FPS] Mon1: 29.3 fps (captured 88 frames in 3000ms)
[Capture FPS] Mon0: 25.7 fps (captured 77 frames in 3000ms)
[Encode FPS] Mon0: 29.3 fps (sent 88 in 3008ms, skipped=4)
[Capture FPS] Mon1: 28.7 fps (captured 87 frames in 3027ms)
[Capture FPS] Mon0: 24.6 fps (captured 74 frames in 3011ms)
[Encode FPS] Mon0: 30.4 fps (sent 92 in 3025ms, skipped=4)
[Capture FPS] Mon1: 29.7 fps (captured 89 frames in 3001ms)
[Capture FPS] Mon0: 19.3 fps (captured 58 frames in 3001ms)
[Encode FPS] Mon0: 28.4 fps (sent 87 in 3064ms, skipped=4)
[Capture FPS] Mon1: 29.5 fps (captured 89 frames in 3015ms)
[Capture FPS] Mon0: 5.0 fps (captured 15 frames in 3030ms)
[Encode FPS] Mon0: 26.9 fps (sent 81 in 3012ms, skipped=4)
[Capture FPS] Mon1: 28.4 fps (captured 86 frames in 3028ms)
[Capture FPS] Mon0: 17.6 fps (captured 53 frames in 3012ms)
[Encode FPS] Mon0: 29.2 fps (sent 89 in 3045ms, skipped=4)
[Capture FPS] Mon1: 28.3 fps (captured 85 frames in 3005ms)
[Capture FPS] Mon0: 30.3 fps (captured 92 frames in 3036ms)
[Encode FPS] Mon0: 30.3 fps (sent 93 in 3071ms, skipped=4)
[Capture FPS] Mon1: 28.6 fps (captured 87 frames in 3043ms)
[Capture FPS] Mon0: 30.7 fps (captured 93 frames in 3028ms)
[Encode FPS] Mon0: 30.6 fps (sent 93 in 3035ms, skipped=4)
[Capture FPS] Mon1: 28.8 fps (captured 87 frames in 3024ms)
[Capture FPS] Mon0: 30.2 fps (captured 91 frames in 3009ms)
[Encode FPS] Mon0: 30.4 fps (sent 92 in 3030ms, skipped=4)
[Capture FPS] Mon1: 29.6 fps (captured 89 frames in 3009ms)
[Capture FPS] Mon0: 30.4 fps (captured 92 frames in 3025ms)
[Encode FPS] Mon0: 30.2 fps (sent 92 in 3044ms, skipped=4)
[Capture FPS] Mon1: 28.3 fps (captured 85 frames in 3002ms)
[Capture FPS] Mon0: 30.3 fps (captured 91 frames in 3002ms)
[Encode FPS] Mon0: 30.4 fps (sent 92 in 3029ms, skipped=4)
[Capture FPS] Mon1: 28.3 fps (captured 85 frames in 3006ms)
[Capture FPS] Mon0: 30.3 fps (captured 91 frames in 3005ms)
[Encode FPS] Mon0: 30.3 fps (sent 92 in 3036ms, skipped=4)
[Capture FPS] Mon1: 27.7 fps (captured 84 frames in 3030ms)
[Capture FPS] Mon0: 30.2 fps (captured 91 frames in 3015ms)
[Encode FPS] Mon0: 30.3 fps (sent 91 in 3000ms, skipped=4)
[Capture FPS] Mon1: 29.2 fps (captured 88 frames in 3010ms)
[Capture FPS] Mon0: 30.4 fps (captured 92 frames in 3026ms)
[Encode FPS] Mon0: 30.2 fps (sent 92 in 3043ms, skipped=4)
[Capture FPS] Mon1: 27.4 fps (captured 83 frames in 3030ms)
[Capture FPS] Mon0: 30.3 fps (captured 91 frames in 3000ms)
[Encode FPS] Mon0: 30.3 fps (sent 91 in 3002ms, skipped=4)
[Capture FPS] Mon1: 28.3 fps (captured 85 frames in 3004ms)
[Capture FPS] Mon0: 30.3 fps (captured 91 frames in 3003ms)
[Encode FPS] Mon0: 30.6 fps (sent 92 in 3004ms, skipped=4)
[Capture FPS] Mon1: 28.9 fps (captured 87 frames in 3012ms)
[Capture FPS] Mon0: 30.2 fps (captured 91 frames in 3012ms)
[Encode FPS] Mon0: 30.1 fps (sent 91 in 3025ms, skipped=4)
[Capture FPS] Mon1: 28.6 fps (captured 86 frames in 3004ms)
[Capture FPS] Mon0: 30.6 fps (captured 92 frames in 3006ms)
[Encode FPS] Mon0: 30.6 fps (sent 93 in 3040ms, skipped=4)
[Capture FPS] Mon1: 28.4 fps (captured 86 frames in 3026ms)
[Capture FPS] Mon0: 30.4 fps (captured 92 frames in 3024ms)
[Encode FPS] Mon0: 30.6 fps (sent 92 in 3010ms, skipped=4)
[Capture FPS] Mon1: 28.6 fps (captured 86 frames in 3010ms)
[Capture FPS] Mon0: 30.3 fps (captured 92 frames in 3041ms)
[Encode FPS] Mon0: 30.3 fps (sent 91 in 3006ms, skipped=4)
[Capture FPS] Mon1: 29.0 fps (captured 87 frames in 3004ms)
[Capture FPS] Mon0: 30.6 fps (captured 92 frames in 3005ms)
[Encode FPS] Mon0: 30.7 fps (sent 94 in 3066ms, skipped=4)
[Capture FPS] Mon1: 30.1 fps (captured 91 frames in 3028ms)
[Capture FPS] Mon0: 30.4 fps (captured 92 frames in 3028ms)
[Encode FPS] Mon0: 30.4 fps (sent 92 in 3024ms, skipped=4)
[Capture FPS] Mon1: 28.2 fps (captured 85 frames in 3012ms)
[Capture FPS] Mon0: 30.2 fps (captured 91 frames in 3010ms)
[Encode FPS] Mon0: 30.3 fps (sent 92 in 3041ms, skipped=4)
[Capture FPS] Mon1: 27.5 fps (captured 83 frames in 3023ms)
[Capture FPS] Mon0: 30.3 fps (captured 91 frames in 3008ms)
[Encode FPS] Mon0: 30.2 fps (sent 91 in 3012ms, skipped=4)
[Capture FPS] Mon1: 28.8 fps (captured 87 frames in 3017ms)
[Capture FPS] Mon0: 30.3 fps (captured 91 frames in 3001ms)
[Encode FPS] Mon0: 30.4 fps (sent 92 in 3026ms, skipped=4)
[Capture FPS] Mon1: 28.4 fps (captured 86 frames in 3024ms)
[Capture FPS] Mon0: 30.3 fps (captured 92 frames in 3040ms)
[Encode FPS] Mon0: 30.2 fps (sent 92 in 3044ms, skipped=4)
[Capture FPS] Mon1: 29.3 fps (captured 88 frames in 3003ms)
[Capture FPS] Mon0: 30.3 fps (captured 91 frames in 3003ms)
[Encode FPS] Mon0: 30.7 fps (sent 92 in 3001ms, skipped=4)
[Capture FPS] Mon1: 28.2 fps (captured 85 frames in 3011ms)
[Capture FPS] Mon0: 30.4 fps (captured 92 frames in 3028ms)
[Encode FPS] Mon0: 30.1 fps (sent 91 in 3026ms, skipped=4)
[Capture FPS] Mon1: 29.7 fps (captured 90 frames in 3027ms)
[Capture FPS] Mon0: 30.2 fps (captured 91 frames in 3010ms)
[Encode FPS] Mon0: 30.2 fps (sent 91 in 3012ms, skipped=4)
[Capture FPS] Mon1: 28.6 fps (captured 86 frames in 3009ms)
[Capture FPS] Mon0: 30.4 fps (captured 92 frames in 3024ms)
[Encode FPS] Mon0: 30.3 fps (sent 91 in 3008ms, skipped=4)
[Capture FPS] Mon1: 29.3 fps (captured 88 frames in 3000ms)
[Capture FPS] Mon0: 30.5 fps (captured 92 frames in 3016ms)
[Encode FPS] Mon0: 31.1 fps (sent 94 in 3022ms, skipped=4)
[Capture FPS] Mon1: 29.0 fps (captured 87 frames in 3000ms)
[Capture FPS] Mon0: 30.7 fps (captured 92 frames in 3000ms)
[Encode FPS] Mon0: 30.2 fps (sent 91 in 3009ms, skipped=4)
[Capture FPS] Mon1: 29.5 fps (captured 89 frames in 3013ms)
[Capture FPS] Mon0: 30.4 fps (captured 92 frames in 3029ms)
[Encode FPS] Mon0: 30.4 fps (sent 92 in 3029ms, skipped=4)
[Capture FPS] Mon1: 29.1 fps (captured 88 frames in 3028ms)
[Capture FPS] Mon0: 30.2 fps (captured 91 frames in 3011ms)
[Encode FPS] Mon0: 30.3 fps (sent 92 in 3041ms, skipped=4)
[Capture FPS] Mon1: 27.9 fps (captured 84 frames in 3010ms)
[Capture FPS] Mon0: 30.4 fps (captured 92 frames in 3026ms)
[Encode FPS] Mon0: 30.3 fps (sent 92 in 3040ms, skipped=4)
[Capture FPS] Mon1: 28.8 fps (captured 87 frames in 3025ms)
[Capture FPS] Mon0: 30.2 fps (captured 91 frames in 3012ms)
[Encode FPS] Mon0: 30.3 fps (sent 92 in 3036ms, skipped=4)
[Capture FPS] Mon1: 28.6 fps (captured 86 frames in 3011ms)
[Capture FPS] Mon0: 30.4 fps (captured 92 frames in 3025ms)
[Encode FPS] Mon0: 30.3 fps (sent 91 in 3006ms, skipped=4)
[Capture FPS] Mon1: 27.0 fps (captured 81 frames in 3000ms)
[Capture FPS] Mon0: 30.2 fps (captured 91 frames in 3015ms)
[Encode FPS] Mon0: 30.3 fps (sent 91 in 3000ms, skipped=4)
[Capture FPS] Mon1: 28.9 fps (captured 88 frames in 3046ms)
[Capture FPS] Mon0: 30.3 fps (captured 91 frames in 3000ms)
[Encode FPS] Mon0: 30.4 fps (sent 92 in 3030ms, skipped=4)
[Capture FPS] Mon1: 28.1 fps (captured 85 frames in 3029ms)
[Capture FPS] Mon0: 30.4 fps (captured 92 frames in 3028ms)
[Encode FPS] Mon0: 30.2 fps (sent 92 in 3046ms, skipped=4)
[Capture FPS] Mon1: 28.6 fps (captured 87 frames in 3042ms)
[Capture FPS] Mon0: 30.2 fps (captured 91 frames in 3011ms)
[MultiPC] m0 PC closed
[Capture FPS] Mon1: 29.1 fps (captured 88 frames in 3022ms)
[Capture FPS] Mon0: 30.3 fps (captured 91 frames in 3008ms)
[Capture FPS] Mon1: 28.9 fps (captured 87 frames in 3012ms)
[Capture FPS] Mon0: 30.4 fps (captured 92 frames in 3026ms)
[Capture FPS] Mon1: 29.9 fps (captured 90 frames in 3007ms)
[Capture FPS] Mon0: 30.3 fps (captured 91 frames in 3008ms)
[Capture FPS] Mon1: 29.1 fps (captured 88 frames in 3022ms)
[Capture FPS] Mon0: 30.3 fps (captured 91 frames in 3006ms)
[Capture FPS] Mon1: 28.8 fps (captured 87 frames in 3016ms)
[Capture FPS] Mon0: 30.3 fps (captured 91 frames in 3001ms)
[Capture FPS] Mon1: 30.1 fps (captured 91 frames in 3028ms)
[Capture FPS] Mon0: 30.4 fps (captured 92 frames in 3028ms)
[Capture FPS] Mon1: 27.9 fps (captured 85 frames in 3045ms)
[Capture FPS] Mon0: 30.5 fps (captured 92 frames in 3014ms)
[Capture FPS] Mon1: 28.4 fps (captured 86 frames in 3030ms)
[Capture FPS] Mon0: 30.4 fps (captured 92 frames in 3030ms)
[Capture FPS] Mon1: 29.0 fps (captured 87 frames in 3001ms)
[Capture FPS] Mon0: 30.3 fps (captured 91 frames in 3001ms)
[Capture FPS] Mon1: 27.3 fps (captured 82 frames in 3007ms)
[Capture FPS] Mon0: 30.3 fps (captured 91 frames in 3007ms)
[MultiPC RX] The remote party closed the WebSocket connection without completing the close handshake.
[AmfNativeWrapper] Disposed
[AmfNativeWrapper] Disposed
[PerMonitorCapture] Monitor 0: Capture thread stopped
[PerMonitorCapture] Monitor 1: Capture thread stopped
[PerMonitorCapture] All capture threads stopped
[PerMonitorCapture] All capture threads stopped
[Guard] Restoring display settings after MultiPC client disconnect...
[Guard] RestoreAndCleanupWithTimeout called...
[Guard] SnapshotPath exists: True
[Guard] Attempting to disable VDD...
[Guard] ForceDisableVdd: Finding VDD instance...
[Guard] ForceDisableVdd: Found VDD ID: ROOT\DISPLAY\0000
[Guard] ForceDisableVdd: VDD is currently ENABLED
[Guard] ForceDisableVdd: Physical monitors: \\.\DISPLAY2, \\.\DISPLAY1
[Guard] ForceDisableVdd: Setting \\.\DISPLAY1 as primary...
[Guard] ForceDisableVdd: Disabling VDD...
[pnputil] /disable-device "ROOT\DISPLAY\0000"
Microsoft PnP Utility

Disabling device:          ROOT\DISPLAY\0000
Device disabled successfully.


[Guard] ForceDisableVdd: ⚠ VDD may still be enabled.
[Guard] Restoring original state before exit...
[Guard] Step 1: Restoring Text Scale first...
[Guard] Restoring original text size...
[Guard] ✓ Text size restored successfully.
[Guard] Step 2: Restoring per-monitor text scale...
[Guard] Restoring per-monitor text scale...
[Guard] Restoring text scale for virtual monitor: \\.\DISPLAY1
[TextScale] Removed custom DPI for \\.\DISPLAY1
[TextScale] Enhanced broadcast refresh completed.
[Guard] ✓ Virtual monitor text scale restored to 100%
[Guard] Per-monitor text scale restoration completed.
[Guard] Step 3: Restoring monitor modes...
[Guard] Monitor modes restored.
[Guard] Step 4: Restoring taskbar flag...
[Guard] Taskbar multi-monitor flag restored to 1.
[Guard] ℹ️ Taskbar setting will apply automatically (no Explorer restart needed).
[Guard] Allowing system to settle after restore...
[Guard] ✅ All settings restored and system settled.
[Guard] Restore done.
[Guard] Display settings restored.
[Signal] MultiPC client disconnected b787fb4a-4535-43b4-93db-bcb44231a221
