=== RemotePlayServer ===
[System] Running as Administrator: YES
[System] Process: F:\VRWorkspace Projects\RemotePlayServer\bin\release\net9.0-windows10.0.26100.0\RemotePlayServer.exe
[System] Local IP: 192.168.1.20
[Encoder] NVIDIA NVENC (Hardware)
[TextScale] Actual DPI for \\.\DISPLAY1: 96
[Guard] Saved original text scale for \\.\DISPLAY1: 100%
[Guard] Snapshot captured.
=== Monitors ===
  \\.\DISPLAY1: 1920x1080 [Physical]
[HTTP] http://+:8288/
[HTTP] Server: 192.168.1.20:8288

=== QRCode (Scan to connect) ===
Data: {"ip":"192.168.1.20","port":8288,"monitors":[{"id":0,"name":"\\\\.\\DISPLAY1","w":1920,"h":1080}]}
█████████████████████████████████████████████
█████████████████████████████████████████████
████ ▄▄▄▄▄ █  ▀██▀ ▀▄▄ █▄ █ ▀▄▄▄▄█ ▄▄▄▄▄ ████
████ █   █ █  █▀▀ ▄▀▄  ▀ ▄█▀▄▄█▄██ █   █ ████
████ █▄▄▄█ █▄▄▄▄▄▀███▀█▀▀█ ██▀▄▀▀█ █▄▄▄█ ████
████▄▄▄▄▄▄▄█ █ █ █▄▀▄▀▄█ ▀▄█ ▀ █▄█▄▄▄▄▄▄▄████
█████▄█ ▀ ▄▀ ▄ █▀▀▄█▀ ▄ ▄▄▀▀▀ ▄ ▄  █ ▄ ▄▄████
████▄▄█▄█▀▄ ▀▄███▄▀▀ ▄██▄▄▀▀ ▄▄█▀ ██ ▄██ ████
████ █▄ █ ▄█▀ █▄ █ █▀ ▀▄ █▄█ ▄██▀▀██▀███▀████
█████ ▀▀█▀▄█ █▀▀██▀▀▀▄▀██▄▀▄▀▄▀█▀▄▀█▀▄▀▀▄████
███████▄▀█▄█▄█ █▄█▄█▄▀██▄████▀▄▄ ▄██▀█▀▄▀████
████▄█▄▀▄▄▄█▀█▄▀▀▀▄▄▀▄█▄▀▄▄█▀█▄█ █▄▀▄ ▄  ████
████▄█ ▄ ▀▄ ▄▄▀ █▀█ ▄▄█ ▄ ▀ ▄▄▀ ▄ ▀▀█▀█▀▄████
████ █▀█ █▄██▀▄█▀▀█▀▄▀▄▀ ▀█  █▄  ▀▄ █▀█▀█████
████ ▄▄ ▄ ▄█ ▀█▄ ▀ ▄  ▀▄▀▀█▄▀█▄▄▀  ▄ ▄▀▄▀████
█████ ▀██▀▄▀▄█ ▄ █  ▄█ █▄█▀▄ ▄ ▀ █▄▄  ▀█▄████
███████▄██▄█ ▀██▄███▄█▀█▄███▀▀█▄ ▄▄▄  █ ▀████
████ ▄▄▄▄▄ █▀█▄▄ █▄▀▄█▀▄ █▄▀▄█▄▄ █▄█  ██▀████
████ █   █ █▀▀ ▀ ▀  ▄▀█▀▄▀▄ ▄▀▀  ▄  ▄ █ █████
████ █▄▄▄█ █▀ ▄█▄█▄█▄▀▀▀▄▄▀█▄█▄▀▄  █▄█▀█ ████
████▄▄▄▄▄▄▄███▄█▄█▄▄▄█▄▄██▄█▄█▄███▄█▄█▄▄▄████
█████████████████████████████████████████████
▀▀▀▀▀▀▀▀▀▀▀▀▀▀▀▀▀▀▀▀▀▀▀▀▀▀▀▀▀▀▀▀▀▀▀▀▀▀▀▀▀▀▀▀▀

Server is running. Press ENTER to exit.
[Signal] Client connected e5553dc6-9d83-4b44-b12f-6437e31ecb69, mode=multitrack
[MultiPC Signal] Client e5553dc6-9d83-4b44-b12f-6437e31ecb69 connected from 192.168.1.20
[MultiPC Signal] Config: 2 monitors @ 1600x900, 30fps, 8000kbps/stream
[MultiPC Signal] Applying new display config: 2 monitors @ 1600x900, 30 fps
[VDD] Physical monitor found: \\.\DISPLAY1 (1920x1080)
[VDD] Physical monitors detected: 1
[VDD] Virtual monitors needed: 1 (target total: 2)
[VDD] Set monitor count to 1 in C:\VirtualDisplayDriver\vdd_settings.xml
[VDD] Resolution already present.
[pnputil] /scan-devices
Microsoft PnP Utility

Scanning for device hardware changes.
Scan complete.


[pnputil] /enable-device "ROOT\DISPLAY\0000"
Microsoft PnP Utility

Enabling device:          ROOT\DISPLAY\0000
Device enabled successfully.


[pnputil] /scan-devices
Microsoft PnP Utility

Scanning for device hardware changes.
Scan complete.


[pnputil] /scan-devices
Microsoft PnP Utility

Scanning for device hardware changes.
Scan complete.


[Display] Setting up 3-monitor system...
[Display] Physical monitors: 2, Virtual monitors: 0
[Display] Setting \\.\DISPLAY1 [PHYSICAL] -> 1600x900@60
[Display] Setting \\.\DISPLAY33 [PHYSICAL] -> 1600x900@60
[Display] Setting \\.\DISPLAY1 as PRIMARY display
[Display] ✓ \\.\DISPLAY1 set as primary
[Display] ✓ 3-monitor system configured:
[Display]   • \\.\DISPLAY1 1600x900 [PHYSICAL] [PRIMARY]
[Display]   • \\.\DISPLAY33 1600x900 [PHYSICAL]
[Display] Setting Windows Text Scale to 125%...
[Display] ✓ Text Scale set to 125%
[MultiPC Signal] Available monitors: 2, using: 2
[PerMonitorCapture] Initializing 2 monitors @ 30fps (PARALLEL MODE - separate D3D11 devices)
[PerMonitorCapture] Monitor 0: Created D3D11 device (adapter=NVIDIA GeForce GTX 1660 Ti, NVIDIA=True)
[PerMonitorCapture] Monitor 0: \\.\DISPLAY1 1600x900 - duplication ready
[PerMonitorCapture] Monitor 1: Created D3D11 device (adapter=NVIDIA GeForce GTX 1660 Ti, NVIDIA=True)
[PerMonitorCapture] Monitor 1: \\.\DISPLAY33 1600x900 - duplication ready
[PerMonitorCapture] Initialized 2 monitors with SEPARATE D3D11 devices
[MultiPC] Created: 2mon 30fps 8000kbps (parallel device mode)
[MultiPC] m0 device registered (parallel mode)
[MultiPC Signal] Monitor 0: Using dedicated D3D11 device for parallel encoding
[MultiPC] m1 device registered (parallel mode)
[MultiPC Signal] Monitor 1: Using dedicated D3D11 device for parallel encoding
[PerMonitorCapture] Started 2 parallel capture threads
[MultiPC Signal] Received offer for monitor 0
[PerMonitorCapture] Monitor 0: Capture thread started @ 30fps
[PerMonitorCapture] Monitor 1: Capture thread started @ 30fps
[PerMonitorCapture] Monitor 0: NVIDIA staging texture initialized
[PerMonitorCapture] Monitor 1: NVIDIA staging texture initialized
[MultiPC] m0 offer: 1600x900
[MultiPC] m0 using dedicated D3D11 device
[GpuVendorDetector] Detected NVIDIA GPU: NVIDIA GeForce GTX 1660 Ti
[MultiPC] m0 using DEDICATED D3D11 device (parallel mode)
[MultiPC] m0 NVIDIA GPU detected, using NVENC encoder
[LibAvEncoderAdapter] Initializing 1600x900 @ 30fps, 8000kbps
[LibAvEncoder] FFmpeg path: F:\VRWorkspace Projects\RemotePlayServer\bin\release\net9.0-windows10.0.26100.0\bin
[LibAvEncoder] Detected GPU: NVIDIA (NVIDIA GeForce GTX 1660 Ti)
[LibAvEncoder] Using encoder: h264_nvenc
[LibAvEncoder] Configuring NVIDIA NVENC encoder
[LibAvEncoder] NVIDIA GPU: Trying D3D11VA for zero-copy texture encoding
[LibAvEncoder] Initializing NVENC with D3D11VA for zero-copy...
[LibAvEncoder] NVENC D3D11VA initialized (TRUE ZERO-COPY enabled)
[LibAvEncoder] Using D3D11 hardware frames (zero-copy)
[LibAvEncoder] Initialized 1600x900 @ 30fps, 8000kbps (D3D11 zero-copy)
[LibAvEncoderAdapter] Initialized successfully
[MultiPC] m0 encoder ready (parallel=True)
[MultiPC] m0 answer created
[MultiPC Signal] Sent answer for monitor 0
[MultiPC Signal] Received offer for monitor 1
[MultiPC] m1 offer: 1600x900
[MultiPC] m1 using dedicated D3D11 device
[MultiPC] m0 ICE connected
[MultiPC] m0 PC connected
[MultiPC] m0 enc#1: 1555B key=False NALs=[6,1]
[MultiPC] m0 streaming started
[GpuVendorDetector] Detected NVIDIA GPU: NVIDIA GeForce GTX 1660 Ti
[MultiPC] m1 using DEDICATED D3D11 device (parallel mode)
[MultiPC] m1 NVIDIA GPU detected, using NVENC encoder
[LibAvEncoderAdapter] Initializing 1600x900 @ 30fps, 8000kbps
[LibAvEncoder] Detected GPU: NVIDIA (NVIDIA GeForce GTX 1660 Ti)
[LibAvEncoder] Using encoder: h264_nvenc
[LibAvEncoder] Configuring NVIDIA NVENC encoder
[LibAvEncoder] NVIDIA GPU: Trying D3D11VA for zero-copy texture encoding
[LibAvEncoder] Initializing NVENC with D3D11VA for zero-copy...
[LibAvEncoder] NVENC D3D11VA initialized (TRUE ZERO-COPY enabled)
[LibAvEncoder] Using D3D11 hardware frames (zero-copy)
[LibAvEncoder] Initialized 1600x900 @ 30fps, 8000kbps (D3D11 zero-copy)
[LibAvEncoderAdapter] Initialized successfully
[MultiPC] m1 encoder ready (parallel=True)
[MultiPC] m1 answer created
[MultiPC Signal] Sent answer for monitor 1
[MultiPC] m0 enc#2: 50999B key=False NALs=[6,1]
[MultiPC] m1 ICE connected
[MultiPC] m1 PC connected
[MultiPC] m0 enc#3: 36550B key=False NALs=[6,1]
[MultiPC] m1 enc#1: 184583B key=True NALs=[7,8,6,6,5]
[MultiPC] m0 enc#4: 14697B key=False NALs=[6,1]
[MultiPC] m1 streaming started
[MultiPC] m0 enc#5: 9258B key=False NALs=[6,1]
[MultiPC] m1 enc#2: 112B key=False NALs=[6,1]
[MultiPC] m1 enc#3: 69B key=False NALs=[6,1]
[MultiPC] m1 enc#4: 63B key=False NALs=[6,1]
[MultiPC] m1 enc#5: 63B key=False NALs=[6,1]
[Capture FPS] Mon0: 28.3 fps (captured 85 frames in 3007ms)
[Capture FPS] Mon1: 1.7 fps (captured 5 frames in 3006ms)
[Encode FPS] Mon0: 29.8 fps (sent 90 in 3025ms, skipped=2)
[Encode FPS] Mon1: 26.6 fps (sent 80 in 3007ms, skipped=6)
[Capture FPS] Mon1: 1.3 fps (captured 4 frames in 3014ms)
[Capture FPS] Mon0: 29.2 fps (captured 88 frames in 3014ms)
[Encode FPS] Mon0: 29.3 fps (sent 88 in 3000ms, skipped=2)
[Encode FPS] Mon1: 26.0 fps (sent 79 in 3040ms, skipped=6)
[Capture FPS] Mon1: 0.7 fps (captured 2 frames in 3025ms)
[Capture FPS] Mon0: 30.1 fps (captured 91 frames in 3026ms)
[Encode FPS] Mon0: 29.8 fps (sent 90 in 3016ms, skipped=2)
[Encode FPS] Mon1: 26.6 fps (sent 80 in 3006ms, skipped=6)
[Capture FPS] Mon1: 1.7 fps (captured 5 frames in 3005ms)
[Capture FPS] Mon0: 29.6 fps (captured 89 frames in 3004ms)
[Encode FPS] Mon0: 29.7 fps (sent 90 in 3030ms, skipped=2)
[Encode FPS] Mon1: 27.8 fps (sent 84 in 3026ms, skipped=6)
[Capture FPS] Mon1: 2.0 fps (captured 6 frames in 3002ms)
[Capture FPS] Mon0: 30.3 fps (captured 91 frames in 3002ms)
[Encode FPS] Mon0: 30.4 fps (sent 92 in 3026ms, skipped=2)
[Encode FPS] Mon1: 27.0 fps (sent 81 in 3001ms, skipped=6)
[Capture FPS] Mon1: 0.0 fps (captured 0 frames in 3000ms)
[Capture FPS] Mon0: 30.3 fps (captured 91 frames in 3000ms)
[Encode FPS] Mon0: 30.3 fps (sent 91 in 3005ms, skipped=2)
[Encode FPS] Mon1: 26.6 fps (sent 80 in 3003ms, skipped=6)
[Capture FPS] Mon1: 0.0 fps (captured 0 frames in 3006ms)
[Capture FPS] Mon0: 30.3 fps (captured 91 frames in 3006ms)
[Encode FPS] Mon0: 30.3 fps (sent 91 in 3001ms, skipped=2)
[Encode FPS] Mon1: 28.0 fps (sent 84 in 3001ms, skipped=6)
[Capture FPS] Mon1: 1.3 fps (captured 4 frames in 3009ms)
[Capture FPS] Mon0: 30.2 fps (captured 91 frames in 3009ms)
[Encode FPS] Mon0: 30.4 fps (sent 92 in 3028ms, skipped=2)
[Encode FPS] Mon1: 25.5 fps (sent 77 in 3014ms, skipped=6)
[Capture FPS] Mon0: 28.3 fps (captured 85 frames in 3008ms)
[Capture FPS] Mon1: 0.7 fps (captured 2 frames in 3008ms)
[Encode FPS] Mon0: 28.9 fps (sent 87 in 3011ms, skipped=2)
[Encode FPS] Mon1: 27.1 fps (sent 82 in 3026ms, skipped=6)
[Capture FPS] Mon0: 21.7 fps (captured 65 frames in 3001ms)
[Capture FPS] Mon1: 4.3 fps (captured 13 frames in 3032ms)
[Encode FPS] Mon0: 29.3 fps (sent 88 in 3001ms, skipped=2)
[Encode FPS] Mon1: 27.3 fps (sent 82 in 3003ms, skipped=6)
[Capture FPS] Mon0: 24.1 fps (captured 73 frames in 3023ms)
[Capture FPS] Mon1: 22.4 fps (captured 68 frames in 3038ms)
[Encode FPS] Mon0: 29.4 fps (sent 89 in 3026ms, skipped=2)
[Encode FPS] Mon1: 29.2 fps (sent 89 in 3047ms, skipped=6)
[Capture FPS] Mon0: 18.6 fps (captured 56 frames in 3005ms)
[Capture FPS] Mon1: 10.9 fps (captured 33 frames in 3037ms)
[Encode FPS] Mon0: 28.9 fps (sent 87 in 3012ms, skipped=2)
[Encode FPS] Mon1: 28.6 fps (sent 86 in 3004ms, skipped=6)
[Capture FPS] Mon0: 25.3 fps (captured 76 frames in 3005ms)
[Capture FPS] Mon1: 2.0 fps (captured 6 frames in 3004ms)
[Encode FPS] Mon0: 30.3 fps (sent 91 in 3004ms, skipped=2)
[Encode FPS] Mon1: 27.0 fps (sent 82 in 3033ms, skipped=6)
[Capture FPS] Mon0: 30.2 fps (captured 91 frames in 3013ms)
[Capture FPS] Mon1: 1.0 fps (captured 3 frames in 3028ms)
[Encode FPS] Mon0: 30.2 fps (sent 91 in 3012ms, skipped=2)
[Encode FPS] Mon1: 26.4 fps (sent 80 in 3027ms, skipped=6)
[Capture FPS] Mon0: 28.3 fps (captured 85 frames in 3004ms)
[Capture FPS] Mon1: 0.0 fps (captured 0 frames in 3006ms)
[Encode FPS] Mon0: 30.3 fps (sent 91 in 3004ms, skipped=2)
[Encode FPS] Mon1: 26.9 fps (sent 81 in 3012ms, skipped=6)
[Capture FPS] Mon0: 29.8 fps (captured 90 frames in 3024ms)
[Capture FPS] Mon1: 0.3 fps (captured 1 frames in 3008ms)
[Encode FPS] Mon0: 29.7 fps (sent 90 in 3029ms, skipped=2)
[Encode FPS] Mon1: 27.0 fps (sent 81 in 3001ms, skipped=6)
[Capture FPS] Mon0: 30.0 fps (captured 90 frames in 3001ms)
[Capture FPS] Mon1: 13.9 fps (captured 42 frames in 3030ms)
[Encode FPS] Mon0: 29.9 fps (sent 90 in 3007ms, skipped=2)
[Encode FPS] Mon1: 29.0 fps (sent 87 in 3000ms, skipped=6)
[Capture FPS] Mon0: 28.9 fps (captured 87 frames in 3007ms)
[Capture FPS] Mon1: 29.6 fps (captured 89 frames in 3008ms)
[Encode FPS] Mon0: 29.3 fps (sent 88 in 3001ms, skipped=2)
[Encode FPS] Mon1: 29.6 fps (sent 90 in 3038ms, skipped=6)
[Capture FPS] Mon0: 30.2 fps (captured 91 frames in 3013ms)
[Capture FPS] Mon1: 29.7 fps (captured 90 frames in 3029ms)
[Encode FPS] Mon0: 30.0 fps (sent 90 in 3005ms, skipped=2)
[Encode FPS] Mon1: 29.8 fps (sent 90 in 3023ms, skipped=6)
[Capture FPS] Mon0: 29.3 fps (captured 88 frames in 3001ms)
[Capture FPS] Mon1: 29.7 fps (captured 89 frames in 3000ms)
[Encode FPS] Mon0: 29.6 fps (sent 89 in 3002ms, skipped=2)
[Encode FPS] Mon1: 29.9 fps (sent 90 in 3013ms, skipped=6)
[Capture FPS] Mon0: 30.0 fps (captured 90 frames in 3005ms)
[Capture FPS] Mon1: 29.6 fps (captured 89 frames in 3006ms)
[Encode FPS] Mon0: 30.4 fps (sent 92 in 3026ms, skipped=2)
[Encode FPS] Mon1: 30.3 fps (sent 91 in 3003ms, skipped=6)
[Capture FPS] Mon0: 30.1 fps (captured 91 frames in 3028ms)
[Capture FPS] Mon1: 29.6 fps (captured 90 frames in 3043ms)
[Encode FPS] Mon0: 29.8 fps (sent 90 in 3017ms, skipped=2)
[Encode FPS] Mon1: 29.6 fps (sent 89 in 3002ms, skipped=6)
[Capture FPS] Mon0: 30.3 fps (captured 91 frames in 3001ms)
[Capture FPS] Mon1: 29.6 fps (captured 89 frames in 3002ms)
[Encode FPS] Mon0: 30.3 fps (sent 91 in 3005ms, skipped=2)
[Encode FPS] Mon1: 30.0 fps (sent 91 in 3038ms, skipped=6)
[Capture FPS] Mon0: 30.3 fps (captured 91 frames in 3008ms)
[Capture FPS] Mon1: 30.1 fps (captured 91 frames in 3023ms)
[Encode FPS] Mon0: 30.3 fps (sent 92 in 3036ms, skipped=2)
[Encode FPS] Mon1: 30.4 fps (sent 92 in 3029ms, skipped=6)
[Capture FPS] Mon0: 30.4 fps (captured 92 frames in 3029ms)
[Capture FPS] Mon1: 29.9 fps (captured 90 frames in 3014ms)
[Encode FPS] Mon0: 30.4 fps (sent 92 in 3022ms, skipped=2)
[Encode FPS] Mon1: 29.9 fps (sent 90 in 3014ms, skipped=6)
[Capture FPS] Mon0: 30.3 fps (captured 91 frames in 3002ms)
[Capture FPS] Mon1: 30.0 fps (captured 90 frames in 3000ms)
[Encode FPS] Mon0: 30.3 fps (sent 91 in 3004ms, skipped=2)
[Encode FPS] Mon1: 30.0 fps (sent 91 in 3033ms, skipped=6)
[Capture FPS] Mon0: 29.9 fps (captured 90 frames in 3007ms)
[Capture FPS] Mon1: 29.9 fps (captured 90 frames in 3007ms)
[Encode FPS] Mon0: 29.8 fps (sent 90 in 3016ms, skipped=2)
[Encode FPS] Mon1: 30.0 fps (sent 91 in 3036ms, skipped=6)
[Capture FPS] Mon0: 30.3 fps (captured 91 frames in 3001ms)
[Capture FPS] Mon1: 29.6 fps (captured 89 frames in 3003ms)
[Encode FPS] Mon0: 30.4 fps (sent 92 in 3028ms, skipped=2)
[Encode FPS] Mon1: 29.7 fps (sent 90 in 3031ms, skipped=6)
[Capture FPS] Mon0: 30.2 fps (captured 91 frames in 3009ms)
[Capture FPS] Mon1: 30.1 fps (captured 91 frames in 3024ms)
[Encode FPS] Mon0: 30.2 fps (sent 91 in 3010ms, skipped=2)
[Encode FPS] Mon1: 30.2 fps (sent 91 in 3011ms, skipped=6)
[Capture FPS] Mon0: 30.3 fps (captured 92 frames in 3040ms)
[Capture FPS] Mon1: 29.9 fps (captured 90 frames in 3008ms)
[Encode FPS] Mon0: 30.3 fps (sent 92 in 3035ms, skipped=2)
[Encode FPS] Mon1: 30.3 fps (sent 92 in 3034ms, skipped=6)
[Capture FPS] Mon0: 30.4 fps (captured 92 frames in 3025ms)
[Capture FPS] Mon1: 29.5 fps (captured 89 frames in 3012ms)
[Encode FPS] Mon0: 30.4 fps (sent 92 in 3029ms, skipped=2)
[Encode FPS] Mon1: 30.0 fps (sent 90 in 3001ms, skipped=6)
[Capture FPS] Mon0: 30.2 fps (captured 91 frames in 3010ms)
[Capture FPS] Mon1: 30.1 fps (captured 91 frames in 3023ms)
[Encode FPS] Mon0: 30.3 fps (sent 91 in 3006ms, skipped=2)
[Encode FPS] Mon1: 30.3 fps (sent 91 in 3002ms, skipped=6)
[Capture FPS] Mon0: 30.3 fps (captured 91 frames in 3002ms)
[Capture FPS] Mon1: 29.5 fps (captured 89 frames in 3017ms)
[Encode FPS] Mon0: 30.3 fps (sent 92 in 3033ms, skipped=2)
[Encode FPS] Mon1: 29.7 fps (sent 90 in 3032ms, skipped=6)
[Capture FPS] Mon0: 29.6 fps (captured 89 frames in 3006ms)
[Capture FPS] Mon1: 29.8 fps (captured 90 frames in 3023ms)
[Encode FPS] Mon0: 29.3 fps (sent 88 in 3005ms, skipped=2)
[Encode FPS] Mon1: 29.6 fps (sent 89 in 3005ms, skipped=6)
[Capture FPS] Mon0: 28.8 fps (captured 87 frames in 3024ms)
[Capture FPS] Mon1: 29.6 fps (captured 89 frames in 3008ms)
[Encode FPS] Mon0: 30.3 fps (sent 92 in 3041ms, skipped=2)
[Encode FPS] Mon1: 30.4 fps (sent 92 in 3026ms, skipped=6)
[Capture FPS] Mon0: 29.9 fps (captured 90 frames in 3008ms)
[Capture FPS] Mon1: 29.9 fps (captured 90 frames in 3007ms)
[Encode FPS] Mon0: 30.0 fps (sent 90 in 3000ms, skipped=2)
[Encode FPS] Mon1: 30.2 fps (sent 91 in 3016ms, skipped=6)
[Capture FPS] Mon0: 30.2 fps (captured 91 frames in 3012ms)
[Capture FPS] Mon1: 30.0 fps (captured 91 frames in 3029ms)
[Encode FPS] Mon0: 30.3 fps (sent 91 in 3003ms, skipped=2)
[Encode FPS] Mon1: 30.0 fps (sent 90 in 3002ms, skipped=6)
[Capture FPS] Mon0: 30.1 fps (captured 91 frames in 3023ms)
[Capture FPS] Mon1: 29.6 fps (captured 89 frames in 3007ms)
[Encode FPS] Mon0: 30.1 fps (sent 91 in 3027ms, skipped=2)
[Encode FPS] Mon1: 29.7 fps (sent 89 in 3000ms, skipped=6)
[Capture FPS] Mon0: 30.3 fps (captured 91 frames in 3008ms)
[Capture FPS] Mon1: 29.6 fps (captured 89 frames in 3009ms)
[Encode FPS] Mon0: 30.2 fps (sent 91 in 3010ms, skipped=2)
[Encode FPS] Mon1: 30.0 fps (sent 90 in 3004ms, skipped=6)
[Capture FPS] Mon0: 29.6 fps (captured 89 frames in 3010ms)
[Capture FPS] Mon1: 29.6 fps (captured 90 frames in 3038ms)
[Encode FPS] Mon0: 29.3 fps (sent 88 in 3004ms, skipped=2)
[Encode FPS] Mon1: 29.6 fps (sent 90 in 3039ms, skipped=6)
[Capture FPS] Mon0: 29.4 fps (captured 89 frames in 3025ms)
[Capture FPS] Mon1: 28.7 fps (captured 87 frames in 3027ms)
[Encode FPS] Mon0: 29.7 fps (sent 90 in 3027ms, skipped=2)
[Encode FPS] Mon1: 29.0 fps (sent 87 in 3003ms, skipped=6)
[Capture FPS] Mon0: 30.2 fps (captured 91 frames in 3009ms)
[Capture FPS] Mon1: 29.9 fps (captured 90 frames in 3011ms)
[Encode FPS] Mon0: 29.6 fps (sent 89 in 3007ms, skipped=2)
[Encode FPS] Mon1: 30.0 fps (sent 90 in 3003ms, skipped=6)
[Capture FPS] Mon0: 29.3 fps (captured 88 frames in 3000ms)
[Capture FPS] Mon1: 29.4 fps (captured 89 frames in 3027ms)
[Encode FPS] Mon0: 29.9 fps (sent 90 in 3013ms, skipped=2)
[Encode FPS] Mon1: 29.7 fps (sent 90 in 3032ms, skipped=6)
[Capture FPS] Mon0: 30.2 fps (captured 91 frames in 3013ms)
[Capture FPS] Mon1: 30.0 fps (captured 90 frames in 3001ms)
[Encode FPS] Mon0: 30.0 fps (sent 90 in 3004ms, skipped=2)
[Encode FPS] Mon1: 30.2 fps (sent 91 in 3009ms, skipped=6)
[Capture FPS] Mon0: 30.0 fps (captured 91 frames in 3030ms)
[Capture FPS] Mon1: 29.9 fps (captured 91 frames in 3046ms)
[Encode FPS] Mon0: 30.4 fps (sent 92 in 3028ms, skipped=2)
[Encode FPS] Mon1: 30.0 fps (sent 90 in 3003ms, skipped=6)
[Capture FPS] Mon0: 30.3 fps (captured 92 frames in 3041ms)
[Capture FPS] Mon1: 30.1 fps (captured 91 frames in 3025ms)
[Encode FPS] Mon0: 28.9 fps (sent 88 in 3043ms, skipped=2)
[Encode FPS] Mon1: 30.3 fps (sent 91 in 3001ms, skipped=6)
[Capture FPS] Mon0: 29.0 fps (captured 87 frames in 3003ms)
[Capture FPS] Mon1: 30.0 fps (captured 90 frames in 3004ms)
[Encode FPS] Mon0: 30.3 fps (sent 91 in 3005ms, skipped=2)
[Encode FPS] Mon1: 30.2 fps (sent 91 in 3018ms, skipped=6)
[Capture FPS] Mon0: 30.3 fps (captured 91 frames in 3001ms)
[Capture FPS] Mon1: 29.5 fps (captured 89 frames in 3014ms)
[Encode FPS] Mon0: 30.4 fps (sent 92 in 3027ms, skipped=2)
[Encode FPS] Mon1: 29.8 fps (sent 90 in 3021ms, skipped=6)
[Capture FPS] Mon0: 30.3 fps (captured 91 frames in 3004ms)
[Capture FPS] Mon1: 30.0 fps (captured 90 frames in 3003ms)
[Encode FPS] Mon0: 30.0 fps (sent 90 in 3000ms, skipped=2)
[Encode FPS] Mon1: 29.6 fps (sent 89 in 3002ms, skipped=6)
[Capture FPS] Mon0: 29.6 fps (captured 89 frames in 3004ms)
[Capture FPS] Mon1: 29.6 fps (captured 90 frames in 3036ms)
[Encode FPS] Mon0: 29.6 fps (sent 89 in 3011ms, skipped=2)
[Encode FPS] Mon1: 29.7 fps (sent 90 in 3026ms, skipped=6)
[Capture FPS] Mon0: 30.0 fps (captured 91 frames in 3036ms)
[Capture FPS] Mon1: 29.8 fps (captured 90 frames in 3021ms)
[Encode FPS] Mon0: 30.3 fps (sent 91 in 3003ms, skipped=2)
[Encode FPS] Mon1: 30.0 fps (sent 90 in 3001ms, skipped=6)
[Capture FPS] Mon0: 30.3 fps (captured 91 frames in 3004ms)
[Capture FPS] Mon1: 29.8 fps (captured 90 frames in 3018ms)
[Encode FPS] Mon0: 30.0 fps (sent 90 in 3000ms, skipped=2)
[Encode FPS] Mon1: 29.8 fps (sent 90 in 3023ms, skipped=6)
[Capture FPS] Mon0: 29.1 fps (captured 88 frames in 3026ms)
[Capture FPS] Mon1: 29.8 fps (captured 90 frames in 3024ms)
[Encode FPS] Mon0: 29.3 fps (sent 89 in 3042ms, skipped=2)
[Encode FPS] Mon1: 30.0 fps (sent 91 in 3029ms, skipped=6)
[Capture FPS] Mon0: 30.2 fps (captured 92 frames in 3045ms)
[Capture FPS] Mon1: 30.0 fps (captured 90 frames in 3003ms)
[Encode FPS] Mon0: 30.3 fps (sent 92 in 3034ms, skipped=2)
[Encode FPS] Mon1: 30.0 fps (sent 91 in 3038ms, skipped=6)
[Capture FPS] Mon0: 30.4 fps (captured 92 frames in 3022ms)
[Capture FPS] Mon1: 30.0 fps (captured 90 frames in 3004ms)
[Encode FPS] Mon0: 30.3 fps (sent 92 in 3039ms, skipped=2)
[Encode FPS] Mon1: 30.4 fps (sent 92 in 3031ms, skipped=6)
[Capture FPS] Mon0: 30.2 fps (captured 91 frames in 3010ms)
[Capture FPS] Mon1: 29.9 fps (captured 90 frames in 3010ms)
[Encode FPS] Mon0: 30.4 fps (sent 92 in 3022ms, skipped=2)
[Encode FPS] Mon1: 30.0 fps (sent 90 in 3003ms, skipped=6)
[Capture FPS] Mon0: 29.3 fps (captured 88 frames in 3006ms)
[Capture FPS] Mon1: 29.3 fps (captured 88 frames in 3006ms)
[Encode FPS] Mon0: 29.9 fps (sent 90 in 3007ms, skipped=2)
[Encode FPS] Mon1: 29.2 fps (sent 88 in 3010ms, skipped=6)
[Capture FPS] Mon0: 30.4 fps (captured 92 frames in 3028ms)
[Capture FPS] Mon1: 29.7 fps (captured 89 frames in 3000ms)
[Encode FPS] Mon0: 30.2 fps (sent 92 in 3044ms, skipped=2)
[Encode FPS] Mon1: 30.3 fps (sent 91 in 3004ms, skipped=6)
[MultiPC RX] The remote party closed the WebSocket connection without completing the close handshake.
[LibAvEncoder] Disposed
[LibAvEncoderAdapter] Disposed
[MultiPC] m0 PC closed
[LibAvEncoder] Disposed
[LibAvEncoderAdapter] Disposed
[MultiPC] m1 PC closed
[PerMonitorCapture] Monitor 1: Capture thread stopped
[PerMonitorCapture] Monitor 0: Capture thread stopped
[PerMonitorCapture] All capture threads stopped
[PerMonitorCapture] All capture threads stopped
[Guard] Restoring display settings after MultiPC client disconnect...
[Guard] RestoreAndCleanupWithTimeout called...
[Guard] SnapshotPath exists: True
[Guard] Attempting to disable VDD...
[Guard] ForceDisableVdd: Finding VDD instance...
[Guard] ForceDisableVdd: Found VDD ID: ROOT\DISPLAY\0000
[Guard] ForceDisableVdd: VDD is currently ENABLED
[Guard] ForceDisableVdd: Physical monitors: \\.\DISPLAY1, \\.\DISPLAY33
[Guard] ForceDisableVdd: Setting \\.\DISPLAY1 as primary...
[Guard] ForceDisableVdd: Disabling VDD...
[pnputil] /disable-device "ROOT\DISPLAY\0000"
Microsoft PnP Utility

Disabling device:          ROOT\DISPLAY\0000
Device disabled successfully.


[Guard] ForceDisableVdd: ✓ VDD disabled successfully!
[Guard] Restoring original state before exit...
[Guard] Step 1: Restoring Text Scale first...
[Guard] Restoring original text size...
[Guard] ✓ Text size restored successfully.
[Guard] Step 2: Restoring per-monitor text scale...
[Guard] Restoring per-monitor text scale...
[Guard] Restoring text scale for virtual monitor: \\.\DISPLAY1
[TextScale] Removed custom DPI for \\.\DISPLAY1
[TextScale] Enhanced broadcast refresh completed.
[Guard] ✓ Virtual monitor text scale restored to 100%
[Guard] Per-monitor text scale restoration completed.
[Guard] Step 3: Restoring monitor modes...
[Guard] Monitor modes restored.
[Guard] Step 4: Restoring taskbar flag...
[Guard] Taskbar multi-monitor flag restored to 1.
[Guard] ℹ️ Taskbar setting will apply automatically (no Explorer restart needed).
[Guard] Allowing system to settle after restore...
[Guard] ✅ All settings restored and system settled.
[Guard] Restore done./
[Guard] Display settings restored.
[Signal] MultiPC client disconnected e5553dc6-9d83-4b44-b12f-6437e31ecb69
