=== RemotePlayServer ===
[System] Running as Administrator: YES
[System] Process: C:\Users\super\OneDrive\Documents\VRWorkspaceProjects\RemotePlayServer\bin\release\net9.0-windows10.0.26100.0\RemotePlayServer.exe
[System] Local IP: 192.168.1.9
[Encoder] AMD AMF (Hardware)
[TextScale] Registry DPI for \\.\DISPLAY2: 120
[Guard] Saved original text scale for \\.\DISPLAY2: 125%
[TextScale] Actual DPI for \\.\DISPLAY1: 96
[Guard] Saved original text scale for \\.\DISPLAY1: 100%
[Guard] File Explorer view captured.
[Guard] Snapshot captured.
=== Monitors ===
  \\.\DISPLAY2: 1920x1080 [Physical]
  \\.\DISPLAY1: 1920x1080 [Physical]
[HTTP] http://+:8288/
[HTTP] Server: 192.168.1.9:8288

=== QRCode (Scan to connect) ===
Data: {"ip":"192.168.1.9","port":8288,"monitors":[{"id":0,"name":"\\\\.\\DISPLAY2","w":1920,"h":1080},{"id":1,"name":"\\\\.\\DISPLAY1","w":1920,"h":1080}]}
█████████████████████████████████████████████████████
█████████████████████████████████████████████████████
████ ▄▄▄▄▄ █ ███▄██ █ ▄▀▄ ▄█  ▄█      █▀▄█ ▄▄▄▄▄ ████
████ █   █ ██  ▄▄█ ▄█▄ █▀██▀▄ ▀█▀▄▄▀ ▀█ ▀█ █   █ ████
████ █▄▄▄█ █ █▀▄▄▄▄███ ▀ ▄▄▄ █ ▄█▀▄▄▀▀▄▄▄█ █▄▄▄█ ████
████▄▄▄▄▄▄▄█▄▀▄▀ █ █▄▀▄█ █▄█ ▀▄▀▄█▄█▄█ ▀▄█▄▄▄▄▄▄▄████
████  ▄ ▀ ▄▀▀▀▄▄▀▀ ▄▄ █▄▄  ▄ █  ▀▀█▄▀██▀▄ ▀▄▄█▀▄▄████
█████▀▄▀██▄█  █▀▀▀▀▀█▀▀ ▀▀▀▀▄ ▀▄██ ▀▀▄█ ▄▄ ▀▄▀▀▄ ████
████▄  ▀██▄▀█▄▄ █▄ ▀███▄█▀   ▀ ▄█  █▄ █▀█▄▄▀ █▄ ▀████
████▀█▀▀ █▄█ ▄▀ ▄  █ █▀▀   █ ▄▄▀   ▄▀▄▀▀▄▄▀█ ▄ ▀ ████
████▀█  ▀█▄ ▄▀ ▀██ ▀▄█  ▀▀▄▀▄█▄ ▀▀▀▀ ██▀ ▀ ▀▄██ ▀████
████▀▄▄█▀ ▄  █ ▄▄▀█▀▄█▀▄ ▄▄▀ █▄█ ▄█  █▄▀▄  █ █ █▄████
████▄    ▄▄▄ ▄ ▀ ▄ ▀▄█ ▀ ▄▄▄ █▄▀█▄█▀▄█▀  ▄▄▄ ▀█ ▄████
████▀█ ▀ █▄█  ▀▄▄█▀  ▀▄▄ █▄█ ▄▀▄▀▄▀▄█  █ █▄█ █▀  ████
█████▄ █▄▄▄▄▄▀█▀▀███  ▀▀ ▄▄▄ ▄ █▄█▀█▄█ █▄▄ ▄▄▀██ ████
████▄█▄█▄ ▄█▀ ▄ ▄▄█▀▀▄▄█ ▄█▄▀ ▀▄ ▄█ ▀▄▄█▀▄█ ▀ ▄█ ████
████▄▀ ▄ ▄▄▀█▄██▀▀▀▀██ ▄▀█▀███▀ ███▀█ ▀ ██▀█▀ ▀ █████
████ ▀█▀ █▄   ▄▄▄ ▄   ▄█      ▄█▀▄▄█▀   ▀ ▄ ▄ ▄▀▀████
█████▄ █▀▀▄ ▄▄   █▀▄▄█  ▄   ▄▀█   ▀ ▄ ▀▄▄█ ▄ ▀█ ▄████
█████▀▀▀ █▄▄▄██▀▄███▀█▀▄ ▀█ ▄█▀███▀▄███▄████ ▀▀ ▄████
████▄██▄▄█▄▄█ ▀▄▀ ▀▄█  ▄ ▄▄▄  █▀█ ▄▀ ▄▄▀ ▄▄▄ ▀██ ████
████ ▄▄▄▄▄ █▀▄▄▀█▄ ▀▄▄   █▄█ ▀▀  ██ ▄▄▀▄ █▄█ ▀▀██████
████ █   █ █▀▄▀▀▀█▀▀█▄▄▀ ▄   ██  █ ▀▄█ ▀ ▄   ▄  █████
████ █▄▄▄█ █ █ ▀▀▄██▀ ▀█▀ ▄▀█▀█▀▀█ █▀▄ ▀█ ▄██▄███████
████▄▄▄▄▄▄▄█▄██████▄▄██▄▄██▄▄██▄███▄▄███▄████▄▄█▄████
█████████████████████████████████████████████████████
▀▀▀▀▀▀▀▀▀▀▀▀▀▀▀▀▀▀▀▀▀▀▀▀▀▀▀▀▀▀▀▀▀▀▀▀▀▀▀▀▀▀▀▀▀▀▀▀▀▀▀▀▀

Server is running. Press ENTER to exit.
[Signal] Client connected 94df0889-cec2-478b-b540-67d62515d6b2, mode=multitrack
[MultiPC Signal] Client 94df0889-cec2-478b-b540-67d62515d6b2 connected from 192.168.1.6
[MultiPC Signal] Config: 1 monitors @ 1600x900, 60fps, 50000kbps/stream
[MultiPC Signal] Applying new display config: 1 monitors @ 1600x900, 60 fps
[VDD] Physical monitor found: \\.\DISPLAY2 (1920x1080)
[VDD] Physical monitor found: \\.\DISPLAY1 (1920x1080)
[VDD] Physical monitors detected: 2
[VDD] Virtual monitors needed: 0 (target total: 1)
[VDD] No virtual monitors needed - you already have 3+ physical monitors.
[Display] Setting up 3-monitor system...
[Display] Physical monitors: 2, Virtual monitors: 0
[Display] Setting \\.\DISPLAY2 [PHYSICAL] -> 1600x900@60
[Display] Setting \\.\DISPLAY1 [PHYSICAL] -> 1600x900@60
[Display] Setting \\.\DISPLAY2 as PRIMARY display
[Display] ✓ \\.\DISPLAY2 set as primary
[Display] ✓ 3-monitor system configured:
[Display]   • \\.\DISPLAY2 1600x900 [PHYSICAL] [PRIMARY]
[Display]   • \\.\DISPLAY1 1600x900 [PHYSICAL]
[Display] Setting Windows Text Scale to 125%...
[Display] ✓ Text Scale set to 125%
[MultiPC Signal] Available monitors: 2, using: 1
[PerMonitorCapture] Initializing 1 monitors @ 60fps (PARALLEL MODE - separate D3D11 devices)
[PerMonitorCapture] Monitor 0: Created D3D11 device (adapter=AMD Radeon RX 7600, NVIDIA=False)
[PerMonitorCapture] Monitor 0: \\.\DISPLAY2 1600x900 - duplication ready
[PerMonitorCapture] Initialized 1 monitors with SEPARATE D3D11 devices
[MultiPC] Created: 1mon 60fps 50000kbps (parallel device mode)
[MultiPC] m0 device registered (parallel mode)
[MultiPC Signal] Monitor 0: Using dedicated D3D11 device for parallel encoding
[MultiPC Signal] Setting File Explorer to Large Icons for VR...
[ExplorerView] Setting Large Icons view for all Explorer windows...
[ExplorerView] Found 1 Explorer windows
[ExplorerView] Registry set: IconSize=96, LogicalViewMode=3
[ExplorerView] Cleared shell bags cache
[ExplorerView] Large Icons view set successfully
[PerMonitorCapture] Started 1 parallel capture threads
[PerMonitorCapture] Monitor 0: Capture thread started @ 60fps
[MultiPC Signal] Received offer for monitor 0
[GpuVendorDetector] Detected AMD GPU: AMD Radeon RX 7600
[GpuColorConverter] GPU: AMD, using Video Processor for BGRA->NV12 conversion
[MultiPC] m0 offer: 1600x900
[MultiPC] m0 using dedicated D3D11 device
[GpuColorConverter] Initialized 1600x900 BGRA->NV12 converter
[PerMonitorCapture] Monitor 0: GpuColorConverter created
[GpuVendorDetector] Detected AMD GPU: AMD Radeon RX 7600
[MultiPC] m0 using DEDICATED D3D11 device (parallel mode)
[MultiPC] m0 AMD GPU detected, using AMF encoder
[AmfNativeWrapper] Initializing 1600x900 @ 60fps, 50000kbps
[AmfNativeWrapper] Initialized successfully (zero-copy enabled)
[MultiPC] m0 encoder ready (parallel=True)
[MultiPC] m0 answer created
[MultiPC Signal] Sent answer for monitor 0
[MultiPC] m0 ICE connected
[MultiPC] m0 PC connected
[MultiPC] m0 enc#1: 175207B key=True NALs=[9,7,8,5]
[MultiPC] m0 streaming started
[MultiPC] m0 enc#2: 230615B key=True NALs=[9,5]
[MultiPC] m0 enc#3: 182184B key=True NALs=[9,5]
[MultiPC] m0 enc#4: 156523B key=True NALs=[9,5]
[MultiPC] m0 enc#5: 156353B key=True NALs=[9,5]
[Capture FPS] Mon0: 6.0 fps (captured 18 frames in 3006ms)
[Encode FPS] Mon0: 27.8 fps (sent 85 in 3056ms, skipped=3)
[Capture FPS] Mon0: 0.7 fps (captured 2 frames in 3006ms)
[Encode FPS] Mon0: 28.4 fps (sent 86 in 3023ms, skipped=3)
[Capture FPS] Mon0: 29.6 fps (captured 89 frames in 3011ms)
[Encode FPS] Mon0: 44.1 fps (sent 134 in 3040ms, skipped=3)
[Capture FPS] Mon0: 15.3 fps (captured 46 frames in 3007ms)
[Encode FPS] Mon0: 36.6 fps (sent 110 in 3008ms, skipped=3)
[Capture FPS] Mon0: 13.2 fps (captured 40 frames in 3041ms)
[Encode FPS] Mon0: 35.2 fps (sent 106 in 3008ms, skipped=3)
[Capture FPS] Mon0: 49.3 fps (captured 148 frames in 3004ms)
[Encode FPS] Mon0: 51.7 fps (sent 156 in 3018ms, skipped=3)
[Capture FPS] Mon0: 50.4 fps (captured 152 frames in 3015ms)
[Encode FPS] Mon0: 50.7 fps (sent 153 in 3017ms, skipped=3)
[Capture FPS] Mon0: 49.3 fps (captured 148 frames in 3005ms)
[Encode FPS] Mon0: 50.2 fps (sent 151 in 3005ms, skipped=3)
[Capture FPS] Mon0: 48.5 fps (captured 146 frames in 3012ms)
[Encode FPS] Mon0: 49.5 fps (sent 150 in 3028ms, skipped=3)
[Capture FPS] Mon0: 52.9 fps (captured 159 frames in 3007ms)
[Encode FPS] Mon0: 53.6 fps (sent 161 in 3004ms, skipped=3)
[Capture FPS] Mon0: 32.6 fps (captured 99 frames in 3035ms)
[Encode FPS] Mon0: 39.7 fps (sent 120 in 3024ms, skipped=3)
[Capture FPS] Mon0: 29.3 fps (captured 88 frames in 3004ms)
[Encode FPS] Mon0: 39.9 fps (sent 121 in 3032ms, skipped=3)
[Capture FPS] Mon0: 29.8 fps (captured 90 frames in 3022ms)
[Encode FPS] Mon0: 39.0 fps (sent 118 in 3024ms, skipped=3)
[Capture FPS] Mon0: 29.4 fps (captured 89 frames in 3027ms)
[Encode FPS] Mon0: 41.2 fps (sent 124 in 3012ms, skipped=3)
[Capture FPS] Mon0: 29.6 fps (captured 89 frames in 3006ms)
[Encode FPS] Mon0: 39.1 fps (sent 119 in 3041ms, skipped=3)
[Capture FPS] Mon0: 29.5 fps (captured 89 frames in 3015ms)
[Encode FPS] Mon0: 38.5 fps (sent 116 in 3012ms, skipped=3)
[Capture FPS] Mon0: 29.5 fps (captured 89 frames in 3017ms)
[Encode FPS] Mon0: 39.8 fps (sent 120 in 3014ms, skipped=3)
[Capture FPS] Mon0: 29.3 fps (captured 88 frames in 3006ms)
[Encode FPS] Mon0: 40.5 fps (sent 123 in 3034ms, skipped=3)
[Capture FPS] Mon0: 28.1 fps (captured 85 frames in 3024ms)
[Encode FPS] Mon0: 40.6 fps (sent 122 in 3007ms, skipped=3)
[Capture FPS] Mon0: 29.2 fps (captured 88 frames in 3018ms)
[Encode FPS] Mon0: 38.9 fps (sent 118 in 3032ms, skipped=3)
[Capture FPS] Mon0: 30.1 fps (captured 91 frames in 3025ms)
[Encode FPS] Mon0: 39.5 fps (sent 120 in 3039ms, skipped=3)
[Capture FPS] Mon0: 29.6 fps (captured 89 frames in 3006ms)
[Encode FPS] Mon0: 41.6 fps (sent 126 in 3032ms, skipped=3)
[Capture FPS] Mon0: 28.3 fps (captured 86 frames in 3041ms)
[Encode FPS] Mon0: 39.2 fps (sent 118 in 3010ms, skipped=3)
[Capture FPS] Mon0: 29.1 fps (captured 88 frames in 3025ms)
[Encode FPS] Mon0: 39.0 fps (sent 118 in 3024ms, skipped=3)
[Capture FPS] Mon0: 28.4 fps (captured 86 frames in 3026ms)
[Encode FPS] Mon0: 39.2 fps (sent 118 in 3009ms, skipped=3)
[Capture FPS] Mon0: 28.9 fps (captured 87 frames in 3009ms)
[Encode FPS] Mon0: 38.8 fps (sent 118 in 3040ms, skipped=3)
[Capture FPS] Mon0: 28.9 fps (captured 87 frames in 3006ms)
[Encode FPS] Mon0: 39.6 fps (sent 119 in 3004ms, skipped=3)
[Capture FPS] Mon0: 28.1 fps (captured 85 frames in 3026ms)
[Encode FPS] Mon0: 38.5 fps (sent 117 in 3042ms, skipped=3)
[Capture FPS] Mon0: 29.2 fps (captured 88 frames in 3018ms)
[Encode FPS] Mon0: 40.5 fps (sent 122 in 3011ms, skipped=3)
[Capture FPS] Mon0: 29.0 fps (captured 88 frames in 3036ms)
[Encode FPS] Mon0: 39.7 fps (sent 120 in 3023ms, skipped=3)
[Capture FPS] Mon0: 29.1 fps (captured 88 frames in 3022ms)
[Encode FPS] Mon0: 39.2 fps (sent 118 in 3011ms, skipped=3)
[Capture FPS] Mon0: 29.3 fps (captured 89 frames in 3040ms)
[Encode FPS] Mon0: 39.2 fps (sent 119 in 3033ms, skipped=3)
[Capture FPS] Mon0: 29.3 fps (captured 88 frames in 3000ms)
[Encode FPS] Mon0: 39.6 fps (sent 120 in 3031ms, skipped=3)
[Capture FPS] Mon0: 29.6 fps (captured 89 frames in 3003ms)
[Encode FPS] Mon0: 39.4 fps (sent 119 in 3024ms, skipped=3)
[Capture FPS] Mon0: 29.7 fps (captured 89 frames in 3001ms)
[Encode FPS] Mon0: 40.6 fps (sent 124 in 3051ms, skipped=3)
[Capture FPS] Mon0: 29.4 fps (captured 89 frames in 3024ms)
[Encode FPS] Mon0: 39.7 fps (sent 120 in 3024ms, skipped=3)
[Capture FPS] Mon0: 29.1 fps (captured 88 frames in 3025ms)
[Encode FPS] Mon0: 39.5 fps (sent 120 in 3041ms, skipped=3)
[Capture FPS] Mon0: 29.6 fps (captured 89 frames in 3010ms)
[Encode FPS] Mon0: 42.1 fps (sent 128 in 3040ms, skipped=3)
[MultiPC] m0 PC closed
[MultiPC] m0 abnormal close detected, requesting reconnect...
[MultiPC Signal] Requesting reconnect for monitor 0
[MultiPC Signal] Received offer for monitor 0
[MultiPC] m0 offer: 1600x900
[MultiPC] m0 answer created
[MultiPC Signal] Sent answer for monitor 0
[MultiPC] m0 ICE connected
[MultiPC] m0 PC connected
[Capture FPS] Mon0: 30.2 fps (captured 91 frames in 3010ms)
[Encode FPS] Mon0: 25.9 fps (sent 78 in 3009ms, skipped=3)
[Capture FPS] Mon0: 29.4 fps (captured 89 frames in 3023ms)
[Encode FPS] Mon0: 40.1 fps (sent 122 in 3042ms, skipped=3)
[Capture FPS] Mon0: 29.6 fps (captured 89 frames in 3007ms)
[Encode FPS] Mon0: 39.7 fps (sent 121 in 3050ms, skipped=3)
[Capture FPS] Mon0: 27.8 fps (captured 84 frames in 3021ms)
[Encode FPS] Mon0: 40.9 fps (sent 123 in 3005ms, skipped=3)
[Capture FPS] Mon0: 30.2 fps (captured 91 frames in 3014ms)
[Encode FPS] Mon0: 40.0 fps (sent 121 in 3026ms, skipped=3)
[Capture FPS] Mon0: 27.6 fps (captured 83 frames in 3008ms)
[Encode FPS] Mon0: 40.1 fps (sent 122 in 3040ms, skipped=3)
[Capture FPS] Mon0: 29.6 fps (captured 89 frames in 3002ms)
[Encode FPS] Mon0: 39.5 fps (sent 119 in 3014ms, skipped=3)
[Capture FPS] Mon0: 33.6 fps (captured 101 frames in 3004ms)
[Encode FPS] Mon0: 43.6 fps (sent 131 in 3005ms, skipped=3)
[Capture FPS] Mon0: 43.2 fps (captured 130 frames in 3010ms)
[Encode FPS] Mon0: 48.5 fps (sent 146 in 3012ms, skipped=3)
[Capture FPS] Mon0: 45.0 fps (captured 136 frames in 3019ms)
[Encode FPS] Mon0: 46.1 fps (sent 140 in 3035ms, skipped=3)
[Capture FPS] Mon0: 36.5 fps (captured 110 frames in 3010ms)
[Encode FPS] Mon0: 46.1 fps (sent 139 in 3012ms, skipped=3)
[Capture FPS] Mon0: 47.4 fps (captured 143 frames in 3018ms)
[Encode FPS] Mon0: 49.1 fps (sent 148 in 3012ms, skipped=3)
[Capture FPS] Mon0: 35.0 fps (captured 106 frames in 3030ms)
[Encode FPS] Mon0: 41.8 fps (sent 126 in 3012ms, skipped=3)
[Capture FPS] Mon0: 30.9 fps (captured 93 frames in 3013ms)
[Encode FPS] Mon0: 39.1 fps (sent 118 in 3016ms, skipped=3)
[Capture FPS] Mon0: 33.9 fps (captured 102 frames in 3009ms)
[Encode FPS] Mon0: 42.1 fps (sent 127 in 3015ms, skipped=3)
[Capture FPS] Mon0: 40.5 fps (captured 122 frames in 3009ms)
[Encode FPS] Mon0: 49.3 fps (sent 148 in 3001ms, skipped=3)
[Capture FPS] Mon0: 45.3 fps (captured 136 frames in 3002ms)
[Encode FPS] Mon0: 44.7 fps (sent 135 in 3020ms, skipped=3)
[Capture FPS] Mon0: 29.6 fps (captured 89 frames in 3011ms)
[Encode FPS] Mon0: 38.2 fps (sent 115 in 3008ms, skipped=3)
[Capture FPS] Mon0: 30.0 fps (captured 91 frames in 3036ms)
[Encode FPS] Mon0: 38.8 fps (sent 118 in 3039ms, skipped=3)
[Capture FPS] Mon0: 29.5 fps (captured 89 frames in 3016ms)
[Encode FPS] Mon0: 38.3 fps (sent 116 in 3029ms, skipped=3)
[Capture FPS] Mon0: 30.0 fps (captured 90 frames in 3005ms)
[MultiPC] m0 PC closed
[MultiPC] m0 abnormal close detected, requesting reconnect...
[MultiPC Signal] Requesting reconnect for monitor 0
[MultiPC Signal] Received offer for monitor 0
[MultiPC] m0 offer: 1600x900
[MultiPC] m0 answer created
[MultiPC Signal] Sent answer for monitor 0
[MultiPC] m0 ICE connected
[MultiPC] m0 PC connected
[Encode FPS] Mon0: 29.0 fps (sent 100 in 3445ms, skipped=3)
[Capture FPS] Mon0: 29.3 fps (captured 88 frames in 3007ms)
[Encode FPS] Mon0: 40.5 fps (sent 122 in 3010ms, skipped=3)
[Capture FPS] Mon0: 28.9 fps (captured 87 frames in 3011ms)
[Encode FPS] Mon0: 39.5 fps (sent 119 in 3015ms, skipped=3)
[Capture FPS] Mon0: 30.0 fps (captured 90 frames in 3003ms)
[Encode FPS] Mon0: 41.3 fps (sent 124 in 3006ms, skipped=3)
[Capture FPS] Mon0: 28.8 fps (captured 87 frames in 3020ms)
[Encode FPS] Mon0: 39.3 fps (sent 119 in 3025ms, skipped=3)
[Capture FPS] Mon0: 29.8 fps (captured 90 frames in 3022ms)
[Encode FPS] Mon0: 37.5 fps (sent 114 in 3036ms, skipped=3)
[Capture FPS] Mon0: 29.5 fps (captured 89 frames in 3021ms)
[Encode FPS] Mon0: 41.6 fps (sent 126 in 3029ms, skipped=3)
[Capture FPS] Mon0: 29.3 fps (captured 88 frames in 3005ms)
[Encode FPS] Mon0: 40.1 fps (sent 122 in 3041ms, skipped=3)
[Capture FPS] Mon0: 29.9 fps (captured 90 frames in 3009ms)
[Encode FPS] Mon0: 40.8 fps (sent 123 in 3012ms, skipped=3)
[Capture FPS] Mon0: 29.6 fps (captured 89 frames in 3009ms)
[Encode FPS] Mon0: 40.1 fps (sent 121 in 3018ms, skipped=3)
[Capture FPS] Mon0: 28.8 fps (captured 87 frames in 3025ms)
[Encode FPS] Mon0: 40.0 fps (sent 121 in 3024ms, skipped=3)
[Capture FPS] Mon0: 29.7 fps (captured 89 frames in 3001ms)
[Encode FPS] Mon0: 40.6 fps (sent 122 in 3003ms, skipped=3)
[Capture FPS] Mon0: 29.1 fps (captured 88 frames in 3028ms)
[Encode FPS] Mon0: 38.9 fps (sent 118 in 3033ms, skipped=3)
[Capture FPS] Mon0: 29.4 fps (captured 89 frames in 3026ms)
[Encode FPS] Mon0: 40.2 fps (sent 122 in 3038ms, skipped=3)
[Capture FPS] Mon0: 29.6 fps (captured 89 frames in 3004ms)
[Encode FPS] Mon0: 41.3 fps (sent 124 in 3000ms, skipped=3)
[Capture FPS] Mon0: 30.2 fps (captured 91 frames in 3010ms)
[Encode FPS] Mon0: 38.6 fps (sent 117 in 3030ms, skipped=3)
[Capture FPS] Mon0: 28.4 fps (captured 86 frames in 3025ms)
[Encode FPS] Mon0: 39.3 fps (sent 119 in 3028ms, skipped=3)
[Capture FPS] Mon0: 30.0 fps (captured 90 frames in 3003ms)
[Encode FPS] Mon0: 40.3 fps (sent 121 in 3002ms, skipped=3)
[Capture FPS] Mon0: 29.1 fps (captured 88 frames in 3021ms)
[Encode FPS] Mon0: 39.2 fps (sent 118 in 3009ms, skipped=3)
[Capture FPS] Mon0: 29.5 fps (captured 89 frames in 3022ms)
[Encode FPS] Mon0: 40.0 fps (sent 120 in 3001ms, skipped=3)
[Capture FPS] Mon0: 28.8 fps (captured 87 frames in 3025ms)
[Encode FPS] Mon0: 39.3 fps (sent 118 in 3002ms, skipped=3)
[Capture FPS] Mon0: 29.9 fps (captured 90 frames in 3011ms)
[Encode FPS] Mon0: 39.2 fps (sent 118 in 3011ms, skipped=3)
[Capture FPS] Mon0: 29.6 fps (captured 89 frames in 3008ms)
[Encode FPS] Mon0: 40.4 fps (sent 123 in 3047ms, skipped=3)
[Capture FPS] Mon0: 29.1 fps (captured 88 frames in 3024ms)
[Encode FPS] Mon0: 39.8 fps (sent 122 in 3062ms, skipped=3)
[Capture FPS] Mon0: 29.6 fps (captured 89 frames in 3005ms)
[Encode FPS] Mon0: 39.3 fps (sent 119 in 3028ms, skipped=3)
[Capture FPS] Mon0: 31.8 fps (captured 96 frames in 3022ms)
[Encode FPS] Mon0: 41.6 fps (sent 125 in 3008ms, skipped=3)
[Capture FPS] Mon0: 29.5 fps (captured 89 frames in 3018ms)
[Encode FPS] Mon0: 39.8 fps (sent 120 in 3017ms, skipped=3)
[Capture FPS] Mon0: 29.9 fps (captured 90 frames in 3006ms)
[Encode FPS] Mon0: 39.9 fps (sent 122 in 3057ms, skipped=3)
[Capture FPS] Mon0: 31.3 fps (captured 94 frames in 3005ms)
[Encode FPS] Mon0: 40.1 fps (sent 121 in 3016ms, skipped=3)
[Capture FPS] Mon0: 29.3 fps (captured 88 frames in 3007ms)
[Encode FPS] Mon0: 43.5 fps (sent 131 in 3011ms, skipped=3)
[Capture FPS] Mon0: 37.2 fps (captured 112 frames in 3013ms)
[Encode FPS] Mon0: 50.0 fps (sent 151 in 3017ms, skipped=3)
[Capture FPS] Mon0: 45.9 fps (captured 139 frames in 3026ms)
[Encode FPS] Mon0: 43.7 fps (sent 131 in 3001ms, skipped=3)
[MultiPC] m0 PC closed
[MultiPC] m0 abnormal close detected, requesting reconnect...
[Capture FPS] Mon0: 29.3 fps (captured 88 frames in 3000ms)
[MultiPC Signal] Requesting reconnect for monitor 0
[MultiPC Signal] Received offer for monitor 0
[MultiPC] m0 offer: 1600x900
[MultiPC] m0 answer created
[MultiPC Signal] Sent answer for monitor 0
[MultiPC] m0 ICE connected
[MultiPC] m0 PC connected
[Encode FPS] Mon0: 26.4 fps (sent 80 in 3027ms, skipped=3)
[Capture FPS] Mon0: 29.4 fps (captured 89 frames in 3028ms)
[Encode FPS] Mon0: 39.3 fps (sent 118 in 3006ms, skipped=3)
[Capture FPS] Mon0: 28.6 fps (captured 86 frames in 3007ms)
[Encode FPS] Mon0: 38.9 fps (sent 118 in 3037ms, skipped=3)
[Capture FPS] Mon0: 28.7 fps (captured 87 frames in 3027ms)
[Encode FPS] Mon0: 40.0 fps (sent 121 in 3027ms, skipped=3)
[Capture FPS] Mon0: 28.9 fps (captured 87 frames in 3008ms)
[Encode FPS] Mon0: 39.2 fps (sent 118 in 3007ms, skipped=3)
[MultiPC] m0 PC closed
[MultiPC] m0 abnormal close detected, requesting reconnect...
[MultiPC Signal] Requesting reconnect for monitor 0
[MultiPC Signal] Received offer for monitor 0
[MultiPC] m0 offer: 1600x900
[MultiPC] m0 answer created
[MultiPC Signal] Sent answer for monitor 0
[MultiPC] m0 ICE connected
[MultiPC] m0 PC connected
[Capture FPS] Mon0: 29.3 fps (captured 88 frames in 3008ms)
[Encode FPS] Mon0: 29.4 fps (sent 89 in 3027ms, skipped=3)
[Capture FPS] Mon0: 28.7 fps (captured 87 frames in 3029ms)
[Encode FPS] Mon0: 39.5 fps (sent 120 in 3039ms, skipped=3)
[Capture FPS] Mon0: 29.2 fps (captured 88 frames in 3009ms)
[Encode FPS] Mon0: 38.9 fps (sent 118 in 3033ms, skipped=3)
[Capture FPS] Mon0: 29.2 fps (captured 88 frames in 3013ms)
[Encode FPS] Mon0: 38.6 fps (sent 117 in 3033ms, skipped=3)
[Capture FPS] Mon0: 29.9 fps (captured 90 frames in 3011ms)
[Encode FPS] Mon0: 39.0 fps (sent 117 in 3000ms, skipped=3)
[Capture FPS] Mon0: 29.6 fps (captured 89 frames in 3009ms)
[Encode FPS] Mon0: 40.4 fps (sent 123 in 3044ms, skipped=3)
[Capture FPS] Mon0: 29.4 fps (captured 89 frames in 3029ms)
[Encode FPS] Mon0: 38.0 fps (sent 115 in 3027ms, skipped=3)
[Capture FPS] Mon0: 28.6 fps (captured 86 frames in 3005ms)
[Encode FPS] Mon0: 37.6 fps (sent 114 in 3035ms, skipped=3)
[Capture FPS] Mon0: 28.8 fps (captured 87 frames in 3018ms)
[Encode FPS] Mon0: 38.2 fps (sent 116 in 3033ms, skipped=3)
[Capture FPS] Mon0: 28.6 fps (captured 86 frames in 3011ms)
[Encode FPS] Mon0: 39.6 fps (sent 119 in 3002ms, skipped=3)
[Capture FPS] Mon0: 30.6 fps (captured 92 frames in 3004ms)
[Encode FPS] Mon0: 39.8 fps (sent 120 in 3014ms, skipped=3)
[Capture FPS] Mon0: 27.3 fps (captured 82 frames in 3000ms)
[Encode FPS] Mon0: 38.9 fps (sent 118 in 3030ms, skipped=3)
[Capture FPS] Mon0: 30.2 fps (captured 91 frames in 3009ms)
[Encode FPS] Mon0: 37.2 fps (sent 113 in 3041ms, skipped=3)
[Capture FPS] Mon0: 7.9 fps (captured 24 frames in 3025ms)
[Encode FPS] Mon0: 30.4 fps (sent 92 in 3023ms, skipped=3)
[Capture FPS] Mon0: 0.7 fps (captured 2 frames in 3003ms)
[Encode FPS] Mon0: 29.0 fps (sent 88 in 3034ms, skipped=3)
[Capture FPS] Mon0: 0.0 fps (captured 0 frames in 3020ms)
[Encode FPS] Mon0: 29.1 fps (sent 88 in 3021ms, skipped=3)
[Capture FPS] Mon0: 0.3 fps (captured 1 frames in 3023ms)
[Encode FPS] Mon0: 28.0 fps (sent 86 in 3070ms, skipped=3)
[Capture FPS] Mon0: 0.0 fps (captured 0 frames in 3021ms)
[Encode FPS] Mon0: 28.6 fps (sent 87 in 3037ms, skipped=3)
[Capture FPS] Mon0: 1.0 fps (captured 3 frames in 3022ms)
[Encode FPS] Mon0: 28.9 fps (sent 87 in 3014ms, skipped=3)
[Capture FPS] Mon0: 0.0 fps (captured 0 frames in 3013ms)
[MultiPC] m0 PC closed
[MultiPC] m0 abnormal close detected, requesting reconnect...
[MultiPC Signal] Requesting reconnect for monitor 0
[MultiPC Signal] Received offer for monitor 0
[MultiPC] m0 offer: 1600x900
[MultiPC] m0 answer created
[MultiPC Signal] Sent answer for monitor 0
[MultiPC] m0 ICE connected
[MultiPC] m0 PC connected
[Encode FPS] Mon0: 20.5 fps (sent 63 in 3072ms, skipped=3)
[Capture FPS] Mon0: 0.0 fps (captured 0 frames in 3009ms)
[Encode FPS] Mon0: 28.2 fps (sent 86 in 3047ms, skipped=3)
[MultiPC RX] The remote party closed the WebSocket connection without completing the close handshake.
[AmfNativeWrapper] Disposed
[MultiPC] m0 PC closed
[PerMonitorCapture] Monitor 0: Capture thread stopped
[PerMonitorCapture] All capture threads stopped
[PerMonitorCapture] All capture threads stopped
[Guard] Restoring display settings after MultiPC client disconnect...
[Guard] RestoreAndCleanupWithTimeout called...
[Guard] SnapshotPath exists: True
[Guard] Attempting to disable VDD...
[Guard] ForceDisableVdd: Finding VDD instance...
[Guard] ForceDisableVdd: Found VDD ID: ROOT\DISPLAY\0000
[Guard] ForceDisableVdd: VDD is currently ENABLED
[Guard] ForceDisableVdd: Physical monitors: \\.\DISPLAY2, \\.\DISPLAY1
[Guard] ForceDisableVdd: Setting \\.\DISPLAY1 as primary...
[Guard] ForceDisableVdd: Disabling VDD...
[pnputil] /disable-device "ROOT\DISPLAY\0000"
Microsoft PnP Utility

Disabling device:          ROOT\DISPLAY\0000
Device disabled successfully.


[Guard] ForceDisableVdd: ⚠ VDD may still be enabled.
[Guard] Restoring original state before exit...
[Guard] Step 1: Restoring Text Scale first...
[Guard] Restoring original text size...
[Guard] ✓ Text size restored successfully.
[Guard] Step 1b: Restoring File Explorer view...
[Guard] Restoring File Explorer view...
[ExplorerView] No changes to restore
[Guard] ✓ File Explorer view restored.
[Guard] Step 2: Restoring per-monitor text scale...
[Guard] Restoring per-monitor text scale...
[Guard] Restoring text scale for virtual monitor: \\.\DISPLAY1
[TextScale] Removed custom DPI for \\.\DISPLAY1
[TextScale] Enhanced broadcast refresh completed.
[Guard] ✓ Virtual monitor text scale restored to 100%
[Guard] Per-monitor text scale restoration completed.
[Guard] Step 3: Restoring monitor modes...
[Guard] Monitor modes restored.
[Guard] Step 4: Restoring taskbar flag...
[Guard] Taskbar multi-monitor flag restored to 1.
[Guard] ℹ️ Taskbar setting will apply automatically (no Explorer restart needed).
[Guard] Allowing system to settle after restore...
[Guard] ✅ All settings restored and system settled.
[Guard] Restore done.
[Guard] Display settings restored.
[Signal] MultiPC client disconnected 94df0889-cec2-478b-b540-67d62515d6b2
