=== RemotePlayServer ===
[System] Running as Administrator: YES
[System] Process: F:\VRWorkspace Projects\RemotePlayServer\bin\release\net9.0-windows10.0.26100.0\RemotePlayServer.exe
[System] Local IP: 192.168.1.41
[Encoder] NVIDIA NVENC (Hardware)
[USB] Not detected. Enable USB Tethering on phone for USB streaming.
[TextScale] Actual DPI for \\.\DISPLAY1: 96
[Guard] Saved original text scale for \\.\DISPLAY1: 100%
[Guard] DPI snapshot: Source 0 = 100% (logPixels=96)
[Guard] Saved DPI snapshot for 1 active monitors (via API)
[Guard] Snapshot captured.
=== Monitors ===
  \\.\DISPLAY1: 1920x1080 [Physical]
[HTTP] http://+:8288/
[HTTP] Server: 192.168.1.41:8288

=== QRCode (Scan to connect) ===
Data: {"ip":"192.168.1.41","port":"8288"}
█████████████████████████████████████
█████████████████████████████████████
████ ▄▄▄▄▄ █ ▄▄▄ █▀▄▄▄▄▄▄█ ▄▄▄▄▄ ████
████ █   █ █ ▄▄█▄ ▀▄██▀█▀█ █   █ ████
████ █▄▄▄█ █▄  ▀██▀▄▄  ▀ █ █▄▄▄█ ████
████▄▄▄▄▄▄▄█ ▀▄█▄▀ ▀ █ ▀▄█▄▄▄▄▄▄▄████
████▀ ▀ █▄▄█ ▀  ▀██ █▄▀█ ▄▄█▄ ▄▄ ████
█████▀ ▀▄▄▄█▄█▀ ▀▄▄██▄▀  █▄▄▄█▀ ▀████
█████▄██ ▀▄ ▄█▄██ ▀ ▄█▄██ ▀ ▄█▄██████
████▀█▄█  ▄▀▄█▀▄▀▄ ▀▄█▀ █▄ █ █▀ █████
████▄█▄▀▀ ▄▄ ▄▀█▀███ █▀█ ▀▀█ █▀█ ████
████▀▄ █ █▄█▀▀▄ █▀█▄▄ ▄▄▄▀ ▄▄▄ ▄▄████
████▄█████▄▄▀██▀▀█ ▀ ▀█  ▄▄▄  ▄ █████
████ ▄▄▄▄▄ █▀▄▀▄▀▄▄▀█▄▄▄ █▄█ ▀▄▀█████
████ █   █ █▀▄▄▄█▄██▀▄█▄▄▄▄▄ █ ▄▀████
████ █▄▄▄█ █▀███ ▀▄▀   █ █▄█ ▀▀▀▄████
████▄▄▄▄▄▄▄██▄██▄▄█▄█▄█▄▄▄█▄█▄███████
█████████████████████████████████████
▀▀▀▀▀▀▀▀▀▀▀▀▀▀▀▀▀▀▀▀▀▀▀▀▀▀▀▀▀▀▀▀▀▀▀▀▀

=== Connection Options ===
  [USB]  Not available. Enable USB Tethering on phone
  [WiFi] 192.168.1.41:8288 (Scan QR code above)

Server is running. Press ENTER to exit.
[Signal] Client connected 7c3168c1-4818-4520-91c5-1b257f44e814, protocol=v2, transport=USB
[Protocol] Client 7c3168c1-4818-4520-91c5-1b257f44e814 connected from 192.168.1.41 (v2 protocol, transport=USB Tethering)
[Protocol] Phase changed to: Phase1_HardwareDetect
[Protocol] Phase 1: Gathering hardware info...
[HardwareInfo] DXGI VRAM: 6255804416 bytes = 5966 MB
[GpuVendorDetector] Detected NVIDIA GPU: NVIDIA GeForce GTX 1660 Ti
[HardwareInfo] DXGI VRAM: 6255804416 bytes = 5966 MB
[HardwareInfo] SetDllDirectory: F:\VRWorkspace Projects\RemotePlayServer\bin\release\net9.0-windows10.0.26100.0\bin
[HardwareInfo] FFmpeg.RootPath: F:\VRWorkspace Projects\RemotePlayServer\bin\release\net9.0-windows10.0.26100.0\bin
[HardwareInfo] Added to PATH: F:\VRWorkspace Projects\RemotePlayServer\bin\release\net9.0-windows10.0.26100.0\bin
[HardwareInfo] HEVC encoder 'hevc_nvenc': available
[HardwareInfo] Encoder: NVENC, HwAccel: True, HEVC: True, Codecs: [H264, H265]
[Protocol] Monitor 0 (\\.\DISPLAY1): rect=(0,0) 1920x1080
[Protocol] Refreshed 1 monitor rects for cursor tracking (from 1 DXGI outputs)
[Protocol] Sent hardware info to client
[Protocol] Waiting for hardware_info_ack...
[Protocol] WaitForHardwareAck received: len=203, text={"type":"hardware_info_ack","clientCodecs":{"supportedCodecs":["H264","VP9","VP8"],"preferredCodec":...
[Protocol] WaitForHardwareAck msgType=hardware_info_ack
[Protocol] Client codec capabilities: HEVC=False, preferred=H264, device=MS-7B24 (Micro-Star International Co., Ltd.)
[Protocol] Encoder libvpx-vp9: available
[Protocol] Encoder libvpx: available
[Protocol] Server supported codecs: [H264, H265, VP9, VP8]
[Protocol] Client supported codecs: [H264, VP9, VP8]
[Protocol] Codec negotiation: selected H264
[Protocol] Received hardware_info_ack
[Protocol] Phase changed to: Phase1_SpeedTest
[Protocol] Phase 1: Waiting for client speed test result...
[Protocol] WaitForSpeedTest received: type=speedtest_result, len=77
[Protocol] Processing speedtest_result...
[Protocol] speedtest_result parsed: 480.0Mbps, 0.5ms
[Protocol] ✓ Received speedtest_result from client: 480.0Mbps, 0.5ms ping
[Protocol] Calculating suggested config...
[Protocol] USB Mode: Measuring USB network latency...
[Protocol] Sending suggested_config: 3x1440x810@60fps, bitrate=30000kbps, codec=H264, transport=USB
[Protocol] ✓ suggested_config sent successfully
[Protocol] Phase changed to: Phase1_WaitingProceed
[Protocol] Phase 1: Waiting for client proceed...
[Protocol] WaitForProceed received: ping:1768977712827...
[Protocol] WaitForProceed received: ping:1768977714843...
[Protocol] WaitForProceed received: ping:1768977716860...
[Protocol] WaitForProceed received: ping:1768977718876...
[Protocol] WaitForProceed received: ping:1768977720894...
[Protocol] WaitForProceed received: ping:1768977722926...
[Protocol] WaitForProceed received: ping:1768977724944...
[Protocol] WaitForProceed received: ping:1768977726977...
[Protocol] WaitForProceed received: ping:1768977729006...
[Protocol] WaitForProceed received: ping:1768977731023...
[Protocol] WaitForProceed received: ping:1768977733056...
[Protocol] WaitForProceed received: {"type":"proceed","phase":2}...
[Protocol] Received proceed message, phase=2, expected=2
[Protocol] Phase 1 complete, proceeding to Phase 2
[Protocol] Phase changed to: Phase2_ApplyConfig
[Protocol] Phase 2: Waiting for display config...
[Protocol] WaitForDisplayConfig received: {"type":"display_config","monitors":2,"resolution":{"w":1440,"h":810},"refreshRate":60,"bitrateKbps"...
[Protocol] Received display config: 2x1440x810@60fps
[Protocol] Applying new display config: 2 monitors @ 60fps (keeping native resolution)
[VDD] Saved physical monitor: \\.\DISPLAY1 (1920x1080@60Hz)
[VDD] Physical monitors detected: 1
[VDD] Virtual monitors needed: 1 (target total: 2)
[VDD] Set monitor count to 1 in C:\VirtualDisplayDriver\vdd_settings.xml
[VDD] Resolution already present.
[pnputil] /scan-devices
Microsoft PnP Utility

Scanning for device hardware changes.
Scan complete.


[pnputil] /enable-device "ROOT\DISPLAY\0000"
Microsoft PnP Utility

Enabling device:          ROOT\DISPLAY\0000
Device enabled successfully.


[pnputil] /scan-devices
Microsoft PnP Utility

Scanning for device hardware changes.
Scan complete.


[pnputil] /scan-devices
Microsoft PnP Utility

Scanning for device hardware changes.
Scan complete.


[Display] Setting up 3-monitor system...
[Display] Physical monitors: 1, Virtual monitors: 1
[Display] Setting \\.\DISPLAY53 [VIRTUAL] -> 1920x1080@60Hz at position (1920, 0)
[DisplayUtil] \\.\DISPLAY53 current position: (1920,0)
[DisplayUtil] SetResolutionAndPosition QUEUED for \\.\DISPLAY53: (1920,0) 1920x1080@60Hz
[DisplayUtil] ApplyDisplayChanges: SUCCESS
[Display] Keeping \\.\DISPLAY1 [PHYSICAL] at 1920x1080
[Display] Setting \\.\DISPLAY1 as PRIMARY display
[Display] ✓ \\.\DISPLAY1 set as primary
[Display] ✓ Multi-monitor system configured:
[Display]   • \\.\DISPLAY1 1920x1080 at (0,0) [PHYSICAL] [PRIMARY]
[Display]   • \\.\DISPLAY53 1920x1080 at (1920,0) [VIRTUAL]
[Display] Setting Windows Scale and Layout to 125%...
[DpiScaling] Setting 125% for 2 monitor(s)...
[DpiScaling] Monitor 0: current=100%, recommended=100%, max=175%
[DpiScaling] ✓ Set DPI to 125%
[DpiScaling] Monitor 0: current=125%, recommended=100%, max=175%
[DpiScaling] Already at 125%
[Display] ✓ Scale and Layout set to 125%
[Protocol] Monitor 0 (\\.\DISPLAY1): rect=(0,0) 1920x1080
[Protocol] Monitor 1 (\\.\DISPLAY53): rect=(1920,0) 1920x1080
[Protocol] Refreshed 2 monitor rects for cursor tracking (from 2 DXGI outputs)
[Protocol] Available monitors: 2, using: 2
[PerMonitorCapture] Initializing 2 monitors @ 60fps (PARALLEL MODE - separate D3D11 devices)
[PerMonitorCapture] Monitor 0: Created D3D11 device (adapter=NVIDIA GeForce GTX 1660 Ti)
[PerMonitorCapture] Monitor 0: \\.\DISPLAY1 1920x1080 - duplication ready
[PerMonitorCapture] Monitor 1: Created D3D11 device (adapter=NVIDIA GeForce GTX 1660 Ti)
[PerMonitorCapture] Monitor 1: \\.\DISPLAY53 1920x1080 - duplication ready
[PerMonitorCapture] Initialized 2 monitors with SEPARATE D3D11 devices
[Protocol] Creating SIPSorceryStreamer with codec=H264, bitrate=10000kbps per encoder (total=20000kbps)
[SIPSorcery] Created: 2 monitors, 60fps, 10000kbps, codec=H264
[TextureResizer] Initialized for 2 monitors (per-device GPU scaling)
[Protocol] Created TextureResizer for 2 monitors (max: 1440x810)
[SIPSorcery] Stored pending device for monitor 0
[Protocol] Monitor 0: Using dedicated D3D11 device
[SIPSorcery] Stored pending device for monitor 1
[Protocol] Monitor 1: Using dedicated D3D11 device
[Protocol] Sent config_complete, ready for ICE exchange
[Protocol] Phase changed to: Phase2_IceExchange
[Protocol] Starting ICE exchange...
[Protocol] ICE RX: ping:1768977735089...
[Protocol] ICE legacy format message
[Protocol] ICE RX: ping:1768977737409...
[Protocol] ICE legacy format message
[Protocol] ICE RX: ping:1768977739470...
[Protocol] ICE legacy format message
[Protocol] ICE RX: ping:1768977741494...
[Protocol] ICE legacy format message
[Protocol] ICE RX: ping:1768977743527...
[Protocol] ICE legacy format message
[Protocol] ICE RX: ping:1768977745767...
[Protocol] ICE legacy format message
[Protocol] ICE RX: ping:1768977753196...
[Protocol] ICE legacy format message
[Protocol] ICE RX: {"type":"candidate","monitorIndex":0,"candidate":"2934695408 1 udp 2122063615 19...
[Protocol] ICE message type: candidate
[Protocol] ICE RX: {"type":"candidate","monitorIndex":0,"candidate":"2934695408 1 udp 2122063615 19...
[Protocol] ICE message type: candidate
[Protocol] ICE RX: {"type":"offer","monitorIndex":0,"sdp":"v=0\r\no=- 5485435257845661594 2 IN IP4 ...
[Protocol] ICE message type: offer
[Protocol] Received single offer for all monitors
[Protocol] Cleared answer state, preserved 2 pending ICE candidates
[Protocol] Monitor 0 native=1920x1080 -> encoder=1440x810
[Protocol] Monitor 1 native=1920x1080 -> encoder=1440x810
[Protocol] Parsed H264 PT from offer: 123
[SIPSorcery] Processing offer for 2 monitors
[SIPSorcery] Offer H264 pt=123, fmtp=implementation_name=NvCodec;level-asymmetry-allowed=1;packetization-mode=1;profile-level-id=42e033
[SIPSorcery] Client SDP: a=fingerprint:sha-256 A6:A2:43:E6:2F:6A:FC:41:10:87:40:98:EC:33:DC:AF:57:86:44:31:B4:4D:C8:4C:04:9F:C0:A0:D4:4D:43:D6
[SIPSorcery] Client SDP: a=setup:actpass
[SIPSorcery] Client SDP: a=fingerprint:sha-256 A6:A2:43:E6:2F:6A:FC:41:10:87:40:98:EC:33:DC:AF:57:86:44:31:B4:4D:C8:4C:04:9F:C0:A0:D4:4D:43:D6
[SIPSorcery] Client SDP: a=setup:actpass
[SIPSorcery] PeerConnection created (with STUN)
[SIPSorcery] Added track 0: 1440x810 (device=5546251E)
[SIPSorcery] Added track 1: 1440x810 (device=54A2B61E)
[SIPSorcery] ICE state: checking
[SIPSorcery] Signaling state: have_remote_offer
[SIPSorcery] Local ICE: 3562064952 1 udp 2113940223 2402:800:6d62:a46e:534...
[SIPSorcery] Local ICE: 4245639716 1 udp 2113940223 2402:800:6d62:a46e:41d...
[SIPSorcery] Local ICE: 345992707 1 udp 2113940223 2402:800:6d62:a46e:5169...
[SIPSorcery] Local ICE: 894532200 1 udp 2113937663 192.168.1.41 60602 typ ...
[SIPSorcery] Signaling state: stable
[SIPSorcery] DTLS setup: keeping active (SIPSorcery will initiate handshake)
[SIPSorcery] SDP: a=fingerprint:sha-256 DE:E4:94:EC:94:41:AB:49:81:6A:EA:25:A5:2B:C9:0D:BF:EC:CB:8A:65:64:3D:21:FA:F6:55:34:1B:E1:6A:73
[SIPSorcery] SDP: a=setup:active
[SIPSorcery] SDP: a=fingerprint:sha-256 DE:E4:94:EC:94:41:AB:49:81:6A:EA:25:A5:2B:C9:0D:BF:EC:CB:8A:65:64:3D:21:FA:F6:55:34:1B:E1:6A:73
[SIPSorcery] SDP: a=setup:active
[SIPSorcery] Answer ready, 2268 bytes
[Protocol] SDP filtered m=video: m=video 9 UDP/TLS/RTP/SAVPF 123
[Protocol] SDP kept: a=rtpmap:123 H264/90000
[Protocol] SDP kept: a=fmtp:123 implementation_name=NvCodec;level-asymmetry-allowed=1;packetization-mode=1;profile-level-id=42e033
[Protocol] SDP filtered m=video: m=video 9 UDP/TLS/RTP/SAVPF 123
[Protocol] SDP kept: a=rtpmap:123 H264/90000
[Protocol] SDP kept: a=fmtp:123 implementation_name=NvCodec;level-asymmetry-allowed=1;packetization-mode=1;profile-level-id=42e033
[Protocol] Filtered SDP from 2268 to 1260 bytes
[Protocol] Extracted 1 embedded ICE candidates from answer
[Protocol] Answer JSON: {"type":"answer","monitorIndex":0,"sdp":"v=0\r\no=- 55291 0 IN IP4 127.0.0.1\r\ns=sipsorcery\r\nt=0 0\r\na=group:BUNDLE 0 1\r\nm=video 9 UDP/TLS/RTP/S...
[Protocol] Sent single answer, len=1292 bytes
[Protocol] Sent extracted ICE candidate: candidate:894532200 1 udp 2113937663 192.168.1.41 60602 typ ...
[Protocol] Applying 2 pending ICE candidates
[SIPSorcery] Added remote ICE: candidate:2934695408 1 udp 2122063615 192.168.1.41...
[Protocol] Applied pending ICE: 2934695408 1 udp 2122063615 192.168.1.41 60593 typ...
[SIPSorcery] Added remote ICE: candidate:2934695408 1 udp 2122063615 192.168.1.41...
[Protocol] Applied pending ICE: 2934695408 1 udp 2122063615 192.168.1.41 60597 typ...
[SIPSorcery] Local ICE: 1359935623 1 udp 1677730047 27.72.102.134 60602 ty...
[SIPSorcery] ICE state: connected
[SIPSorcery] ICE CONNECTED - waiting for DTLS...
[SIPSorcery] Peer state: connecting
[Protocol] ICE RX: ping:1768977755215...
[Protocol] ICE legacy format message
[Protocol] ICE RX: {"type":"proceed","phase":3}...
[Protocol] ICE message type: proceed
[Protocol] Phase 2 complete, proceeding to Phase 3
[Protocol] Phase changed to: Phase3_WaitingStart
[Protocol] Phase 3: Waiting for start_streaming command...
[SIPSorcery] ICE state: connected
[SIPSorcery] ICE CONNECTED - waiting for DTLS...
[SIPSorcery] Peer state: connected
[SIPSorcery] DTLS CONNECTED - initializing encoders now
[GpuVendorDetector] Detected NVIDIA GPU: NVIDIA GeForce GTX 1660 Ti
[SIPSorcery] Detected GPU vendor: NVIDIA
[SIPSorcery] Creating NVENC encoder for NVIDIA GPU (BGRA mode)
[NvencNativeWrapper] Initializing BGRA mode 1440x810 @ 60fps, 10000kbps
[NvencNativeWrapper] Initialized BGRA mode successfully (zero-copy, no color conversion)
[SIPSorcery] Track 0: Nvenc encoder initialized (BGRA mode - no color conversion)
[SIPSorcery] Creating NVENC encoder for NVIDIA GPU (BGRA mode)
[NvencNativeWrapper] Initializing BGRA mode 1440x810 @ 60fps, 10000kbps
[NvencNativeWrapper] Initialized BGRA mode successfully (zero-copy, no color conversion)
[SIPSorcery] Track 1: Nvenc encoder initialized (BGRA mode - no color conversion)
[Protocol] All 2 tracks ready, sending ice_ready
[Protocol] Encoder supports BGRA mode - enabling zero-copy pipeline (no color conversion)
[Protocol] Starting early capture to prevent browser track timeout...
[MultimediaTimer] Timer resolution set to 1ms
[PerMonitorCapture] Created frame sync barrier for 2 monitors
[PerMonitorCapture] Started 2 parallel capture threads (synchronized)
[Protocol] Phase 3: Waiting for all monitors to connect...
[Protocol] Phase 3: All monitors connected!
[Protocol] Phase changed to: Phase3_Streaming
[Protocol] Phase 3: Starting stream...
[Protocol] Capture thread already running, skipping start
[Protocol] Cursor tracking started
[KeepAlive] Server-side keep-alive started (5s interval)
[PerMonitorCapture] Monitor 0: Capture thread started @ 60fps, sleepThreshold=3ms (barrier sync: True)
[PerMonitorCapture] Monitor 1: Capture thread started @ 60fps, sleepThreshold=3ms (barrier sync: True)
[GpuTextureScaler] Monitor 1: Compute shader initialized
[TextureResizer] Created GPU scaler for monitor 1 (device=29654A2B488)
[GpuTextureScaler] Monitor 1: Output texture 1440x810
[GpuTextureScaler] Monitor 0: Compute shader initialized
[TextureResizer] Created GPU scaler for monitor 0 (device=29655462788)
[GpuTextureScaler] Monitor 0: Output texture 1440x810
[SIPSorcery] Track 1 frame #0: 134691B, NAL types=[7,8,5], key=True
[SIPSorcery] Track 1 first frame: VideoStreamList.Count=2, rtpStep=2502
[SIPSorcery] VideoStream[0]: SSRC=294554776
[SIPSorcery] VideoStream[1]: SSRC=1917037178
[SIPSorcery] Track 0 frame #0: 112924B, NAL types=[7,8,5], key=True
[SIPSorcery] Track 0 first frame: VideoStreamList.Count=2, rtpStep=2533
[SIPSorcery] VideoStream[0]: SSRC=294554776
[SIPSorcery] VideoStream[1]: SSRC=1917037178
[SIPSorcery] Track 1 frame #1: 23271B, NAL types=[7,8,5], key=True
[SIPSorcery] Track 0 frame #1: 30727B, NAL types=[7,8,5], key=True
[SIPSorcery] Track 0 frame #2: 24417B, NAL types=[7,8,5], key=True
[SIPSorcery] Track 1 frame #2: 22355B, NAL types=[7,8,5], key=True
[SIPSorcery] Track 0 frame #3: 23303B, NAL types=[7,8,5], key=True
[SIPSorcery] Track 1 frame #3: 22355B, NAL types=[7,8,5], key=True
[SIPSorcery] Track 0 frame #4: 24192B, NAL types=[7,8,5], key=True
[SIPSorcery] Track 1 frame #4: 22355B, NAL types=[7,8,5], key=True
[AdaptiveBitrate] Initialized: target=10000kbps, range=[2000-20000]kbps, warmup=15000ms
[Protocol] Phase3 RX: type=start_streaming, len=26
[Protocol] Phase3 RX: type=request_keyframe, len=27
[Pipeline] Mon0: Server sent 317, Client received 1 (loss=99.7%)
[SIPSorcery] FPS feedback m0: 3.7fps, dropped=0
[Pipeline] Mon1: Server sent 316, Client received 1 (loss=99.7%)
[SIPSorcery] FPS feedback m1: 3.7fps, dropped=0
[Pipeline] Mon0: Server sent 509, Client received 1 (loss=99.8%)
[SIPSorcery] FPS feedback m0: 9.7fps, dropped=0
[Pipeline] Mon1: Server sent 509, Client received 1 (loss=99.8%)
[SIPSorcery] FPS feedback m1: 9.7fps, dropped=0
[SIPSorcery] Stats: m0:543, m1:543
[Capture FPS] Mon0: 58.0 fps (captured 580 in 10002ms, rate-limited=0)
[Capture FPS] Mon1: 0.4 fps (captured 4 in 10001ms, rate-limited=0)
[SIPSorcery] Stats: m0:1168, m1:1168
[Capture FPS] Mon1: 0.0 fps (captured 0 in 10006ms, rate-limited=0)
[Capture FPS] Mon0: 59.3 fps (captured 593 in 10006ms, rate-limited=0)
[Protocol] Phase3 RX: type=request_keyframe, len=27
[SIPSorcery] Stats: m0:1786, m1:1786
[Capture FPS] Mon1: 0.1 fps (captured 1 in 10000ms, rate-limited=0)
[Capture FPS] Mon0: 60.0 fps (captured 600 in 10000ms, rate-limited=0)
[Protocol] Phase3 RX: type=pause_streaming, len=26
[Protocol] Received pause_streaming
[SIPSorcery] Streaming paused (connection maintained)
[SIPSorcery] Stats: m0:2129, m1:2129
[Protocol] Phase3 RX: type=stop_streaming, len=25
[Protocol] Received stop_streaming
[Protocol] Cursor tracking stopped
[Protocol] Phase 3: Stream ended
[Protocol] Phase changed to: Disconnecting
[SIPSorcery] Stopping...
[Capture FPS] Mon1: 0.0 fps (captured 0 in 10001ms, rate-limited=0)
[Capture FPS] Mon0: 59.8 fps (captured 598 in 10001ms, rate-limited=0)
[NvencNativeWrapper] Disposed
[NvencNativeWrapper] Disposed
[SIPSorcery] Peer state: closed
[SIPSorcery] Peer state CLOSED unexpectedly - awaiting client reconnect offer
[SIPSorcery] Connection closed
[SIPSorcery] Disposed
[PerMonitorCapture] Monitor 1: Capture thread stopped
[PerMonitorCapture] Monitor 0: Capture thread stopped
[MultimediaTimer] Timer resolution restored
[PerMonitorCapture] All capture threads stopped
[PerMonitorCapture] All capture threads stopped
[Protocol] Restoring display settings...
[Guard] RestoreAndCleanupWithTimeout called...
[Guard] SnapshotPath exists: True
[Guard] Attempting to disable VDD...
[Guard] ForceDisableVdd: Finding VDD instance...
[Guard] ForceDisableVdd: Found VDD ID: ROOT\DISPLAY\0000
[Guard] ForceDisableVdd: VDD is currently ENABLED
[Guard] ForceDisableVdd: Physical monitors: \\.\DISPLAY1, \\.\DISPLAY53
[Guard] ForceDisableVdd: Setting \\.\DISPLAY1 as primary...
[Guard] ForceDisableVdd: Disabling VDD...
[pnputil] /disable-device "ROOT\DISPLAY\0000"
Microsoft PnP Utility

Disabling device:          ROOT\DISPLAY\0000
Device disabled successfully.


[Guard] ForceDisableVdd: ✓ VDD disabled successfully!
[Guard] Restoring original state before exit...
[Guard] Step 1: Restoring Scale and Layout (DPI)...
[Guard] Restoring Scale and Layout (DPI)...
[Guard] Restoring DPI to 100% (logPixels=96)
[DpiScaling] Setting 100% for 1 monitor(s)...
[DpiScaling] Monitor 0: current=125%, recommended=100%, max=175%
[DpiScaling] ✓ Set DPI to 100%
[Guard] ✓ Scale and Layout restored via API.
[Guard] Step 2: Restoring monitor modes...
[Guard] Monitor modes restored.
[Guard] Step 3: Restoring taskbar flag...
[Guard] Taskbar multi-monitor flag restored to 1.
[Guard] ℹ️ Taskbar setting will apply automatically (no Explorer restart needed).
[Guard] Allowing system to settle after restore...
[Guard] ✅ All settings restored and system settled.
[Guard] Restore done.
[Protocol] Display settings restored.
[Protocol] Client 7c3168c1-4818-4520-91c5-1b257f44e814 disconnected
