=== RemotePlayServer ===
[System] Running as Administrator: YES
[System] Process: F:\VRWorkspace Projects\RemotePlayServer\bin\release\net9.0-windows10.0.26100.0\RemotePlayServer.exe
[System] Local IP: 192.168.1.41
[Encoder] NVIDIA NVENC (Hardware)
[ADB] Found at common path: C:\Users\Admin\.android\sdk\platform-tools\adb.exe
[USB] Device found: V2352GA (10CF7M17UM003GH)
[ADB] Warning: adb.exe: error: listener 'tcp:8288' not found
[ADB] Removed reverse for port 8288
[ADB] Reverse port forwarding active: device:8288 → localhost:8288
[USB] ADB reverse port forwarding ready: device:8288 → localhost:8288
[Guard] Detected stale session. Restoring previous snapshot before new capture...
[Guard] Text size restored.
[Guard] Monitor modes restored.
[Guard] Taskbar multi-monitor flag restored to 1.
[Guard] ℹ️ Taskbar setting will apply automatically with staggered timing.
[TextScale] Actual DPI for \\.\DISPLAY1: 96
[Guard] Saved original text scale for \\.\DISPLAY1: 100%
[Guard] Snapshot captured.
=== Monitors ===
  \\.\DISPLAY1: 1920x1080 [Physical]
[HTTP] http://+:8288/
[HTTP] Server: 192.168.1.41:8288

=== QRCode (Scan to connect) ===
Data: {"ip":"192.168.1.41","port":8288,"monitors":[{"id":0,"name":"\\\\.\\DISPLAY1","w":1920,"h":1080}]}
█████████████████████████████████████████████
█████████████████████████████████████████████
████ ▄▄▄▄▄ █ ▀▄▄█▀█  █▄█▀▄ █  ▄▄▄█ ▄▄▄▄▄ ████
████ █   █ █ ██▀ ▄█▀▄▀▄█▀▀▄▄▄▄▄▄ █ █   █ ████
████ █▄▄▄█ █▄ █ ▀▀ ▄ ▀ ▀  █ ▄▄██▀█ █▄▄▄█ ████
████▄▄▄▄▄▄▄█ █ █▄█▄▀ █▄▀ █▄▀ █▄▀ █▄▄▄▄▄▄▄████
█████▄█ ▀ ▄▀ ▀▀  ▄█▀█▀██▀▀  ▄▀█▄▀▄▄▀ ▄ ▄▄████
████▄▄█▄█▀▄ ▀▄████▀ ▀▄████  ▀███  █▄▀█▄█▀████
████ █▄ █ ▄█▀ █▄ █ █▀ ▀▄ █▄█ ▄██▀▀██▀███▀████
█████ ▀▀█▀▄█ █▀▀██▀▀▀▄▀██▄▀▄▀▄▀█▀▄▀█▀▄▀▀▄████
███████▄▀█▄█▄█ █▄█▄█▄▀██▄████▀▄▄ ▄██▀█▀▄▀████
████▄█▄▀▄▄▄█▀█▄▀▀▀▄▄▀▄█▄▀▄▄█▀█▄█ █▄▀▄ ▄  ████
████▄█ ▄ ▀▄ ▄▄▀ █▀█ ▄▄█ ▄ ▀ ▄▄▀ ▄ ▀▀█▀█▀▄████
████ █▀█ █▄██▀▄█▀▀█▀▄▀▄▀ ▀█  █▄  ▀▄ █▀█▀█████
████ ▄▄ ▄ ▄█ ▀█▄ ▀ ▄  ▀▄▀▀█▄▀█▄▄▀  ▄ ▄▀▄▀████
█████ ▀██▀▄▀▄█ ▄ █  ▄█ █▄█▀▄ ▄ ▀ █▄▄  ▀█▄████
███████▄██▄█ ▀█▀▄███▄█▀█▄███▀▀█▄ ▄▄▄  █ ▀████
████ ▄▄▄▄▄ █▀█▄  █▄▀▄█▀▄ █▄▀▄█▄▄ █▄█  ██▀████
████ █   █ █▀▀▀▀ ▀  ▄▀█▀▄▀▄ ▄▀▀  ▄  ▄ █ █████
████ █▄▄▄█ █▀ ▄█▄█▄█▄▀▀▀▄▄▀█▄█▄▀▄  █▄█▀█ ████
████▄▄▄▄▄▄▄███▄█▄█▄▄▄█▄▄██▄█▄█▄███▄█▄█▄▄▄████
█████████████████████████████████████████████
▀▀▀▀▀▀▀▀▀▀▀▀▀▀▀▀▀▀▀▀▀▀▀▀▀▀▀▀▀▀▀▀▀▀▀▀▀▀▀▀▀▀▀▀▀

=== Connection Options ===
  [USB]  Ready! Enable USB mode in client (Recommended - Low latency, Stable)
  [WiFi] 192.168.1.41:8288 (Scan QR code above)

Server is running. Press ENTER to exit.
[Signal] Client connected 325ade35-cba4-4b71-917b-c713640c48ad, protocol=v2, transport=USB
[Protocol] Client 325ade35-cba4-4b71-917b-c713640c48ad connected from 127.0.0.1 (v2 protocol, transport=USB (stable))
[USB] Client requested USB mode, checking cable connection...
[USB] Device found: V2352GA (10CF7M17UM003GH)
[ADB] Removed reverse for port 8288
[ADB] Reverse port forwarding active: device:8288 → localhost:8288
[USB] ADB reverse port forwarding setup: device:8288 → localhost:8288
[Protocol] Phase changed to: Phase1_HardwareDetect
[Protocol] Phase 1: Gathering hardware info...
[HardwareInfo] DXGI VRAM: 6255804416 bytes = 5966 MB
[GpuVendorDetector] Detected NVIDIA GPU: NVIDIA GeForce GTX 1660 Ti
[HardwareInfo] DXGI VRAM: 6255804416 bytes = 5966 MB
[HardwareInfo] SetDllDirectory: F:\VRWorkspace Projects\RemotePlayServer\bin\release\net9.0-windows10.0.26100.0\bin
[HardwareInfo] FFmpeg.RootPath: F:\VRWorkspace Projects\RemotePlayServer\bin\release\net9.0-windows10.0.26100.0\bin
[HardwareInfo] Added to PATH: F:\VRWorkspace Projects\RemotePlayServer\bin\release\net9.0-windows10.0.26100.0\bin
[HardwareInfo] HEVC encoder 'hevc_nvenc': available
[HardwareInfo] Encoder: NVENC, HwAccel: True, HEVC: True, Codecs: [H264, H265]
[Protocol] Sent hardware info to client
[Protocol] Waiting for hardware_info_ack...
[Protocol] WaitForHardwareAck received: len=172, text={"type":"hardware_info_ack","clientCodecs":{"supportedCodecs":["H264","VP9","VP8"],"preferredCodec":...
[Protocol] WaitForHardwareAck msgType=hardware_info_ack
[Protocol] Client codec capabilities: HEVC=False, preferred=H264, device=vivo V2352GA
[Protocol] Encoder libvpx-vp9: available
[Protocol] Encoder libvpx: available
[Protocol] Server supported codecs: [H264, H265, VP9, VP8]
[Protocol] Client supported codecs: [H264, VP9, VP8]
[Protocol] Codec negotiation: selected H264
[Protocol] Received hardware_info_ack
[Protocol] Phase changed to: Phase1_SpeedTest
[Protocol] Phase 1: Waiting for client speed test result...
[Protocol] WaitForSpeedTest received: type=speedtest_request, len=69
[Protocol] Processing speedtest_request...
[Protocol] Handling speedtest_request: direction=download, duration=2000ms
[Protocol] Download test complete: sent 56MB in 2240ms = 209.7 Mbps
[Protocol] speedtest_request handled, continuing to wait...
[Protocol] WaitForSpeedTest received: type=speedtest_result, len=81
[Protocol] Processing speedtest_result...
[Protocol] speedtest_result parsed: 134.4Mbps, 22.1ms
[Protocol] ✓ Received speedtest_result from client: 134.4Mbps, 22.1ms ping
[Protocol] Calculating suggested config...
[Protocol] Sending suggested_config: 3x1600x900@45fps, bitrate=30000kbps, codec=H264, transport=USB
[Protocol] ✓ suggested_config sent successfully
[Protocol] Phase changed to: Phase1_WaitingProceed
[Protocol] Phase 1: Waiting for client proceed...
[Protocol] WaitForProceed received: ping:1767667716164...
[Protocol] WaitForProceed received: ping:1767667718188...
[Protocol] WaitForProceed received: ping:1767667720207...
[Protocol] WaitForProceed received: ping:1767667722231...
[Protocol] WaitForProceed received: ping:1767667724252...
[Protocol] WaitForProceed received: ping:1767667726274...
[Protocol] WaitForProceed received: ping:1767667728301...
[Protocol] WaitForProceed received: ping:1767667730326...
[Protocol] WaitForProceed received: ping:1767667732352...
[Protocol] WaitForProceed received: ping:1767667734376...
[Protocol] WaitForProceed received: ping:1767667736404...
[Protocol] WaitForProceed received: ping:1767667738428...
[Protocol] WaitForProceed received: ping:1767667740448...
[Protocol] WaitForProceed received: ping:1767667742470...
[Protocol] WaitForProceed received: {"type":"proceed","phase":2}...
[Protocol] Received proceed message, phase=2, expected=2
[Protocol] Phase 1 complete, proceeding to Phase 2
[Protocol] Phase changed to: Phase2_ApplyConfig
[Protocol] Phase 2: Waiting for display config...
[Protocol] WaitForDisplayConfig received: {"type":"display_config","monitors":2,"resolution":{"w":1920,"h":1080},"refreshRate":60,"bitrateKbps...
[Protocol] Received display config: 2x1920x1080@60fps
[Protocol] Applying new display config: 2 monitors @ 1920x1080
[VDD] Physical monitor found: \\.\DISPLAY1 (1920x1080)
[VDD] Physical monitors detected: 1
[VDD] Virtual monitors needed: 1 (target total: 2)
[VDD] Set monitor count to 1 in C:\VirtualDisplayDriver\vdd_settings.xml
[VDD] Resolution already present.
[pnputil] /scan-devices
Microsoft PnP Utility

Scanning for device hardware changes.
Scan complete.


[pnputil] /enable-device "ROOT\DISPLAY\0000"
Microsoft PnP Utility

Enabling device:          ROOT\DISPLAY\0000
Device enabled successfully.


[pnputil] /scan-devices
Microsoft PnP Utility

Scanning for device hardware changes.
Scan complete.


[pnputil] /scan-devices
Microsoft PnP Utility

Scanning for device hardware changes.
Scan complete.


[Display] Setting up 3-monitor system...
[Display] Physical monitors: 2, Virtual monitors: 0
[Display] Setting \\.\DISPLAY1 [PHYSICAL] -> 1920x1080@60
[Display] Setting \\.\DISPLAY6 [PHYSICAL] -> 1920x1080@60
[Display] Setting \\.\DISPLAY1 as PRIMARY display
[Display] ✓ \\.\DISPLAY1 set as primary
[Display] ✓ 3-monitor system configured:
[Display]   • \\.\DISPLAY1 1920x1080 [PHYSICAL] [PRIMARY]
[Display]   • \\.\DISPLAY6 1920x1080 [PHYSICAL]
[Display] Setting Windows Text Scale to 125%...
[Display] ✓ Text Scale set to 125%
[Protocol] Available monitors: 2, using: 2
[PerMonitorCapture] Initializing 2 monitors @ 60fps (PARALLEL MODE - separate D3D11 devices)
[PerMonitorCapture] Monitor 0: Created D3D11 device (adapter=NVIDIA GeForce GTX 1660 Ti)
[PerMonitorCapture] Monitor 0: \\.\DISPLAY1 1920x1080 - duplication ready
[PerMonitorCapture] Monitor 1: Created D3D11 device (adapter=NVIDIA GeForce GTX 1660 Ti)
[PerMonitorCapture] Monitor 1: \\.\DISPLAY6 1920x1080 - duplication ready
[PerMonitorCapture] Initialized 2 monitors with SEPARATE D3D11 devices
[Protocol] Creating SIPSorceryStreamer with codec=H264
[SIPSorcery] Created: 2 monitors, 60fps, 20000kbps, codec=H264
[SIPSorcery] Stored pending device for monitor 0
[Protocol] Monitor 0: Using dedicated D3D11 device
[SIPSorcery] Stored pending device for monitor 1
[Protocol] Monitor 1: Using dedicated D3D11 device
[Protocol] Sent config_complete, ready for ICE exchange
[Protocol] Phase changed to: Phase2_IceExchange
[Protocol] Starting ICE exchange...
[Protocol] ICE RX: ping:1767667744491...
[Protocol] ICE legacy format message
[Protocol] ICE RX: ping:1767667746512...
[Protocol] ICE legacy format message
[Protocol] ICE RX: ping:1767667748533...
[Protocol] ICE legacy format message
[Protocol] ICE RX: ping:1767667750556...
[Protocol] ICE legacy format message
[Protocol] ICE RX: ping:1767667752577...
[Protocol] ICE legacy format message
[Protocol] ICE RX: ping:1767667754597...
[Protocol] ICE legacy format message
[Protocol] ICE RX: ping:1767667756617...
[Protocol] ICE legacy format message
[Protocol] ICE RX: {"type":"candidate","monitorIndex":0,"candidate":"2708893589 1 udp 2122194687 19...
[Protocol] ICE message type: candidate
[Protocol] ICE RX: {"type":"candidate","monitorIndex":0,"candidate":"2791471343 1 udp 2122129151 5....
[Protocol] ICE message type: candidate
[Protocol] ICE RX: {"type":"candidate","monitorIndex":0,"candidate":"3917769652 1 udp 2122262783 24...
[Protocol] ICE message type: candidate
[Protocol] ICE RX: {"type":"candidate","monitorIndex":0,"candidate":"2708893589 1 udp 2122194687 19...
[Protocol] ICE message type: candidate
[Protocol] ICE RX: {"type":"candidate","monitorIndex":0,"candidate":"2791471343 1 udp 2122129151 5....
[Protocol] ICE message type: candidate
[Protocol] ICE RX: {"type":"candidate","monitorIndex":0,"candidate":"3917769652 1 udp 2122262783 24...
[Protocol] ICE message type: candidate
[Protocol] ICE RX: {"type":"offer","monitorIndex":0,"sdp":"v=0\r\no=- 3872175782455223967 2 IN IP4 ...
[Protocol] ICE message type: offer
[Protocol] Received single offer for all monitors
[Protocol] Cleared answer state, preserved 6 pending ICE candidates
[Protocol] Parsed H264 PT from offer: 124
[SIPSorcery] Processing offer for 2 monitors
[SIPSorcery] Offer H264 pt=124, fmtp=implementation_name=MediaCodec;level-asymmetry-allowed=1;packetization-mode=1;profile-level-id=42e01f
[SIPSorcery] Client SDP: a=fingerprint:sha-256 6C:29:68:CE:CD:BB:ED:06:BB:D9:63:1D:28:94:39:B0:AF:94:9E:66:DB:C2:85:FB:C2:AC:F5:3C:15:E3:49:CF
[SIPSorcery] Client SDP: a=setup:actpass
[SIPSorcery] Client SDP: a=fingerprint:sha-256 6C:29:68:CE:CD:BB:ED:06:BB:D9:63:1D:28:94:39:B0:AF:94:9E:66:DB:C2:85:FB:C2:AC:F5:3C:15:E3:49:CF
[SIPSorcery] Client SDP: a=setup:actpass
[SIPSorcery] PeerConnection created (with STUN)
[SIPSorcery] Added track 0: 1920x1080 (device=3B671A4C)
[SIPSorcery] Added track 1: 1920x1080 (device=3B0331EC)
[SIPSorcery] ICE state: checking
[SIPSorcery] Signaling state: have_remote_offer
[SIPSorcery] Local ICE: 4234934314 1 udp 2113940223 2402:800:6d62:7e9c:a30...
[SIPSorcery] Local ICE: 4147884507 1 udp 2113940223 2402:800:6d62:7e9c:604...
[SIPSorcery] Local ICE: 894532200 1 udp 2113937663 192.168.1.41 60534 typ ...
[SIPSorcery] Signaling state: stable
[SIPSorcery] DTLS setup: keeping active (SIPSorcery will initiate handshake)
[SIPSorcery] SDP: a=fingerprint:sha-256 C0:16:42:77:8A:8D:D5:AF:82:F5:9F:A6:FF:44:15:CB:45:32:7F:89:E7:B2:CA:B2:15:52:3B:E7:D9:65:7D:30
[SIPSorcery] SDP: a=setup:active
[SIPSorcery] SDP: a=fingerprint:sha-256 C0:16:42:77:8A:8D:D5:AF:82:F5:9F:A6:FF:44:15:CB:45:32:7F:89:E7:B2:CA:B2:15:52:3B:E7:D9:65:7D:30
[SIPSorcery] SDP: a=setup:active
[SIPSorcery] Answer ready, 1266 bytes
[Protocol] SDP filtered m=video: m=video 9 UDP/TLS/RTP/SAVPF 124
[Protocol] SDP kept: a=rtpmap:124 H264/90000
[Protocol] SDP kept: a=fmtp:124 implementation_name=MediaCodec;level-asymmetry-allowed=1;packetization-mode=1;profile-level-id=420428
[Protocol] SDP filtered m=video: m=video 9 UDP/TLS/RTP/SAVPF 124
[Protocol] SDP kept: a=rtpmap:124 H264/90000
[Protocol] SDP kept: a=fmtp:124 implementation_name=MediaCodec;level-asymmetry-allowed=1;packetization-mode=1;profile-level-id=420428
[Protocol] Filtered SDP from 1266 to 1266 bytes
[Protocol] Extracted 1 embedded ICE candidates from answer
[Protocol] Answer JSON: {"type":"answer","monitorIndex":0,"sdp":"v=0\r\no=- 34794 0 IN IP4 127.0.0.1\r\ns=sipsorcery\r\nt=0 0\r\na=group:BUNDLE 0 1\r\nm=video 9 UDP/TLS/RTP/S...
[Protocol] Sent single answer, len=1298 bytes
[Protocol] Sent extracted ICE candidate: candidate:894532200 1 udp 2113937663 192.168.1.41 60534 typ ...
[Protocol] Applying 6 pending ICE candidates
[SIPSorcery] Added remote ICE: candidate:2708893589 1 udp 2122194687 192.168.1.51...
[Protocol] Applied pending ICE: 2708893589 1 udp 2122194687 192.168.1.51 58895 typ...
[SIPSorcery] Added remote ICE: candidate:2791471343 1 udp 2122129151 5.22.166.237...
[Protocol] Applied pending ICE: 2791471343 1 udp 2122129151 5.22.166.237 57961 typ...
[SIPSorcery] Added remote ICE: candidate:3917769652 1 udp 2122262783 2402:800:6d6...
[Protocol] Applied pending ICE: 3917769652 1 udp 2122262783 2402:800:6d62:7e9c:b09...
[SIPSorcery] Added remote ICE: candidate:2708893589 1 udp 2122194687 192.168.1.51...
[Protocol] Applied pending ICE: 2708893589 1 udp 2122194687 192.168.1.51 36077 typ...
[SIPSorcery] Added remote ICE: candidate:2791471343 1 udp 2122129151 5.22.166.237...
[Protocol] Applied pending ICE: 2791471343 1 udp 2122129151 5.22.166.237 58553 typ...
[SIPSorcery] Added remote ICE: candidate:3917769652 1 udp 2122262783 2402:800:6d6...
[Protocol] Applied pending ICE: 3917769652 1 udp 2122262783 2402:800:6d62:7e9c:b09...
[SIPSorcery] Local ICE: 1359935623 1 udp 1677730047 27.72.102.134 60534 ty...
[SIPSorcery] ICE state: connected
[SIPSorcery] ICE CONNECTED - waiting for DTLS...
[SIPSorcery] Peer state: connecting
[Protocol] ICE RX: {"type":"proceed","phase":3}...
[Protocol] ICE message type: proceed
[Protocol] Phase 2 complete, proceeding to Phase 3
[Protocol] Phase changed to: Phase3_WaitingStart
[Protocol] Phase 3: Waiting for start_streaming command...
[SIPSorcery] Peer state: connected
[SIPSorcery] DTLS CONNECTED - initializing encoders now
[GpuVendorDetector] Detected NVIDIA GPU: NVIDIA GeForce GTX 1660 Ti
[SIPSorcery] Detected GPU vendor: NVIDIA
[Protocol] Phase 3: Waiting for all monitors to connect...
[SIPSorcery] Creating NVENC encoder for NVIDIA GPU (BGRA mode)
[NvencNativeWrapper] Initializing BGRA mode 1920x1080 @ 60fps, 20000kbps
[NvencNativeWrapper] Initialized BGRA mode successfully (zero-copy, no color conversion)
[SIPSorcery] Track 0: Nvenc encoder initialized (BGRA mode - no color conversion)
[SIPSorcery] Creating NVENC encoder for NVIDIA GPU (BGRA mode)
[NvencNativeWrapper] Initializing BGRA mode 1920x1080 @ 60fps, 20000kbps
[NvencNativeWrapper] Initialized BGRA mode successfully (zero-copy, no color conversion)
[SIPSorcery] Track 1: Nvenc encoder initialized (BGRA mode - no color conversion)
[Protocol] All 2 tracks ready, sending ice_ready
[Protocol] Phase 3: All monitors connected!
[Protocol] Phase changed to: Phase3_Streaming
[Protocol] Phase 3: Starting stream...
[Protocol] Encoder supports BGRA mode - enabling zero-copy pipeline (no color conversion)
[Protocol] Starting early capture to prevent browser track timeout...
[Protocol] Cursor tracking started
[KeepAlive] Server-side keep-alive started (5s interval)
[MultimediaTimer] Timer resolution set to 1ms
[PerMonitorCapture] Created frame sync barrier for 2 monitors
[PerMonitorCapture] Started 2 parallel capture threads (synchronized)
[PerMonitorCapture] Monitor 0: Capture thread started @ 60fps, sleepThreshold=3ms (barrier sync: True)
[PerMonitorCapture] Monitor 1: Capture thread started @ 60fps, sleepThreshold=3ms (barrier sync: True)
[SIPSorcery] Track 0 frame #0: 206308B, NAL types=[7,8,5], key=True
[SIPSorcery] Track 0 first frame: VideoStreamList.Count=2, rtpStep=54598
[SIPSorcery] VideoStream[0]: SSRC=1868486447
[SIPSorcery] VideoStream[1]: SSRC=184531247
[Protocol] Phase3 RX: type=quality_feedback, len=465, preview={"type":"quality_feedback","timestamp":1767667758545,"rttMs":977.0,"avgRttMs":694.3,"jitterMs":966.4
[AdaptiveBitrate] Initialized: target=20000kbps, range=[2000-40000]kbps, warmup=15000ms
[SIPSorcery] Track 1 frame #0: 222035B, NAL types=[7,8,5], key=True
[SIPSorcery] Track 1 first frame: VideoStreamList.Count=2, rtpStep=54645
[SIPSorcery] VideoStream[0]: SSRC=1868486447
[SIPSorcery] VideoStream[1]: SSRC=184531247
[SIPSorcery] Track 1 frame #1: 47862B, NAL types=[7,8,5], key=True
[SIPSorcery] Track 0 frame #1: 61041B, NAL types=[7,8,5], key=True
[SIPSorcery] Track 0 frame #2: 43426B, NAL types=[7,8,5], key=True
[SIPSorcery] Track 0 frame #3: 43426B, NAL types=[7,8,5], key=True
[SIPSorcery] Track 1 frame #2: 45229B, NAL types=[7,8,5], key=True
[SIPSorcery] Track 1 frame #3: 45229B, NAL types=[7,8,5], key=True
[SIPSorcery] Track 0 frame #4: 42442B, NAL types=[7,8,5], key=True
[SIPSorcery] Track 1 frame #4: 45229B, NAL types=[7,8,5], key=True
[Protocol] Phase3 RX: type=skip_to_live, len=35, preview={"type":"skip_to_live","monitor":0}
[Protocol] skip_to_live received (monitor=0) - forcing keyframe for latency recovery
[Protocol] Phase3 RX: type=skip_to_live, len=35, preview={"type":"skip_to_live","monitor":0}
[Protocol] skip_to_live received (monitor=0) - forcing keyframe for latency recovery
[SIPSorcery] Stats: m0:204, m1:204
[Capture FPS] Mon1: 1.0 fps (captured 3 in 3018ms, rate-limited=0)
[Capture FPS] Mon0: 24.8 fps (captured 75 in 3019ms, rate-limited=0)
[Protocol] Phase3 RX: type=quality_feedback, len=465, preview={"type":"quality_feedback","timestamp":1767667761547,"rttMs":53.0,"avgRttMs":580.9,"jitterMs":903.7,
[Protocol] Phase3 RX: type=request_keyframe, len=27, preview={"type":"request_keyframe"}
[Protocol] request_keyframe received (monitor=-1) - forcing IDR frame
[Protocol] Phase3 RX: type=fps_feedback, len=97, preview={"type":"fps_feedback","monitorIndex":0,"effectiveFps":4.9,"renderedFrames":30,"droppedFrames":0}
[SIPSorcery] FPS feedback m0: 4.9fps, dropped=0
[Protocol] Phase3 RX: type=fps_feedback, len=97, preview={"type":"fps_feedback","monitorIndex":1,"effectiveFps":4.9,"renderedFrames":30,"droppedFrames":0}
[SIPSorcery] FPS feedback m1: 4.9fps, dropped=0
[SIPSorcery] Stats: m0:450, m1:450
[Capture FPS] Mon0: 27.3 fps (captured 82 in 3001ms, rate-limited=0)
[Capture FPS] Mon1: 1.7 fps (captured 5 in 3001ms, rate-limited=0)
[Protocol] Phase3 RX: type=quality_feedback, len=465, preview={"type":"quality_feedback","timestamp":1767667764550,"rttMs":19.0,"avgRttMs":580.9,"jitterMs":849.3,
[Protocol] Phase3 RX: type=skip_to_live, len=23, preview={"type":"skip_to_live"}
[Protocol] skip_to_live received (monitor=-1) - forcing keyframe for latency recovery
[Protocol] Phase3 RX: type=fps_feedback, len=98, preview={"type":"fps_feedback","monitorIndex":0,"effectiveFps":10.0,"renderedFrames":30,"droppedFrames":0}
[SIPSorcery] FPS feedback m0: 10.0fps, dropped=0
[Protocol] Phase3 RX: type=fps_feedback, len=98, preview={"type":"fps_feedback","monitorIndex":1,"effectiveFps":10.0,"renderedFrames":30,"droppedFrames":0}
[SIPSorcery] FPS feedback m1: 10.0fps, dropped=0
[SIPSorcery] Stats: m0:648, m1:646
[Capture FPS] Mon1: 0.0 fps (captured 0 in 3015ms, rate-limited=0)
[Capture FPS] Mon0: 13.6 fps (captured 41 in 3015ms, rate-limited=0)
[Protocol] Phase3 RX: type=quality_feedback, len=466, preview={"type":"quality_feedback","timestamp":1767667767552,"rttMs":13.0,"avgRttMs":581.0,"jitterMs":746.8,
[Protocol] Phase3 RX: type=skip_to_live, len=23, preview={"type":"skip_to_live"}
[Protocol] skip_to_live received (monitor=-1) - forcing keyframe for latency recovery
[SIPSorcery] Stats: m0:838, m1:838
[Capture FPS] Mon1: 0.0 fps (captured 0 in 3003ms, rate-limited=0)
[Capture FPS] Mon0: 21.0 fps (captured 63 in 3003ms, rate-limited=0)
[Protocol] Phase3 RX: type=quality_feedback, len=466, preview={"type":"quality_feedback","timestamp":1767667770556,"rttMs":19.0,"avgRttMs":581.0,"jitterMs":700.5,
[Protocol] Phase3 RX: type=skip_to_live, len=23, preview={"type":"skip_to_live"}
[Protocol] skip_to_live received (monitor=-1) - forcing keyframe for latency recovery
[Protocol] Phase3 RX: type=offer, len=7569, preview={"type":"offer","monitorIndex":0,"sdp":"v=0\r\no=- 6654695858781683553 2 IN IP4 127.0.0.1\r\ns=-\r\n
[Protocol] Received reconnect offer during streaming (JSON format)
[Protocol] Received single offer for all monitors
[Protocol] Cleared answer state, preserved 0 pending ICE candidates
[Protocol] Parsed H264 PT from offer: 124
[SIPSorcery] Closing existing connection for reconnect...
[NvencNativeWrapper] Disposed
[NvencNativeWrapper] Disposed
[SIPSorcery] Peer state: closed
[SIPSorcery] Peer state CLOSED unexpectedly - awaiting client reconnect offer
[SIPSorcery] Connection closed
[SIPSorcery] Processing offer for 2 monitors
[SIPSorcery] Offer H264 pt=124, fmtp=implementation_name=MediaCodec;level-asymmetry-allowed=1;packetization-mode=1;profile-level-id=42e01f
[SIPSorcery] Client SDP: a=fingerprint:sha-256 60:EE:CC:20:13:B6:1E:16:E9:4F:EC:EB:2C:16:AA:87:CE:BE:1A:D0:1D:56:CD:BD:E3:2D:CC:D4:B6:E2:6C:BD
[SIPSorcery] Client SDP: a=setup:actpass
[SIPSorcery] Client SDP: a=fingerprint:sha-256 60:EE:CC:20:13:B6:1E:16:E9:4F:EC:EB:2C:16:AA:87:CE:BE:1A:D0:1D:56:CD:BD:E3:2D:CC:D4:B6:E2:6C:BD
[SIPSorcery] Client SDP: a=setup:actpass
[SIPSorcery] PeerConnection created (with STUN)
[SIPSorcery] Added track 0: 1920x1080 (device=3B671A4C)
[SIPSorcery] Added track 1: 1920x1080 (device=3B0331EC)
[SIPSorcery] ICE state: checking
[SIPSorcery] Signaling state: have_remote_offer
[SIPSorcery] Local ICE: 4234934314 1 udp 2113940223 2402:800:6d62:7e9c:a30...
[SIPSorcery] Local ICE: 4147884507 1 udp 2113940223 2402:800:6d62:7e9c:604...
[SIPSorcery] Local ICE: 894532200 1 udp 2113937663 192.168.1.41 55016 typ ...
[SIPSorcery] Signaling state: stable
[SIPSorcery] DTLS setup: keeping active (SIPSorcery will initiate handshake)
[SIPSorcery] SDP: a=fingerprint:sha-256 53:4D:A2:E9:CC:5A:96:CD:B2:87:45:89:71:E1:E8:DE:7B:19:4D:2A:E6:DF:61:78:71:57:1F:09:3F:97:3B:0C
[SIPSorcery] SDP: a=setup:active
[SIPSorcery] SDP: a=fingerprint:sha-256 53:4D:A2:E9:CC:5A:96:CD:B2:87:45:89:71:E1:E8:DE:7B:19:4D:2A:E6:DF:61:78:71:57:1F:09:3F:97:3B:0C
[SIPSorcery] SDP: a=setup:active
[SIPSorcery] Answer ready, 1265 bytes
[Protocol] SDP filtered m=video: m=video 9 UDP/TLS/RTP/SAVPF 124
[Protocol] SDP kept: a=rtpmap:124 H264/90000
[Protocol] SDP kept: a=fmtp:124 implementation_name=MediaCodec;level-asymmetry-allowed=1;packetization-mode=1;profile-level-id=420428
[Protocol] SDP filtered m=video: m=video 9 UDP/TLS/RTP/SAVPF 124
[Protocol] SDP kept: a=rtpmap:124 H264/90000
[Protocol] SDP kept: a=fmtp:124 implementation_name=MediaCodec;level-asymmetry-allowed=1;packetization-mode=1;profile-level-id=420428
[Protocol] Filtered SDP from 1265 to 1265 bytes
[Protocol] Extracted 1 embedded ICE candidates from answer
[Protocol] Answer JSON: {"type":"answer","monitorIndex":0,"sdp":"v=0\r\no=- 12316 0 IN IP4 127.0.0.1\r\ns=sipsorcery\r\nt=0 0\r\na=group:BUNDLE 0 1\r\nm=video 9 UDP/TLS/RTP/S...
[Protocol] Sent single answer, len=1297 bytes
[Protocol] Sent extracted ICE candidate: candidate:894532200 1 udp 2113937663 192.168.1.41 55016 typ ...
[Protocol] Phase3 RX: type=candidate, len=160, preview={"type":"candidate","monitorIndex":0,"candidate":"1075124767 1 udp 2122194687 192.168.1.51 41566 typ
[SIPSorcery] Added remote ICE: candidate:1075124767 1 udp 2122194687 192.168.1.51...
[Protocol] Phase3 RX: type=candidate, len=161, preview={"type":"candidate","monitorIndex":0,"candidate":"1191251301 1 udp 2122129151 5.22.166.237 51781 typ
[SIPSorcery] Added remote ICE: candidate:1191251301 1 udp 2122129151 5.22.166.237...
[Protocol] Phase3 RX: type=candidate, len=185, preview={"type":"candidate","monitorIndex":0,"candidate":"149364286 1 udp 2122262783 2402:800:6d62:7e9c:b099
[SIPSorcery] Added remote ICE: candidate:149364286 1 udp 2122262783 2402:800:6d62...
[Protocol] Phase3 RX: type=candidate, len=160, preview={"type":"candidate","monitorIndex":0,"candidate":"1075124767 1 udp 2122194687 192.168.1.51 58949 typ
[SIPSorcery] Added remote ICE: candidate:1075124767 1 udp 2122194687 192.168.1.51...
[Protocol] Phase3 RX: type=candidate, len=161, preview={"type":"candidate","monitorIndex":0,"candidate":"1191251301 1 udp 2122129151 5.22.166.237 43882 typ
[SIPSorcery] Added remote ICE: candidate:1191251301 1 udp 2122129151 5.22.166.237...
[Protocol] Phase3 RX: type=candidate, len=185, preview={"type":"candidate","monitorIndex":0,"candidate":"149364286 1 udp 2122262783 2402:800:6d62:7e9c:b099
[SIPSorcery] Added remote ICE: candidate:149364286 1 udp 2122262783 2402:800:6d62...
[SIPSorcery] Stats: m0:0, m1:0
[Capture FPS] Mon1: 0.0 fps (captured 0 in 3006ms, rate-limited=0)
[Capture FPS] Mon0: 28.6 fps (captured 86 in 3006ms, rate-limited=0)
[Protocol] Phase3 RX: type=quality_feedback, len=465, preview={"type":"quality_feedback","timestamp":1767667773570,"rttMs":18.0,"avgRttMs":581.0,"jitterMs":615.9,
[SIPSorcery] ICE state: connected
[SIPSorcery] ICE CONNECTED - waiting for DTLS...
[SIPSorcery] Peer state: connecting
[SIPSorcery] Peer state: connected
[SIPSorcery] DTLS CONNECTED - initializing encoders now
[GpuVendorDetector] Detected NVIDIA GPU: NVIDIA GeForce GTX 1660 Ti
[SIPSorcery] Detected GPU vendor: NVIDIA
[SIPSorcery] Creating NVENC encoder for NVIDIA GPU (BGRA mode)
[NvencNativeWrapper] Initializing BGRA mode 1920x1080 @ 60fps, 20000kbps
[NvencNativeWrapper] Initialized BGRA mode successfully (zero-copy, no color conversion)
[SIPSorcery] Track 0: Nvenc encoder initialized (BGRA mode - no color conversion)
[SIPSorcery] Creating NVENC encoder for NVIDIA GPU (BGRA mode)
[NvencNativeWrapper] Initializing BGRA mode 1920x1080 @ 60fps, 20000kbps
[NvencNativeWrapper] Initialized BGRA mode successfully (zero-copy, no color conversion)
[SIPSorcery] Track 1: Nvenc encoder initialized (BGRA mode - no color conversion)
[Protocol] All 2 tracks ready, sending ice_ready
[SIPSorcery] Track 0 frame #0: 303813B, NAL types=[7,8,5], key=True
[SIPSorcery] Track 0 first frame: VideoStreamList.Count=2, rtpStep=4719
[SIPSorcery] VideoStream[0]: SSRC=503101809
[SIPSorcery] VideoStream[1]: SSRC=460723978
[SIPSorcery] Track 0 frame #1: 65204B, NAL types=[7,8,5], key=True
[Protocol] Encoder supports BGRA mode - enabling zero-copy pipeline (no color conversion)
[Protocol] Starting early capture to prevent browser track timeout...
[Protocol] Capture thread already running, skipping start
[SIPSorcery] Track 0 frame #2: 43781B, NAL types=[7,8,5], key=True
[SIPSorcery] Track 0 frame #3: 43781B, NAL types=[7,8,5], key=True
[SIPSorcery] Track 1 frame #0: 222030B, NAL types=[7,8,5], key=True
[SIPSorcery] Track 1 first frame: VideoStreamList.Count=2, rtpStep=4766
[SIPSorcery] VideoStream[0]: SSRC=503101809
[SIPSorcery] VideoStream[1]: SSRC=460723978
[2026-01-06 09:49:36.261] UNOBSERVED TASK EXCEPTION:
System.AggregateException: A Task's exception(s) were not observed either by Waiting on the Task or accessing its Exception property. As a result, the unobserved exception was rethrown by the finalizer thread. (The I/O operation has been aborted because of either a thread exit or an application request.)
 ---> System.Net.Sockets.SocketException (995): The I/O operation has been aborted because of either a thread exit or an application request.
   at System.Net.Sockets.Socket.AwaitableSocketAsyncEventArgs.ThrowException(SocketError error, CancellationToken cancellationToken)
   at System.Net.Sockets.Socket.AwaitableSocketAsyncEventArgs.System.Threading.Tasks.Sources.IValueTaskSource<System.Net.Sockets.SocketReceiveFromResult>.GetResult(Int16 token)
   at System.Threading.Tasks.ValueTask`1.ValueTaskSourceAsTask.<>c.<.cctor>b__4_0(Object state)
   --- End of inner exception stack trace ---


[SIPSorcery] Track 1 frame #1: 47862B, NAL types=[7,8,5], key=True
[SIPSorcery] Track 0 frame #4: 39833B, NAL types=[7,8,5], key=True
[SIPSorcery] Track 1 frame #2: 45228B, NAL types=[7,8,5], key=True
[SIPSorcery] Track 1 frame #3: 45228B, NAL types=[7,8,5], key=True
[SIPSorcery] Track 1 frame #4: 45228B, NAL types=[7,8,5], key=True
[SIPSorcery] Stats: m0:62, m1:60
[SIPSorcery] ICE state: connected
[SIPSorcery] ICE CONNECTED - waiting for DTLS...
[SIPSorcery] ICE state: connected
[SIPSorcery] ICE CONNECTED - waiting for DTLS...
[Protocol] Phase3 RX: type=request_keyframe, len=27, preview={"type":"request_keyframe"}
[Protocol] request_keyframe received (monitor=-1) - forcing IDR frame
[SIPSorcery] Stats: m0:132, m1:130
[Capture FPS] Mon1: 0.0 fps (captured 0 in 3004ms, rate-limited=0)
[Capture FPS] Mon0: 21.0 fps (captured 63 in 3004ms, rate-limited=0)
[Protocol] Phase3 RX: type=quality_feedback, len=465, preview={"type":"quality_feedback","timestamp":1767667776586,"rttMs":17.0,"avgRttMs":581.0,"jitterMs":577.5,
[Protocol] Phase3 RX: type=start_streaming, len=26, preview={"type":"start_streaming"}
[SIPSorcery] Stats: m0:278, m1:274
[Protocol] Phase3 RX: type=skip_to_live, len=23, preview={"type":"skip_to_live"}
[Protocol] skip_to_live received (monitor=-1) - forcing keyframe for latency recovery
[Protocol] Phase3 RX: type=start_streaming, len=26, preview={"type":"start_streaming"}
[Protocol] Phase3 RX: type=request_keyframe, len=27, preview={"type":"request_keyframe"}
[Protocol] request_keyframe received (monitor=-1) - forcing IDR frame
[SIPSorcery] Stats: m0:364, m1:362
[Capture FPS] Mon1: 2.3 fps (captured 7 in 3002ms, rate-limited=0)
[Capture FPS] Mon0: 34.0 fps (captured 102 in 3002ms, rate-limited=0)
[Protocol] Phase3 RX: type=quality_feedback, len=467, preview={"type":"quality_feedback","timestamp":1767667779588,"rttMs":19.0,"avgRttMs":581.1,"jitterMs":507.6,
[SIPSorcery] ICE state: connected
[SIPSorcery] ICE CONNECTED - waiting for DTLS...
[Protocol] Phase3 RX: type=fps_feedback, len=97, preview={"type":"fps_feedback","monitorIndex":0,"effectiveFps":3.7,"renderedFrames":30,"droppedFrames":0}
[SIPSorcery] FPS feedback m0: 3.7fps, dropped=0
[Protocol] Phase3 RX: type=fps_feedback, len=97, preview={"type":"fps_feedback","monitorIndex":1,"effectiveFps":3.7,"renderedFrames":30,"droppedFrames":0}
[SIPSorcery] FPS feedback m1: 3.7fps, dropped=0
[SIPSorcery] Stats: m0:520, m1:518
[Protocol] Phase3 RX: type=skip_to_live, len=23, preview={"type":"skip_to_live"}
[Protocol] skip_to_live received (monitor=-1) - forcing keyframe for latency recovery
[SIPSorcery] Stats: m0:614, m1:612
[Capture FPS] Mon1: 10.0 fps (captured 30 in 3010ms, rate-limited=0)
[Capture FPS] Mon0: 39.2 fps (captured 118 in 3010ms, rate-limited=0)
[Protocol] Phase3 RX: type=quality_feedback, len=467, preview={"type":"quality_feedback","timestamp":1767667782593,"rttMs":19.0,"avgRttMs":581.1,"jitterMs":475.9,
[Protocol] Phase3 RX: type=fps_feedback, len=97, preview={"type":"fps_feedback","monitorIndex":0,"effectiveFps":9.7,"renderedFrames":30,"droppedFrames":0}
[SIPSorcery] FPS feedback m0: 9.7fps, dropped=0
[Protocol] Phase3 RX: type=fps_feedback, len=97, preview={"type":"fps_feedback","monitorIndex":1,"effectiveFps":9.7,"renderedFrames":30,"droppedFrames":0}
[SIPSorcery] FPS feedback m1: 9.7fps, dropped=0
[SIPSorcery] Stats: m0:772, m1:770
[SIPSorcery] Stats: m0:860, m1:858
[Capture FPS] Mon1: 15.7 fps (captured 47 in 3001ms, rate-limited=0)
[Capture FPS] Mon0: 32.7 fps (captured 98 in 3001ms, rate-limited=0)
[Protocol] Phase3 RX: type=quality_feedback, len=467, preview={"type":"quality_feedback","timestamp":1767667785593,"rttMs":53.0,"avgRttMs":583.4,"jitterMs":420.4,
[Protocol] Phase3 RX: type=skip_to_live, len=23, preview={"type":"skip_to_live"}
[Protocol] skip_to_live received (monitor=-1) - forcing keyframe for latency recovery
[SIPSorcery] Stats: m0:1008, m1:1006
[SIPSorcery] Stats: m0:1108, m1:1104
[Capture FPS] Mon0: 26.3 fps (captured 79 in 3009ms, rate-limited=0)
[Capture FPS] Mon1: 24.6 fps (captured 74 in 3009ms, rate-limited=0)
[Protocol] Phase3 RX: type=offer, len=7569, preview={"type":"offer","monitorIndex":0,"sdp":"v=0\r\no=- 5529674056278548633 2 IN IP4 127.0.0.1\r\ns=-\r\n
[Protocol] Received reconnect offer during streaming (JSON format)
[Protocol] Received single offer for all monitors
[Protocol] Cleared answer state, preserved 0 pending ICE candidates
[Protocol] Parsed H264 PT from offer: 124
[SIPSorcery] Closing existing connection for reconnect...
[NvencNativeWrapper] Disposed
[NvencNativeWrapper] Disposed
[SIPSorcery] Peer state: closed
[SIPSorcery] Peer state CLOSED unexpectedly - awaiting client reconnect offer
[SIPSorcery] Connection closed
[SIPSorcery] Processing offer for 2 monitors
[SIPSorcery] Offer H264 pt=124, fmtp=implementation_name=MediaCodec;level-asymmetry-allowed=1;packetization-mode=1;profile-level-id=42e01f
[SIPSorcery] Client SDP: a=fingerprint:sha-256 3D:7C:BD:85:EE:54:38:B7:19:97:2A:60:07:47:AB:C3:43:64:6E:41:8B:05:BC:92:F2:A8:CD:E1:16:80:8D:DD
[SIPSorcery] Client SDP: a=setup:actpass
[SIPSorcery] Client SDP: a=fingerprint:sha-256 3D:7C:BD:85:EE:54:38:B7:19:97:2A:60:07:47:AB:C3:43:64:6E:41:8B:05:BC:92:F2:A8:CD:E1:16:80:8D:DD
[SIPSorcery] Client SDP: a=setup:actpass
[SIPSorcery] PeerConnection created (with STUN)
[SIPSorcery] Added track 0: 1920x1080 (device=3B671A4C)
[SIPSorcery] Added track 1: 1920x1080 (device=3B0331EC)
[SIPSorcery] ICE state: checking
[SIPSorcery] Signaling state: have_remote_offer
[SIPSorcery] Local ICE: 4234934314 1 udp 2113940223 2402:800:6d62:7e9c:a30...
[SIPSorcery] Local ICE: 4147884507 1 udp 2113940223 2402:800:6d62:7e9c:604...
[SIPSorcery] Local ICE: 894532200 1 udp 2113937663 192.168.1.41 52714 typ ...
[SIPSorcery] Signaling state: stable
[SIPSorcery] DTLS setup: keeping active (SIPSorcery will initiate handshake)
[SIPSorcery] SDP: a=fingerprint:sha-256 5E:4C:AC:6A:E4:57:23:A2:22:56:DD:70:E6:D8:60:BF:22:11:6E:7A:A7:53:7E:BC:53:F3:2F:39:AA:7E:38:19
[SIPSorcery] SDP: a=setup:active
[SIPSorcery] SDP: a=fingerprint:sha-256 5E:4C:AC:6A:E4:57:23:A2:22:56:DD:70:E6:D8:60:BF:22:11:6E:7A:A7:53:7E:BC:53:F3:2F:39:AA:7E:38:19
[SIPSorcery] SDP: a=setup:active
[SIPSorcery] Answer ready, 1266 bytes
[Protocol] SDP filtered m=video: m=video 9 UDP/TLS/RTP/SAVPF 124
[Protocol] SDP kept: a=rtpmap:124 H264/90000
[Protocol] SDP kept: a=fmtp:124 implementation_name=MediaCodec;level-asymmetry-allowed=1;packetization-mode=1;profile-level-id=420428
[Protocol] SDP filtered m=video: m=video 9 UDP/TLS/RTP/SAVPF 124
[Protocol] SDP kept: a=rtpmap:124 H264/90000
[Protocol] SDP kept: a=fmtp:124 implementation_name=MediaCodec;level-asymmetry-allowed=1;packetization-mode=1;profile-level-id=420428
[Protocol] Filtered SDP from 1266 to 1266 bytes
[Protocol] Extracted 1 embedded ICE candidates from answer
[Protocol] Answer JSON: {"type":"answer","monitorIndex":0,"sdp":"v=0\r\no=- 72957 0 IN IP4 127.0.0.1\r\ns=sipsorcery\r\nt=0 0\r\na=group:BUNDLE 0 1\r\nm=video 9 UDP/TLS/RTP/S...
[Protocol] Sent single answer, len=1298 bytes
[Protocol] Sent extracted ICE candidate: candidate:894532200 1 udp 2113937663 192.168.1.41 52714 typ ...
[Protocol] Phase3 RX: type=candidate, len=159, preview={"type":"candidate","monitorIndex":0,"candidate":"390462444 1 udp 2122194687 192.168.1.51 45217 typ
[SIPSorcery] Added remote ICE: candidate:390462444 1 udp 2122194687 192.168.1.51 ...
[Protocol] Phase3 RX: type=candidate, len=160, preview={"type":"candidate","monitorIndex":0,"candidate":"273804438 1 udp 2122129151 5.22.166.237 39793 typ
[SIPSorcery] Added remote ICE: candidate:273804438 1 udp 2122129151 5.22.166.237 ...
[Protocol] Phase3 RX: type=candidate, len=186, preview={"type":"candidate","monitorIndex":0,"candidate":"1605894093 1 udp 2122262783 2402:800:6d62:7e9c:b09
[SIPSorcery] Added remote ICE: candidate:1605894093 1 udp 2122262783 2402:800:6d6...
[Protocol] Phase3 RX: type=candidate, len=159, preview={"type":"candidate","monitorIndex":0,"candidate":"390462444 1 udp 2122194687 192.168.1.51 42674 typ
[SIPSorcery] Added remote ICE: candidate:390462444 1 udp 2122194687 192.168.1.51 ...
[Protocol] Phase3 RX: type=candidate, len=160, preview={"type":"candidate","monitorIndex":0,"candidate":"273804438 1 udp 2122129151 5.22.166.237 34972 typ
[SIPSorcery] Added remote ICE: candidate:273804438 1 udp 2122129151 5.22.166.237 ...
[Protocol] Phase3 RX: type=candidate, len=186, preview={"type":"candidate","monitorIndex":0,"candidate":"1605894093 1 udp 2122262783 2402:800:6d62:7e9c:b09
[SIPSorcery] Added remote ICE: candidate:1605894093 1 udp 2122262783 2402:800:6d6...
[Protocol] Phase3 RX: type=quality_feedback, len=465, preview={"type":"quality_feedback","timestamp":1767667788604,"rttMs":19.0,"avgRttMs":583.4,"jitterMs":396.3,
[Protocol] Phase3 RX: type=request_keyframe, len=27, preview={"type":"request_keyframe"}
[Protocol] request_keyframe received (monitor=-1) - forcing IDR frame
[SIPSorcery] Local ICE: 1359935623 1 udp 1677730047 27.72.102.134 52714 ty...
[SIPSorcery] Stats: m0:0, m1:0
[SIPSorcery] ICE state: connected
[SIPSorcery] ICE CONNECTED - waiting for DTLS...
[SIPSorcery] Peer state: connecting
[SIPSorcery] ICE state: connected
[SIPSorcery] ICE CONNECTED - waiting for DTLS...
[SIPSorcery] ICE state: connected
[SIPSorcery] ICE CONNECTED - waiting for DTLS...
[SIPSorcery] Peer state: connected
[SIPSorcery] DTLS CONNECTED - initializing encoders now
[GpuVendorDetector] Detected NVIDIA GPU: NVIDIA GeForce GTX 1660 Ti
[SIPSorcery] Detected GPU vendor: NVIDIA
[SIPSorcery] Creating NVENC encoder for NVIDIA GPU (BGRA mode)
[NvencNativeWrapper] Initializing BGRA mode 1920x1080 @ 60fps, 20000kbps
[NvencNativeWrapper] Initialized BGRA mode successfully (zero-copy, no color conversion)
[SIPSorcery] Track 0: Nvenc encoder initialized (BGRA mode - no color conversion)
[SIPSorcery] Creating NVENC encoder for NVIDIA GPU (BGRA mode)
[NvencNativeWrapper] Initializing BGRA mode 1920x1080 @ 60fps, 20000kbps
[NvencNativeWrapper] Initialized BGRA mode successfully (zero-copy, no color conversion)
[SIPSorcery] Track 1: Nvenc encoder initialized (BGRA mode - no color conversion)
[Protocol] All 2 tracks ready, sending ice_ready
[SIPSorcery] Track 0 frame #0: 278590B, NAL types=[7,8,5], key=True
[SIPSorcery] Track 0 first frame: VideoStreamList.Count=2, rtpStep=20891
[SIPSorcery] VideoStream[0]: SSRC=689164653
[SIPSorcery] VideoStream[1]: SSRC=1708052735
[2026-01-06 09:49:52.380] UNOBSERVED TASK EXCEPTION:
System.AggregateException: A Task's exception(s) were not observed either by Waiting on the Task or accessing its Exception property. As a result, the unobserved exception was rethrown by the finalizer thread. (The I/O operation has been aborted because of either a thread exit or an application request.)
 ---> System.Net.Sockets.SocketException (995): The I/O operation has been aborted because of either a thread exit or an application request.
   at System.Net.Sockets.Socket.AwaitableSocketAsyncEventArgs.System.Threading.Tasks.Sources.IValueTaskSource<System.Net.Sockets.SocketReceiveFromResult>.GetResult(Int16 token)
   at System.Threading.Tasks.ValueTask`1.ValueTaskSourceAsTask.<>c.<.cctor>b__4_0(Object state)
   --- End of inner exception stack trace ---


[SIPSorcery] Track 0 frame #1: 67927B, NAL types=[7,8,5], key=True
[Protocol] Encoder supports BGRA mode - enabling zero-copy pipeline (no color conversion)
[Protocol] Starting early capture to prevent browser track timeout...
[Protocol] Capture thread already running, skipping start
[SIPSorcery] Track 1 frame #0: 202394B, NAL types=[7,8,5], key=True
[SIPSorcery] Track 1 first frame: VideoStreamList.Count=2, rtpStep=20922
[SIPSorcery] VideoStream[0]: SSRC=689164653
[SIPSorcery] VideoStream[1]: SSRC=1708052735
[SIPSorcery] Track 1 frame #1: 51736B, NAL types=[7,8,5], key=True
[SIPSorcery] Track 0 frame #2: 42674B, NAL types=[7,8,5], key=True
[SIPSorcery] Track 0 frame #3: 43392B, NAL types=[7,8,5], key=True
[SIPSorcery] Track 1 frame #2: 42777B, NAL types=[7,8,5], key=True
[SIPSorcery] Track 1 frame #3: 42777B, NAL types=[7,8,5], key=True
[SIPSorcery] Track 0 frame #4: 43807B, NAL types=[7,8,5], key=True
[SIPSorcery] Track 1 frame #4: 43057B, NAL types=[7,8,5], key=True
[SIPSorcery] Stats: m0:58, m1:58
[Capture FPS] Mon1: 46.2 fps (captured 140 in 3028ms, rate-limited=0)
[Capture FPS] Mon0: 46.9 fps (captured 142 in 3028ms, rate-limited=0)
[Protocol] Phase3 RX: type=quality_feedback, len=464, preview={"type":"quality_feedback","timestamp":1767667791614,"rttMs":19.0,"avgRttMs":87.1,"jitterMs":348.4,"
[SIPSorcery] Stats: m0:94, m1:90
[Protocol] Phase3 RX: type=skip_to_live, len=35, preview={"type":"skip_to_live","monitor":0}
[Protocol] skip_to_live received (monitor=0) - forcing keyframe for latency recovery
[SIPSorcery] Stats: m0:184, m1:182
[Protocol] Phase3 RX: type=start_streaming, len=26, preview={"type":"start_streaming"}
[SIPSorcery] Stats: m0:254, m1:250
[SIPSorcery] Peer state: closed
[SIPSorcery] Peer state CLOSED unexpectedly - awaiting client reconnect offer
[Capture FPS] Mon1: 30.2 fps (captured 91 in 3009ms, rate-limited=0)
[Capture FPS] Mon0: 31.9 fps (captured 96 in 3009ms, rate-limited=0)
[Protocol] Phase3 RX: type=quality_feedback, len=466, preview={"type":"quality_feedback","timestamp":1767667794617,"rttMs":17.0,"avgRttMs":27.1,"jitterMs":326.7,"
[SIPSorcery] Stats: m0:256, m1:253
[Protocol] Phase3 RX: type=fps_feedback, len=97, preview={"type":"fps_feedback","monitorIndex":0,"effectiveFps":4.3,"renderedFrames":30,"droppedFrames":0}
[SIPSorcery] FPS feedback m0: 4.3fps, dropped=0
[Protocol] Phase3 RX: type=fps_feedback, len=97, preview={"type":"fps_feedback","monitorIndex":1,"effectiveFps":4.3,"renderedFrames":30,"droppedFrames":0}
[SIPSorcery] FPS feedback m1: 4.3fps, dropped=0
[SIPSorcery] Stats: m0:256, m1:253
[SIPSorcery] Stats: m0:256, m1:253
[Protocol] Phase3 RX: type=quality_feedback, len=466, preview={"type":"quality_feedback","timestamp":1767667797620,"rttMs":18.0,"avgRttMs":20.8,"jitterMs":287.2,"
[Capture FPS] Mon0: 60.2 fps (captured 181 in 3008ms, rate-limited=0)
[Capture FPS] Mon1: 60.2 fps (captured 181 in 3008ms, rate-limited=0)
[Protocol] Phase3 RX: type=request_keyframe, len=27, preview={"type":"request_keyframe"}
[Protocol] request_keyframe received (monitor=-1) - forcing IDR frame
[SIPSorcery] Stats: m0:256, m1:253
[Protocol] Phase3 RX: type=fps_feedback, len=98, preview={"type":"fps_feedback","monitorIndex":0,"effectiveFps":10.1,"renderedFrames":30,"droppedFrames":0}
[SIPSorcery] FPS feedback m0: 10.1fps, dropped=0
[Protocol] Phase3 RX: type=fps_feedback, len=98, preview={"type":"fps_feedback","monitorIndex":1,"effectiveFps":10.1,"renderedFrames":30,"droppedFrames":0}
[SIPSorcery] FPS feedback m1: 10.1fps, dropped=0
[SIPSorcery] Stats: m0:256, m1:253
[Protocol] Phase3 RX: type=skip_to_live, len=23, preview={"type":"skip_to_live"}
[Protocol] skip_to_live received (monitor=-1) - forcing keyframe for latency recovery
[SIPSorcery] Stats: m0:256, m1:253
[Protocol] Phase3 RX: type=quality_feedback, len=466, preview={"type":"quality_feedback","timestamp":1767667800621,"rttMs":19.0,"avgRttMs":18.7,"jitterMs":269.3,"
[Capture FPS] Mon1: 60.0 fps (captured 181 in 3015ms, rate-limited=0)
[Capture FPS] Mon0: 60.4 fps (captured 182 in 3015ms, rate-limited=0)
[SIPSorcery] Stats: m0:256, m1:253
[Protocol] Phase3 RX: type=offer, len=7569, preview={"type":"offer","monitorIndex":0,"sdp":"v=0\r\no=- 1847355653079942672 2 IN IP4 127.0.0.1\r\ns=-\r\n
[Protocol] Received reconnect offer during streaming (JSON format)
[Protocol] Received single offer for all monitors
[Protocol] Cleared answer state, preserved 0 pending ICE candidates
[Protocol] Parsed H264 PT from offer: 124
[SIPSorcery] Closing existing connection for reconnect...
[NvencNativeWrapper] Disposed
[NvencNativeWrapper] Disposed
[SIPSorcery] Connection closed
[SIPSorcery] Processing offer for 2 monitors
[SIPSorcery] Offer H264 pt=124, fmtp=implementation_name=MediaCodec;level-asymmetry-allowed=1;packetization-mode=1;profile-level-id=42e01f
[SIPSorcery] Client SDP: a=fingerprint:sha-256 1B:1A:27:DA:0C:73:F8:2B:F5:3C:FF:CD:92:B6:28:91:C4:99:D1:54:BE:F6:4F:17:8D:27:5A:7E:2F:60:06:A2
[SIPSorcery] Client SDP: a=setup:actpass
[SIPSorcery] Client SDP: a=fingerprint:sha-256 1B:1A:27:DA:0C:73:F8:2B:F5:3C:FF:CD:92:B6:28:91:C4:99:D1:54:BE:F6:4F:17:8D:27:5A:7E:2F:60:06:A2
[SIPSorcery] Client SDP: a=setup:actpass
[SIPSorcery] PeerConnection created (with STUN)
[SIPSorcery] Added track 0: 1920x1080 (device=3B671A4C)
[SIPSorcery] Added track 1: 1920x1080 (device=3B0331EC)
[SIPSorcery] ICE state: checking
[SIPSorcery] Signaling state: have_remote_offer
[SIPSorcery] Local ICE: 4234934314 1 udp 2113940223 2402:800:6d62:7e9c:a30...
[SIPSorcery] Local ICE: 4147884507 1 udp 2113940223 2402:800:6d62:7e9c:604...
[SIPSorcery] Local ICE: 894532200 1 udp 2113937663 192.168.1.41 55942 typ ...
[SIPSorcery] Signaling state: stable
[SIPSorcery] DTLS setup: keeping active (SIPSorcery will initiate handshake)
[SIPSorcery] SDP: a=fingerprint:sha-256 0C:D1:5D:59:AC:3D:1F:F5:57:E1:50:9E:C4:38:78:6C:C9:77:C6:6A:9A:C8:37:1C:4F:B9:99:79:7B:D6:FA:15
[SIPSorcery] SDP: a=setup:active
[SIPSorcery] SDP: a=fingerprint:sha-256 0C:D1:5D:59:AC:3D:1F:F5:57:E1:50:9E:C4:38:78:6C:C9:77:C6:6A:9A:C8:37:1C:4F:B9:99:79:7B:D6:FA:15
[SIPSorcery] SDP: a=setup:active
[SIPSorcery] Answer ready, 1264 bytes
[Protocol] SDP filtered m=video: m=video 9 UDP/TLS/RTP/SAVPF 124
[Protocol] SDP kept: a=rtpmap:124 H264/90000
[Protocol] SDP kept: a=fmtp:124 implementation_name=MediaCodec;level-asymmetry-allowed=1;packetization-mode=1;profile-level-id=420428
[Protocol] SDP filtered m=video: m=video 9 UDP/TLS/RTP/SAVPF 124
[Protocol] SDP kept: a=rtpmap:124 H264/90000
[Protocol] SDP kept: a=fmtp:124 implementation_name=MediaCodec;level-asymmetry-allowed=1;packetization-mode=1;profile-level-id=420428
[Protocol] Filtered SDP from 1264 to 1264 bytes
[Protocol] Extracted 1 embedded ICE candidates from answer
[Protocol] Answer JSON: {"type":"answer","monitorIndex":0,"sdp":"v=0\r\no=- 16681 0 IN IP4 127.0.0.1\r\ns=sipsorcery\r\nt=0 0\r\na=group:BUNDLE 0 1\r\nm=video 9 UDP/TLS/RTP/S...
[Protocol] Sent single answer, len=1296 bytes
[Protocol] Sent extracted ICE candidate: candidate:894532200 1 udp 2113937663 192.168.1.41 55942 typ ...
[Protocol] Phase3 RX: type=candidate, len=158, preview={"type":"candidate","monitorIndex":0,"candidate":"10983370 1 udp 2122194687 192.168.1.51 44059 typ h
[SIPSorcery] Added remote ICE: candidate:10983370 1 udp 2122194687 192.168.1.51 4...
[Protocol] Phase3 RX: type=candidate, len=161, preview={"type":"candidate","monitorIndex":0,"candidate":"2037707982 1 udp 2122129151 5.22.166.237 48132 typ
[SIPSorcery] Added remote ICE: candidate:2037707982 1 udp 2122129151 5.22.166.237...
[Protocol] Phase3 RX: type=candidate, len=186, preview={"type":"candidate","monitorIndex":0,"candidate":"1083571565 1 udp 2122262783 2402:800:6d62:7e9c:b09
[SIPSorcery] Added remote ICE: candidate:1083571565 1 udp 2122262783 2402:800:6d6...
[Protocol] Phase3 RX: type=candidate, len=158, preview={"type":"candidate","monitorIndex":0,"candidate":"10983370 1 udp 2122194687 192.168.1.51 55912 typ h
[SIPSorcery] Added remote ICE: candidate:10983370 1 udp 2122194687 192.168.1.51 5...
[Protocol] Phase3 RX: type=candidate, len=161, preview={"type":"candidate","monitorIndex":0,"candidate":"2037707982 1 udp 2122129151 5.22.166.237 54505 typ
[SIPSorcery] Added remote ICE: candidate:2037707982 1 udp 2122129151 5.22.166.237...
[Protocol] Phase3 RX: type=candidate, len=186, preview={"type":"candidate","monitorIndex":0,"candidate":"1083571565 1 udp 2122262783 2402:800:6d62:7e9c:b09
[SIPSorcery] Added remote ICE: candidate:1083571565 1 udp 2122262783 2402:800:6d6...
[SIPSorcery] Local ICE: 1359935623 1 udp 1677730047 27.72.102.134 55942 ty...
[SIPSorcery] ICE state: connected
[SIPSorcery] ICE CONNECTED - waiting for DTLS...
[SIPSorcery] Peer state: connecting
[SIPSorcery] Stats: m0:0, m1:0
[SIPSorcery] Peer state: connected
[SIPSorcery] DTLS CONNECTED - initializing encoders now
[GpuVendorDetector] Detected NVIDIA GPU: NVIDIA GeForce GTX 1660 Ti
[SIPSorcery] Detected GPU vendor: NVIDIA
[SIPSorcery] Creating NVENC encoder for NVIDIA GPU (BGRA mode)
[NvencNativeWrapper] Initializing BGRA mode 1920x1080 @ 60fps, 20000kbps
[NvencNativeWrapper] Initialized BGRA mode successfully (zero-copy, no color conversion)
[SIPSorcery] Track 0: Nvenc encoder initialized (BGRA mode - no color conversion)
[SIPSorcery] Creating NVENC encoder for NVIDIA GPU (BGRA mode)
[NvencNativeWrapper] Initializing BGRA mode 1920x1080 @ 60fps, 20000kbps
[NvencNativeWrapper] Initialized BGRA mode successfully (zero-copy, no color conversion)
[SIPSorcery] Track 1: Nvenc encoder initialized (BGRA mode - no color conversion)
[Protocol] All 2 tracks ready, sending ice_ready
[Protocol] Encoder supports BGRA mode - enabling zero-copy pipeline (no color conversion)
[Protocol] Starting early capture to prevent browser track timeout...
[Protocol] Capture thread already running, skipping start
[SIPSorcery] Track 1 frame #0: 199013B, NAL types=[7,8,5], key=True
[SIPSorcery] Track 1 first frame: VideoStreamList.Count=2, rtpStep=32734
[SIPSorcery] VideoStream[0]: SSRC=98377819
[SIPSorcery] VideoStream[1]: SSRC=685767075
[SIPSorcery] Track 1 frame #1: 51891B, NAL types=[7,8,5], key=True
[SIPSorcery] Track 1 frame #2: 43801B, NAL types=[7,8,5], key=True
[SIPSorcery] Track 1 frame #3: 43801B, NAL types=[7,8,5], key=True
[SIPSorcery] Track 0 frame #0: 270427B, NAL types=[7,8,5], key=True
[SIPSorcery] Track 0 first frame: VideoStreamList.Count=2, rtpStep=32781
[SIPSorcery] VideoStream[0]: SSRC=98377819
[SIPSorcery] VideoStream[1]: SSRC=685767075
[SIPSorcery] Track 0 frame #1: 65771B, NAL types=[7,8,5], key=True
[SIPSorcery] Track 1 frame #4: 43820B, NAL types=[7,8,5], key=True
[SIPSorcery] Track 0 frame #2: 42066B, NAL types=[7,8,5], key=True
[SIPSorcery] Track 0 frame #3: 43665B, NAL types=[7,8,5], key=True
[SIPSorcery] Track 0 frame #4: 43148B, NAL types=[7,8,5], key=True
[SIPSorcery] Stats: m0:69, m1:70
[Protocol] Phase3 RX: type=quality_feedback, len=464, preview={"type":"quality_feedback","timestamp":1767667803632,"rttMs":18.0,"avgRttMs":18.6,"jitterMs":236.8,"
[Capture FPS] Mon0: 43.3 fps (captured 131 in 3026ms, rate-limited=0)
[Capture FPS] Mon1: 42.6 fps (captured 129 in 3026ms, rate-limited=0)
[SIPSorcery] Stats: m0:100, m1:102
[SIPSorcery] Stats: m0:176, m1:178
[SIPSorcery] Stats: m0:180, m1:182
[Protocol] Phase3 RX: type=start_streaming, len=26, preview={"type":"start_streaming"}
[Protocol] Phase3 RX: type=start_streaming, len=26, preview={"type":"start_streaming"}
[Protocol] Phase3 RX: type=start_streaming, len=26, preview={"type":"start_streaming"}
[SIPSorcery] Stats: m0:250, m1:252
[Protocol] Phase3 RX: type=quality_feedback, len=466, preview={"type":"quality_feedback","timestamp":1767667806632,"rttMs":15.0,"avgRttMs":18.4,"jitterMs":222.2,"
[Capture FPS] Mon1: 24.9 fps (captured 75 in 3012ms, rate-limited=0)
[Capture FPS] Mon0: 27.6 fps (captured 83 in 3012ms, rate-limited=0)
[SIPSorcery] Stats: m0:284, m1:286
[Protocol] Phase3 RX: type=skip_to_live, len=23, preview={"type":"skip_to_live"}
[Protocol] skip_to_live received (monitor=-1) - forcing keyframe for latency recovery
[Protocol] Phase3 RX: type=fps_feedback, len=97, preview={"type":"fps_feedback","monitorIndex":1,"effectiveFps":5.6,"renderedFrames":30,"droppedFrames":0}
[SIPSorcery] FPS feedback m1: 5.6fps, dropped=0
[Protocol] Phase3 RX: type=fps_feedback, len=97, preview={"type":"fps_feedback","monitorIndex":0,"effectiveFps":5.5,"renderedFrames":30,"droppedFrames":0}
[SIPSorcery] FPS feedback m0: 5.5fps, dropped=0
[SIPSorcery] Stats: m0:362, m1:364
[SIPSorcery] Stats: m0:366, m1:366
[SIPSorcery] Stats: m0:440, m1:442
[Protocol] Phase3 RX: type=quality_feedback, len=466, preview={"type":"quality_feedback","timestamp":1767667809632,"rttMs":17.0,"avgRttMs":18.4,"jitterMs":195.6,"
[Capture FPS] Mon1: 26.5 fps (captured 80 in 3017ms, rate-limited=0)
[Capture FPS] Mon0: 28.2 fps (captured 85 in 3017ms, rate-limited=0)
[SIPSorcery] Stats: m0:472, m1:474
[SIPSorcery] Stats: m0:554, m1:556
[SIPSorcery] Stats: m0:560, m1:560
[SIPSorcery] Stats: m0:632, m1:636
[Protocol] Phase3 RX: type=quality_feedback, len=466, preview={"type":"quality_feedback","timestamp":1767667812633,"rttMs":68.0,"avgRttMs":18.4,"jitterMs":186.6,"
[Capture FPS] Mon1: 4.0 fps (captured 12 in 3001ms, rate-limited=0)
[Capture FPS] Mon0: 22.3 fps (captured 67 in 3001ms, rate-limited=0)
[SIPSorcery] Stats: m0:664, m1:666
[SIPSorcery] Stats: m0:736, m1:738
[SIPSorcery] Stats: m0:740, m1:742
[SIPSorcery] Stats: m0:806, m1:808
[Capture FPS] Mon1: 0.0 fps (captured 0 in 3029ms, rate-limited=0)
[Capture FPS] Mon0: 2.0 fps (captured 6 in 3029ms, rate-limited=0)
[SIPSorcery] Stats: m0:836, m1:838
[Protocol] Client 325ade35-cba4-4b71-917b-c713640c48ad disconnected prematurely
[Protocol] Phase changed to: Disconnecting
[SIPSorcery] Stopping...
[SIPSorcery] ICE state: disconnected
[SIPSorcery] Peer state: disconnected
[SIPSorcery] Peer state DISCONNECTED - may recover, waiting...
[SIPSorcery] ICE state: failed
[SIPSorcery] Peer state: failed
[SIPSorcery] DTLS FAILED - check certificate/fingerprint
