=== RemotePlayServer ===
[System] Running as Administrator: YES
[System] Process: F:\VRWorkspace Projects\RemotePlayServer\bin\release\net9.0-windows10.0.26100.0\RemotePlayServer.exe
[System] Local IP: 192.168.1.41
[Encoder] NVIDIA NVENC (Hardware)
[USB] Not detected. Enable USB Tethering on phone for USB streaming.
[TextScale] Actual DPI for \\.\DISPLAY1: 96
[Guard] Saved original text scale for \\.\DISPLAY1: 100%
[Guard] Saved DPI snapshot for 38 monitors
[Guard] Snapshot captured.
=== Monitors ===
  \\.\DISPLAY1: 1920x1080 [Physical]
[HTTP] http://+:8288/
[HTTP] Server: 192.168.1.41:8288

=== QRCode (Scan to connect) ===
Data: {"ip":"192.168.1.41","port":"8288"}
█████████████████████████████████████
█████████████████████████████████████
████ ▄▄▄▄▄ █ ▄▄▄ █▀▄▄▄▄▄▄█ ▄▄▄▄▄ ████
████ █   █ █ ▄▄█▄ ▀▄██▀█▀█ █   █ ████
████ █▄▄▄█ █▄  ▀██▀▄▄  ▀ █ █▄▄▄█ ████
████▄▄▄▄▄▄▄█ ▀▄█▄▀ ▀ █ ▀▄█▄▄▄▄▄▄▄████
████▀ ▀ █▄▄█ ▀  ▀██ █▄▀█ ▄▄█▄ ▄▄ ████
█████▀ ▀▄▄▄█▄█▀ ▀▄▄██▄▀  █▄▄▄█▀ ▀████
█████▄██ ▀▄ ▄█▄██ ▀ ▄█▄██ ▀ ▄█▄██████
████▀█▄█  ▄▀▄█▀▄▀▄ ▀▄█▀ █▄ █ █▀ █████
████▄█▄▀▀ ▄▄ ▄▀█▀███ █▀█ ▀▀█ █▀█ ████
████▀▄ █ █▄█▀▀▄ █▀█▄▄ ▄▄▄▀ ▄▄▄ ▄▄████
████▄█████▄▄▀██▀▀█ ▀ ▀█  ▄▄▄  ▄ █████
████ ▄▄▄▄▄ █▀▄▀▄▀▄▄▀█▄▄▄ █▄█ ▀▄▀█████
████ █   █ █▀▄▄▄█▄██▀▄█▄▄▄▄▄ █ ▄▀████
████ █▄▄▄█ █▀███ ▀▄▀   █ █▄█ ▀▀▀▄████
████▄▄▄▄▄▄▄██▄██▄▄█▄█▄█▄▄▄█▄█▄███████
█████████████████████████████████████
▀▀▀▀▀▀▀▀▀▀▀▀▀▀▀▀▀▀▀▀▀▀▀▀▀▀▀▀▀▀▀▀▀▀▀▀▀

=== Connection Options ===
  [USB]  Not available. Enable USB Tethering on phone
  [WiFi] 192.168.1.41:8288 (Scan QR code above)

Server is running. Press ENTER to exit.
[Signal] Client connected 3a6a20f1-539b-499a-869c-038c0e55dfc5, protocol=v2, transport=WiFi
[Protocol] Client 3a6a20f1-539b-499a-869c-038c0e55dfc5 connected from 192.168.1.41 (v2 protocol, transport=WiFi)
[Protocol] Phase changed to: Phase1_HardwareDetect
[Protocol] Phase 1: Gathering hardware info...
[HardwareInfo] DXGI VRAM: 6255804416 bytes = 5966 MB
[GpuVendorDetector] Detected NVIDIA GPU: NVIDIA GeForce GTX 1660 Ti
[HardwareInfo] DXGI VRAM: 6255804416 bytes = 5966 MB
[HardwareInfo] SetDllDirectory: F:\VRWorkspace Projects\RemotePlayServer\bin\release\net9.0-windows10.0.26100.0\bin
[HardwareInfo] FFmpeg.RootPath: F:\VRWorkspace Projects\RemotePlayServer\bin\release\net9.0-windows10.0.26100.0\bin
[HardwareInfo] Added to PATH: F:\VRWorkspace Projects\RemotePlayServer\bin\release\net9.0-windows10.0.26100.0\bin
[HardwareInfo] HEVC encoder 'hevc_nvenc': available
[HardwareInfo] Encoder: NVENC, HwAccel: True, HEVC: True, Codecs: [H264, H265]
[Protocol] Sent hardware info to client
[Protocol] Waiting for hardware_info_ack...
[Protocol] WaitForHardwareAck received: len=18, text=ping:1768547055924
[Protocol] WaitForHardwareAck received: len=203, text={"type":"hardware_info_ack","clientCodecs":{"supportedCodecs":["H264","VP9","VP8"],"preferredCodec":...
[Protocol] WaitForHardwareAck msgType=hardware_info_ack
[Protocol] Client codec capabilities: HEVC=False, preferred=H264, device=MS-7B24 (Micro-Star International Co., Ltd.)
[Protocol] Encoder libvpx-vp9: available
[Protocol] Encoder libvpx: available
[Protocol] Server supported codecs: [H264, H265, VP9, VP8]
[Protocol] Client supported codecs: [H264, VP9, VP8]
[Protocol] Codec negotiation: selected H264
[Protocol] Received hardware_info_ack
[Protocol] Phase changed to: Phase1_SpeedTest
[Protocol] Phase 1: Waiting for client speed test result...
[Protocol] WaitForSpeedTest received: type=speedtest_request, len=69
[Protocol] Processing speedtest_request...
[Protocol] Handling speedtest_request: direction=download, duration=2000ms
[Protocol] Download test complete: sent 40MB in 2110ms = 159.0 Mbps
[Protocol] speedtest_request handled, continuing to wait...
[Protocol] WaitForSpeedTest received: type=speedtest_result, len=81
[Protocol] Processing speedtest_result...
[Protocol] speedtest_result parsed: 138.8Mbps, 15.8ms
[Protocol] ✓ Received speedtest_result from client: 138.8Mbps, 15.8ms ping
[Protocol] Calculating suggested config...
[Protocol] Sending suggested_config: 3x1440x810@60fps, bitrate=15000kbps, codec=H264, transport=WiFi
[Protocol] ✓ suggested_config sent successfully
[Protocol] Phase changed to: Phase1_WaitingProceed
[Protocol] Phase 1: Waiting for client proceed...
[Protocol] WaitForProceed received: ping:1768547059967...
[Protocol] WaitForProceed received: ping:1768547061990...
[Protocol] WaitForProceed received: ping:1768547064006...
[Protocol] WaitForProceed received: ping:1768547066036...
[Protocol] WaitForProceed received: ping:1768547068066...
[Protocol] WaitForProceed received: ping:1768547070085...
[Protocol] WaitForProceed received: ping:1768547072102...
[Protocol] WaitForProceed received: ping:1768547074135...
[Protocol] WaitForProceed received: {"type":"stop_streaming"}...
[Protocol] WaitForProceed received: ping:1768547076234...
[Protocol] Client 3a6a20f1-539b-499a-869c-038c0e55dfc5 cancelled
[Protocol] Phase changed to: Disconnecting
[Protocol] Client 3a6a20f1-539b-499a-869c-038c0e55dfc5 disconnected
[Signal] Client connected 838ace1a-ac99-4fba-a0a3-0a583776b948, protocol=v2, transport=WiFi
[Protocol] Client 838ace1a-ac99-4fba-a0a3-0a583776b948 connected from 192.168.1.41 (v2 protocol, transport=WiFi)
[Protocol] Phase changed to: Phase1_HardwareDetect
[Protocol] Phase 1: Gathering hardware info...
[HardwareInfo] DXGI VRAM: 6255804416 bytes = 5966 MB
[GpuVendorDetector] Detected NVIDIA GPU: NVIDIA GeForce GTX 1660 Ti
[HardwareInfo] DXGI VRAM: 6255804416 bytes = 5966 MB
[HardwareInfo] HEVC encoder 'hevc_nvenc': available
[HardwareInfo] Encoder: NVENC, HwAccel: True, HEVC: True, Codecs: [H264, H265]
[Protocol] Sent hardware info to client
[Protocol] Waiting for hardware_info_ack...
[Protocol] WaitForHardwareAck received: len=203, text={"type":"hardware_info_ack","clientCodecs":{"supportedCodecs":["H264","VP9","VP8"],"preferredCodec":...
[Protocol] WaitForHardwareAck msgType=hardware_info_ack
[Protocol] Client codec capabilities: HEVC=False, preferred=H264, device=MS-7B24 (Micro-Star International Co., Ltd.)
[Protocol] Encoder libvpx-vp9: available
[Protocol] Encoder libvpx: available
[Protocol] Server supported codecs: [H264, H265, VP9, VP8]
[Protocol] Client supported codecs: [H264, VP9, VP8]
[Protocol] Codec negotiation: selected H264
[Protocol] Received hardware_info_ack
[Protocol] Phase changed to: Phase1_SpeedTest
[Protocol] Phase 1: Waiting for client speed test result...
[Protocol] WaitForSpeedTest received: type=speedtest_request, len=69
[Protocol] Processing speedtest_request...
[Protocol] Handling speedtest_request: direction=download, duration=2000ms
[Protocol] Download test complete: sent 40MB in 2145ms = 156.4 Mbps
[Protocol] speedtest_request handled, continuing to wait...
[Protocol] WaitForSpeedTest received: type=speedtest_result, len=81
[Protocol] Processing speedtest_result...
[Protocol] speedtest_result parsed: 137.7Mbps, 15.0ms
[Protocol] ✓ Received speedtest_result from client: 137.7Mbps, 15.0ms ping
[Protocol] Calculating suggested config...
[Protocol] Sending suggested_config: 3x1440x810@60fps, bitrate=15000kbps, codec=H264, transport=WiFi
[Protocol] ✓ suggested_config sent successfully
[Protocol] Phase changed to: Phase1_WaitingProceed
[Protocol] Phase 1: Waiting for client proceed...
[Protocol] WaitForProceed received: ping:1768547702012...
[Protocol] WaitForProceed received: ping:1768547704029...
[Protocol] WaitForProceed received: ping:1768547706062...
[Protocol] WaitForProceed received: ping:1768547708084...
[Protocol] WaitForProceed received: ping:1768547710104...
[Protocol] WaitForProceed received: ping:1768547712121...
[Protocol] WaitForProceed received: ping:1768547714155...
[Protocol] WaitForProceed received: ping:1768547716188...
[Protocol] WaitForProceed received: ping:1768547718204...
[Protocol] WaitForProceed received: ping:1768547720237...
[Protocol] WaitForProceed received: ping:1768547722272...
[Protocol] WaitForProceed received: {"type":"stop_streaming"}...
[Protocol] Client 838ace1a-ac99-4fba-a0a3-0a583776b948 cancelled
[Protocol] Phase changed to: Disconnecting
[Protocol] Client 838ace1a-ac99-4fba-a0a3-0a583776b948 disconnected
[Signal] Client connected f81a208a-705c-427f-b191-260d79c58a36, protocol=v2, transport=WiFi
[Protocol] Client f81a208a-705c-427f-b191-260d79c58a36 connected from 192.168.1.41 (v2 protocol, transport=WiFi)
[Protocol] Phase changed to: Phase1_HardwareDetect
[Protocol] Phase 1: Gathering hardware info...
[HardwareInfo] DXGI VRAM: 6255804416 bytes = 5966 MB
[GpuVendorDetector] Detected NVIDIA GPU: NVIDIA GeForce GTX 1660 Ti
[HardwareInfo] DXGI VRAM: 6255804416 bytes = 5966 MB
[HardwareInfo] HEVC encoder 'hevc_nvenc': available
[HardwareInfo] Encoder: NVENC, HwAccel: True, HEVC: True, Codecs: [H264, H265]
[Protocol] Sent hardware info to client
[Protocol] Waiting for hardware_info_ack...
[Protocol] WaitForHardwareAck received: len=203, text={"type":"hardware_info_ack","clientCodecs":{"supportedCodecs":["H264","VP9","VP8"],"preferredCodec":...
[Protocol] WaitForHardwareAck msgType=hardware_info_ack
[Protocol] Client codec capabilities: HEVC=False, preferred=H264, device=MS-7B24 (Micro-Star International Co., Ltd.)
[Protocol] Encoder libvpx-vp9: available
[Protocol] Encoder libvpx: available
[Protocol] Server supported codecs: [H264, H265, VP9, VP8]
[Protocol] Client supported codecs: [H264, VP9, VP8]
[Protocol] Codec negotiation: selected H264
[Protocol] Received hardware_info_ack
[Protocol] Phase changed to: Phase1_SpeedTest
[Protocol] Phase 1: Waiting for client speed test result...
[Protocol] WaitForSpeedTest received: type=speedtest_request, len=69
[Protocol] Processing speedtest_request...
[Protocol] Handling speedtest_request: direction=download, duration=2000ms
[Protocol] Download test complete: sent 40MB in 2145ms = 156.4 Mbps
[Protocol] speedtest_request handled, continuing to wait...
[Protocol] WaitForSpeedTest received: type=speedtest_result, len=81
[Protocol] Processing speedtest_result...
[Protocol] speedtest_result parsed: 138.8Mbps, 15.3ms
[Protocol] ✓ Received speedtest_result from client: 138.8Mbps, 15.3ms ping
[Protocol] Calculating suggested config...
[Protocol] Sending suggested_config: 3x1440x810@60fps, bitrate=15000kbps, codec=H264, transport=WiFi
[Protocol] ✓ suggested_config sent successfully
[Protocol] Phase changed to: Phase1_WaitingProceed
[Protocol] Phase 1: Waiting for client proceed...
[Protocol] WaitForProceed received: ping:1768551537283...
[Protocol] WaitForProceed received: ping:1768551539301...
[Protocol] WaitForProceed received: ping:1768551541318...
[Protocol] WaitForProceed received: ping:1768551543334...
[Protocol] WaitForProceed received: ping:1768551545367...
[Protocol] WaitForProceed received: ping:1768551547399...
[Protocol] WaitForProceed received: ping:1768551549416...
[Protocol] WaitForProceed received: ping:1768551551433...
[Protocol] WaitForProceed received: {"type":"stop_streaming"}...
[Protocol] WaitForProceed received: ping:1768551553494...
[Protocol] Client f81a208a-705c-427f-b191-260d79c58a36 cancelled
[Protocol] Phase changed to: Disconnecting
[Protocol] Client f81a208a-705c-427f-b191-260d79c58a36 disconnected
[Signal] Client connected bb474a18-27bb-4ded-b378-cd4b84c7d4e6, protocol=v2, transport=WiFi
[Protocol] Client bb474a18-27bb-4ded-b378-cd4b84c7d4e6 connected from 192.168.1.41 (v2 protocol, transport=WiFi)
[Protocol] Phase changed to: Phase1_HardwareDetect
[Protocol] Phase 1: Gathering hardware info...
[HardwareInfo] DXGI VRAM: 6255804416 bytes = 5966 MB
[GpuVendorDetector] Detected NVIDIA GPU: NVIDIA GeForce GTX 1660 Ti
[HardwareInfo] DXGI VRAM: 6255804416 bytes = 5966 MB
[HardwareInfo] HEVC encoder 'hevc_nvenc': available
[HardwareInfo] Encoder: NVENC, HwAccel: True, HEVC: True, Codecs: [H264, H265]
[Protocol] Sent hardware info to client
[Protocol] Waiting for hardware_info_ack...
[Protocol] WaitForHardwareAck received: len=203, text={"type":"hardware_info_ack","clientCodecs":{"supportedCodecs":["H264","VP9","VP8"],"preferredCodec":...
[Protocol] WaitForHardwareAck msgType=hardware_info_ack
[Protocol] Client codec capabilities: HEVC=False, preferred=H264, device=MS-7B24 (Micro-Star International Co., Ltd.)
[Protocol] Encoder libvpx-vp9: available
[Protocol] Encoder libvpx: available
[Protocol] Server supported codecs: [H264, H265, VP9, VP8]
[Protocol] Client supported codecs: [H264, VP9, VP8]
[Protocol] Codec negotiation: selected H264
[Protocol] Received hardware_info_ack
[Protocol] Phase changed to: Phase1_SpeedTest
[Protocol] Phase 1: Waiting for client speed test result...
[Protocol] WaitForSpeedTest received: type=speedtest_request, len=69
[Protocol] Processing speedtest_request...
[Protocol] Handling speedtest_request: direction=download, duration=2000ms
[Protocol] Download test complete: sent 40MB in 2144ms = 156.5 Mbps
[Protocol] speedtest_request handled, continuing to wait...
[Protocol] WaitForSpeedTest received: type=speedtest_result, len=81
[Protocol] Processing speedtest_result...
[Protocol] speedtest_result parsed: 138.8Mbps, 15.6ms
[Protocol] ✓ Received speedtest_result from client: 138.8Mbps, 15.6ms ping
[Protocol] Calculating suggested config...
[Protocol] Sending suggested_config: 3x1440x810@60fps, bitrate=15000kbps, codec=H264, transport=WiFi
[Protocol] ✓ suggested_config sent successfully
[Protocol] Phase changed to: Phase1_WaitingProceed
[Protocol] Phase 1: Waiting for client proceed...
[Protocol] WaitForProceed received: ping:1768559957351...
[Protocol] WaitForProceed received: ping:1768559959384...
[Protocol] WaitForProceed received: ping:1768559961401...
[Protocol] WaitForProceed received: ping:1768559963434...
[Protocol] WaitForProceed received: {"type":"proceed","phase":2}...
[Protocol] Received proceed message, phase=2, expected=2
[Protocol] Phase 1 complete, proceeding to Phase 2
[Protocol] Phase changed to: Phase2_ApplyConfig
[Protocol] Phase 2: Waiting for display config...
[Protocol] WaitForDisplayConfig received: {"type":"display_config","monitors":2,"resolution":{"w":1440,"h":810},"refreshRate":60,"bitrateKbps"...
[Protocol] Received display config: 2x1440x810@60fps
[Protocol] Applying new display config: 2 monitors @ 60fps (keeping native resolution)
[VDD] Saved physical monitor: \\.\DISPLAY1 (1920x1080@60Hz)
[VDD] Physical monitors detected: 1
[VDD] Virtual monitors needed: 1 (target total: 2)
[VDD] Set monitor count to 1 in C:\VirtualDisplayDriver\vdd_settings.xml
[VDD] Resolution already present.
[pnputil] /scan-devices
Microsoft PnP Utility

Scanning for device hardware changes.
Scan complete.


[pnputil] /enable-device "ROOT\DISPLAY\0000"
Microsoft PnP Utility

Enabling device:          ROOT\DISPLAY\0000
Device enabled successfully.


[pnputil] /scan-devices
Microsoft PnP Utility

Scanning for device hardware changes.
Scan complete.


[pnputil] /scan-devices
Microsoft PnP Utility

Scanning for device hardware changes.
Scan complete.


[Display] Setting up 3-monitor system...
[Display] Physical monitors: 1, Virtual monitors: 1
[Display] Setting \\.\DISPLAY5 [VIRTUAL] -> 1920x1080@60Hz (match primary)
[Display] Keeping \\.\DISPLAY1 [PHYSICAL] at 1920x1080
[Display] Setting \\.\DISPLAY1 as PRIMARY display
[Display] ✓ \\.\DISPLAY1 set as primary
[Display] ✓ 3-monitor system configured:
[Display]   • \\.\DISPLAY1 1920x1080 [PHYSICAL] [PRIMARY]
[Display]   • \\.\DISPLAY5 1920x1080 [VIRTUAL]
[Display] Setting Windows Scale and Layout to 125%...
[DpiScaling] Setting 125% for 2 monitor(s)...
[DpiScaling] Monitor 0: current=100%, recommended=100%, max=175%
[DpiScaling] ✓ Set DPI to 125%
[DpiScaling] Monitor 0: current=125%, recommended=100%, max=175%
[DpiScaling] Already at 125%
[Display] ✓ Scale and Layout set to 125%
[Protocol] Available monitors: 2, using: 2
[PerMonitorCapture] Initializing 2 monitors @ 60fps (PARALLEL MODE - separate D3D11 devices)
[PerMonitorCapture] Monitor 0: Created D3D11 device (adapter=NVIDIA GeForce GTX 1660 Ti)
[PerMonitorCapture] Monitor 0: \\.\DISPLAY1 1920x1080 - duplication ready
[PerMonitorCapture] Monitor 1: Created D3D11 device (adapter=NVIDIA GeForce GTX 1660 Ti)
[PerMonitorCapture] Monitor 1: \\.\DISPLAY5 1920x1080 - duplication ready
[PerMonitorCapture] Initialized 2 monitors with SEPARATE D3D11 devices
[Protocol] Creating SIPSorceryStreamer with codec=H264, bitrate=7500kbps per encoder (total=15000kbps)
[SIPSorcery] Created: 2 monitors, 60fps, 7500kbps, codec=H264
[TextureResizer] Initialized for 2 monitors (per-device GPU scaling)
[Protocol] Created TextureResizer for 2 monitors (max: 1440x810)
[SIPSorcery] Stored pending device for monitor 0
[Protocol] Monitor 0: Using dedicated D3D11 device
[SIPSorcery] Stored pending device for monitor 1
[Protocol] Monitor 1: Using dedicated D3D11 device
[Protocol] Sent config_complete, ready for ICE exchange
[Protocol] Phase changed to: Phase2_IceExchange
[Protocol] Starting ICE exchange...
[Protocol] ICE RX: ping:1768559965450...
[Protocol] ICE legacy format message
[Protocol] ICE RX: ping:1768559968557...
[Protocol] ICE legacy format message
[Protocol] ICE RX: ping:1768559972208...
[Protocol] ICE legacy format message
[Protocol] ICE RX: ping:1768559974226...
[Protocol] ICE legacy format message
[Protocol] ICE RX: ping:1768559976334...
[Protocol] ICE legacy format message
[Protocol] ICE RX: ping:1768559981235...
[Protocol] ICE legacy format message
[Protocol] ICE RX: ping:1768559986194...
[Protocol] ICE legacy format message
[Protocol] ICE RX: {"type":"offer","monitorIndex":0,"sdp":"v=0\r\no=- 2083340260213505684 2 IN IP4 ...
[Protocol] ICE message type: offer
[Protocol] Received single offer for all monitors
[Protocol] Cleared answer state, preserved 0 pending ICE candidates
[Protocol] Monitor 0 native=1920x1080 -> encoder=1440x810
[Protocol] Monitor 1 native=1920x1080 -> encoder=1440x810
[Protocol] Parsed H264 PT from offer: 123
[SIPSorcery] Processing offer for 2 monitors
[SIPSorcery] Offer H264 pt=123, fmtp=implementation_name=NvCodec;level-asymmetry-allowed=1;packetization-mode=1;profile-level-id=42e033
[SIPSorcery] Client SDP: a=fingerprint:sha-256 B6:E7:41:7B:EC:7C:D0:9D:F7:A7:8A:44:BE:1C:74:16:99:2B:3A:12:EF:7B:0A:76:D5:4D:1B:0F:40:3A:5A:87
[SIPSorcery] Client SDP: a=setup:actpass
[SIPSorcery] Client SDP: a=fingerprint:sha-256 B6:E7:41:7B:EC:7C:D0:9D:F7:A7:8A:44:BE:1C:74:16:99:2B:3A:12:EF:7B:0A:76:D5:4D:1B:0F:40:3A:5A:87
[SIPSorcery] Client SDP: a=setup:actpass
[SIPSorcery] PeerConnection created (with STUN)
[SIPSorcery] Added track 0: 1440x810 (device=3249125E)
[SIPSorcery] Added track 1: 1440x810 (device=31A36EEE)
[SIPSorcery] ICE state: checking
[SIPSorcery] Signaling state: have_remote_offer
[SIPSorcery] Local ICE: 3562064952 1 udp 2113940223 2402:800:6d62:a46e:534...
[SIPSorcery] Local ICE: 2361434032 1 udp 2113940223 2402:800:6d62:a46e:c18...
[SIPSorcery] Local ICE: 894532200 1 udp 2113937663 192.168.1.41 59154 typ ...
[SIPSorcery] Signaling state: stable
[SIPSorcery] DTLS setup: keeping active (SIPSorcery will initiate handshake)
[SIPSorcery] SDP: a=fingerprint:sha-256 2E:35:EE:3A:82:6F:B0:CD:BE:B1:56:BA:85:99:A1:BA:06:03:B7:6E:6A:68:B7:F4:5E:F8:ED:64:A4:98:ED:87
[SIPSorcery] SDP: a=setup:active
[SIPSorcery] SDP: a=fingerprint:sha-256 2E:35:EE:3A:82:6F:B0:CD:BE:B1:56:BA:85:99:A1:BA:06:03:B7:6E:6A:68:B7:F4:5E:F8:ED:64:A4:98:ED:87
[SIPSorcery] SDP: a=setup:active
[SIPSorcery] Answer ready, 2267 bytes
[Protocol] SDP filtered m=video: m=video 9 UDP/TLS/RTP/SAVPF 123
[Protocol] SDP kept: a=rtpmap:123 H264/90000
[Protocol] SDP kept: a=fmtp:123 implementation_name=NvCodec;level-asymmetry-allowed=1;packetization-mode=1;profile-level-id=42e033
[Protocol] SDP filtered m=video: m=video 9 UDP/TLS/RTP/SAVPF 123
[Protocol] SDP kept: a=rtpmap:123 H264/90000
[Protocol] SDP kept: a=fmtp:123 implementation_name=NvCodec;level-asymmetry-allowed=1;packetization-mode=1;profile-level-id=42e033
[Protocol] Filtered SDP from 2267 to 1259 bytes
[Protocol] Extracted 1 embedded ICE candidates from answer
[Protocol] Answer JSON: {"type":"answer","monitorIndex":0,"sdp":"v=0\r\no=- 66001 0 IN IP4 127.0.0.1\r\ns=sipsorcery\r\nt=0 0\r\na=group:BUNDLE 0 1\r\nm=video 9 UDP/TLS/RTP/S...
[Protocol] Sent single answer, len=1291 bytes
[Protocol] Sent extracted ICE candidate: candidate:894532200 1 udp 2113937663 192.168.1.41 59154 typ ...
[Protocol] ICE RX: {"type":"candidate","monitorIndex":0,"candidate":"3802710132 1 udp 2122129151 19...
[Protocol] ICE message type: candidate
[SIPSorcery] Added remote ICE: candidate:3802710132 1 udp 2122129151 192.168.1.41...
[Protocol] ICE RX: {"type":"candidate","monitorIndex":0,"candidate":"941402003 1 udp 2122262783 240...
[Protocol] ICE message type: candidate
[SIPSorcery] Added remote ICE: candidate:941402003 1 udp 2122262783 2402:800:6d62...
[Protocol] ICE RX: {"type":"candidate","monitorIndex":0,"candidate":"2015569476 1 udp 2122197247 24...
[Protocol] ICE message type: candidate
[SIPSorcery] Added remote ICE: candidate:2015569476 1 udp 2122197247 2402:800:6d6...
[Protocol] ICE RX: {"type":"candidate","monitorIndex":0,"candidate":"3802710132 1 udp 2122129151 19...
[Protocol] ICE message type: candidate
[SIPSorcery] Added remote ICE: candidate:3802710132 1 udp 2122129151 192.168.1.41...
[Protocol] ICE RX: {"type":"candidate","monitorIndex":0,"candidate":"941402003 1 udp 2122262783 240...
[Protocol] ICE message type: candidate
[SIPSorcery] Added remote ICE: candidate:941402003 1 udp 2122262783 2402:800:6d62...
[Protocol] ICE RX: {"type":"candidate","monitorIndex":0,"candidate":"2015569476 1 udp 2122197247 24...
[Protocol] ICE message type: candidate
[SIPSorcery] Added remote ICE: candidate:2015569476 1 udp 2122197247 2402:800:6d6...
[Protocol] ICE RX: ping:1768559988345...
[Protocol] ICE legacy format message
[SIPSorcery] Local ICE: 1359935623 1 udp 1677730047 27.72.102.134 59154 ty...
[SIPSorcery] ICE state: connected
[SIPSorcery] ICE CONNECTED - waiting for DTLS...
[SIPSorcery] Peer state: connecting
[Protocol] ICE RX: {"type":"proceed","phase":3}...
[Protocol] ICE message type: proceed
[Protocol] Phase 2 complete, proceeding to Phase 3
[Protocol] Phase changed to: Phase3_WaitingStart
[Protocol] Phase 3: Waiting for start_streaming command...
[SIPSorcery] Peer state: connected
[SIPSorcery] DTLS CONNECTED - initializing encoders now
[GpuVendorDetector] Detected NVIDIA GPU: NVIDIA GeForce GTX 1660 Ti
[SIPSorcery] Detected GPU vendor: NVIDIA
[SIPSorcery] Creating NVENC encoder for NVIDIA GPU (BGRA mode)
[NvencNativeWrapper] Initializing BGRA mode 1440x810 @ 60fps, 7500kbps
[NvencNativeWrapper] Initialized BGRA mode successfully (zero-copy, no color conversion)
[SIPSorcery] Track 0: Nvenc encoder initialized (BGRA mode - no color conversion)
[SIPSorcery] Creating NVENC encoder for NVIDIA GPU (BGRA mode)
[NvencNativeWrapper] Initializing BGRA mode 1440x810 @ 60fps, 7500kbps
[Protocol] Phase 3: Waiting for all monitors to connect...
[NvencNativeWrapper] Initialized BGRA mode successfully (zero-copy, no color conversion)
[SIPSorcery] Track 1: Nvenc encoder initialized (BGRA mode - no color conversion)
[Protocol] All 2 tracks ready, sending ice_ready
[Protocol] Phase 3: All monitors connected!
[Protocol] Encoder supports BGRA mode - enabling zero-copy pipeline (no color conversion)
[Protocol] Phase changed to: Phase3_Streaming
[Protocol] Phase 3: Starting stream...
[Protocol] Starting early capture to prevent browser track timeout...
[Protocol] Capture thread already running, skipping start
[Protocol] Cursor tracking started
[MultimediaTimer] Timer resolution set to 1ms
[KeepAlive] Server-side keep-alive started (5s interval)
[PerMonitorCapture] Created frame sync barrier for 2 monitors
[PerMonitorCapture] Started 2 parallel capture threads (synchronized)
[PerMonitorCapture] Monitor 0: Capture thread started @ 60fps, sleepThreshold=3ms (barrier sync: True)
[PerMonitorCapture] Monitor 1: Capture thread started @ 60fps, sleepThreshold=3ms (barrier sync: True)
[GpuTextureScaler] Monitor 1: Compute shader initialized
[TextureResizer] Created GPU scaler for monitor 1 (device=23631A36CD8)
[GpuTextureScaler] Monitor 1: Output texture 1440x810
[GpuTextureScaler] Monitor 0: Compute shader initialized
[TextureResizer] Created GPU scaler for monitor 0 (device=23632491068)
[GpuTextureScaler] Monitor 0: Output texture 1440x810
[SIPSorcery] Track 1 frame #0: 100166B, NAL types=[7,8,5], key=True
[SIPSorcery] Track 1 first frame: VideoStreamList.Count=2, rtpStep=20533
[SIPSorcery] VideoStream[0]: SSRC=947083043
[SIPSorcery] VideoStream[1]: SSRC=448793965
[SIPSorcery] Track 0 frame #0: 81183B, NAL types=[7,8,5], key=True
[SIPSorcery] Track 0 first frame: VideoStreamList.Count=2, rtpStep=20565
[SIPSorcery] VideoStream[0]: SSRC=947083043
[SIPSorcery] VideoStream[1]: SSRC=448793965
[SIPSorcery] Track 0 frame #1: 25022B, NAL types=[7,8,5], key=True
[SIPSorcery] Track 1 frame #1: 18349B, NAL types=[7,8,5], key=True
[SIPSorcery] Track 0 frame #2: 19689B, NAL types=[7,8,5], key=True
[SIPSorcery] Track 1 frame #2: 18349B, NAL types=[7,8,5], key=True
[SIPSorcery] Track 0 frame #3: 19862B, NAL types=[7,8,5], key=True
[SIPSorcery] Track 1 frame #3: 18349B, NAL types=[7,8,5], key=True
[SIPSorcery] Track 0 frame #4: 20169B, NAL types=[7,8,5], key=True
[SIPSorcery] Track 1 frame #4: 18349B, NAL types=[7,8,5], key=True
[AdaptiveBitrate] Initialized: target=7500kbps, range=[2000-15000]kbps, warmup=15000ms
[Protocol] Phase3 RX: type=request_keyframe, len=27
[Pipeline] Mon0: Server sent 338, Client received 1 (loss=99.7%)
[SIPSorcery] FPS feedback m0: 3.1fps, dropped=0
[Pipeline] Mon1: Server sent 337, Client received 1 (loss=99.7%)
[SIPSorcery] FPS feedback m1: 3.1fps, dropped=0
[Pipeline] Mon0: Server sent 524, Client received 1 (loss=99.8%)
[SIPSorcery] FPS feedback m0: 10.1fps, dropped=0
[Pipeline] Mon1: Server sent 524, Client received 1 (loss=99.8%)
[SIPSorcery] FPS feedback m1: 10.1fps, dropped=0
[SIPSorcery] Stats: m0:538, m1:538
[Capture FPS] Mon1: 0.7 fps (captured 7 in 10000ms, rate-limited=0)
[Capture FPS] Mon0: 59.0 fps (captured 590 in 10001ms, rate-limited=0)
[Protocol] Phase3 RX: type=pause_streaming, len=26
[Protocol] Received pause_streaming
[SIPSorcery] Streaming paused (connection maintained)
[SIPSorcery] Stats: m0:944, m1:944
[Capture FPS] Mon0: 60.0 fps (captured 600 in 10000ms, rate-limited=0)
[Capture FPS] Mon1: 0.1 fps (captured 1 in 10000ms, rate-limited=0)
[Protocol] Phase3 RX: type=stop_streaming, len=25
[Protocol] Received stop_streaming
[Protocol] Cursor tracking stopped
[Protocol] Phase 3: Stream ended
[Protocol] Phase changed to: Disconnecting
[SIPSorcery] Stopping...
[NvencNativeWrapper] Disposed
[NvencNativeWrapper] Disposed
[SIPSorcery] Peer state: closed
[SIPSorcery] Peer state CLOSED unexpectedly - awaiting client reconnect offer
[SIPSorcery] Connection closed
[SIPSorcery] Disposed
[PerMonitorCapture] Monitor 1 error: Cannot access a disposed object.
Object name: 'TextureResizer'.
[PerMonitorCapture] Monitor 0: Capture thread stopped
[PerMonitorCapture] Monitor 1: Capture thread stopped
[MultimediaTimer] Timer resolution restored
[PerMonitorCapture] All capture threads stopped
[PerMonitorCapture] All capture threads stopped
[Protocol] Restoring display settings...
[Guard] RestoreAndCleanupWithTimeout called...
[Guard] SnapshotPath exists: True
[Guard] Attempting to disable VDD...
[Guard] ForceDisableVdd: Finding VDD instance...
[Guard] ForceDisableVdd: Found VDD ID: ROOT\DISPLAY\0000
[Guard] ForceDisableVdd: VDD is currently ENABLED
[Guard] ForceDisableVdd: Physical monitors: \\.\DISPLAY1, \\.\DISPLAY5
[Guard] ForceDisableVdd: Setting \\.\DISPLAY1 as primary...
[Guard] ForceDisableVdd: Disabling VDD...
[pnputil] /disable-device "ROOT\DISPLAY\0000"
Microsoft PnP Utility

Disabling device:          ROOT\DISPLAY\0000
Device disabled successfully.


[Guard] ForceDisableVdd: ✓ VDD disabled successfully!
[Guard] Restoring original state before exit...
[Guard] Step 1: Restoring Scale and Layout (DPI)...
[Guard] Restoring Scale and Layout (DPI)...
[Guard] ✓ Scale and Layout restored.
[Guard] Step 2: Restoring monitor modes...
[Guard] Monitor modes restored.
[Guard] Step 3: Restoring taskbar flag...
[Guard] Taskbar multi-monitor flag restored to 1.
[Guard] ℹ️ Taskbar setting will apply automatically (no Explorer restart needed).
[Guard] Allowing system to settle after restore...
[Guard] ✅ All settings restored and system settled.
[Guard] Restore done.
[Protocol] Display settings restored.
[Protocol] Client bb474a18-27bb-4ded-b378-cd4b84c7d4e6 disconnected
