=== RemotePlayServer ===
[System] Running as Administrator: YES
[System] Process: F:\VRWorkspace Projects\RemotePlayServer\bin\release\net9.0-windows10.0.26100.0\RemotePlayServer.exe
[System] Local IP: 192.168.0.102
[Encoder] NVIDIA NVENC (Hardware)
[Guard] Detected stale session. Restoring previous snapshot before new capture...
[Guard] Text size restored.
[Guard] Monitor modes restored.
[Guard] Taskbar multi-monitor flag restored to 1.
[Guard] ℹ️ Taskbar setting will apply automatically with staggered timing.
[pnputil] /disable-device "ROOT\DISPLAY\0000"
Microsoft PnP Utility

Failed to disable device:  ROOT\DISPLAY\0000
The device is not connected.


[Guard] Virtual Display Driver disabled safely.
[TextScale] Actual DPI for \\.\DISPLAY1: 96
[Guard] Saved original text scale for \\.\DISPLAY1: 100%
[Guard] Snapshot captured.
=== Monitors ===
  \\.\DISPLAY1: 1920x1080 [Physical]
[HTTP] http://+:8288/
[HTTP] Server: 192.168.0.102:8288

=== QRCode (Scan to connect) ===
Data: {"ip":"192.168.0.102","port":8288,"monitors":[{"id":0,"name":"\\\\.\\DISPLAY1","w":1920,"h":1080}]}
█████████████████████████████████████████████
█████████████████████████████████████████████
████ ▄▄▄▄▄ █  ███   ██  ▀█▀█▀▄▄▄▄█ ▄▄▄▄▄ ████
████ █   █ █ █▄▀█▀   ▄▄█ █▄█▄▄▀█▄█ █   █ ████
████ █▄▄▄█ █▄ ▀█▄▄▀  █ ▄▀▄█ ▄█▄  █ █▄▄▄█ ████
████▄▄▄▄▄▄▄█ ▀▄▀▄▀ ▀ ▀ █ █ ▀▄▀▄█▄█▄▄▄▄▄▄▄████
████▀ ▀ █▄▄█ █▀▀▄▀ █ ▀█▀ ▀▄ ▀██▀▀ ▄▀▄   ▄████
█████▀ ▀▄▄▄█▄█▀  ▄▄▄▄▄▀  ▄█▄  ██ ▄██  ▄█▄████
█████▄█▀ █▄▄ █ █▀ █▄ █ █  ▀█▀███▀███▀▀▄▄▀████
████▄▀█▀█ ▄▀██▀▀ █▀███▀█▀▄▀█▀▄▀▄▀▄▀▀█▄▀█▀████
████▀██▄█▄▄█▄▀▄█▄█▀█▄████▀▄▄▄▄███▀█▄▀███▀████
██████▄▀▄█▄ ▀ ▄█▀█▄█▀█▄▄▀▄█▄▀▄▄▀█▀▄▀ ▀▄▀▄████
████ █ ▄▄█▄ █▀▀ ▄▄▀ ▄ █ ▄▄█ ▄ ▀▀██▀▀▄▀▀▀█████
████▀███ █▄█▀ █▀█▀▄▀▀▀█▀ █▄▀ ▀█ ▄▀▄ ▄▀▄ █████
████ ▄█ ▀█▄▄ █ ▄  █▄▀▀▀▄▀▀ ▄▀ ▄▄ ▄█▄▀▀ ▄▀████
████▄▀▀██ ▄█▀█▀▀▄█ ▄▄█ ▄ █ ▀ █▀▄ ▄▄█ █▄ ▄████
███████▄██▄█ ▀██▄▀██▄█████▀▄▄▄██ ▄▄▄   ▄█████
████ ▄▄▄▄▄ █▀█ ▄ █▄▀▄█▄█ ██ ▄█▄█ █▄█  █▄ ████
████ █   █ █▀▀▀▀ ▀  ▄▀█▀▄▀▄ ▄▀▀  ▄  ▄ █ █████
████ █▄▄▄█ █▀ ▄█▄█▄█▄▀▀▀▄▄▀█▄█▄▀▄  ▀▄█▀█ ████
████▄▄▄▄▄▄▄███▄█▄█▄▄▄█▄▄██▄█▄█▄███▄█▄█▄▄▄████
█████████████████████████████████████████████
▀▀▀▀▀▀▀▀▀▀▀▀▀▀▀▀▀▀▀▀▀▀▀▀▀▀▀▀▀▀▀▀▀▀▀▀▀▀▀▀▀▀▀▀▀

Server is running. Press ENTER to exit.
[Signal] Client connected b5f19586-382c-40f4-9bb7-c9da16944b79, mode=multitrack, protocol=v2
[Protocol] Client b5f19586-382c-40f4-9bb7-c9da16944b79 connected from 192.168.0.102 (v2 protocol)
[Protocol] Phase changed to: Phase1_HardwareDetect
[Protocol] Phase 1: Gathering hardware info...
[HardwareInfo] DXGI VRAM: 6255804416 bytes = 5966 MB
[GpuVendorDetector] Detected NVIDIA GPU: NVIDIA GeForce GTX 1660 Ti
[HardwareInfo] DXGI VRAM: 6255804416 bytes = 5966 MB
[HardwareInfo] SetDllDirectory: F:\VRWorkspace Projects\RemotePlayServer\bin\release\net9.0-windows10.0.26100.0\bin
[HardwareInfo] FFmpeg.RootPath: F:\VRWorkspace Projects\RemotePlayServer\bin\release\net9.0-windows10.0.26100.0\bin
[HardwareInfo] Added to PATH: F:\VRWorkspace Projects\RemotePlayServer\bin\release\net9.0-windows10.0.26100.0\bin
[HardwareInfo] HEVC encoder 'hevc_nvenc': available
[HardwareInfo] Encoder: NVENC, HwAccel: True, HEVC: True, Codecs: [H264, H265]
[Protocol] Sent hardware info to client
[Protocol] Waiting for hardware_info_ack...
[Protocol] WaitForHardwareAck received: len=191, text={"type":"hardware_info_ack","clientCodecs":{"supportedCodecs":["H264"],"preferredCodec":"H264","supp...
[Protocol] WaitForHardwareAck msgType=hardware_info_ack
[Protocol] Client codec capabilities: HEVC=False, preferred=H264, device=MS-7B24 (Micro-Star International Co., Ltd.)
[Protocol] Codec negotiation: Client doesn't support HEVC -> selected H.264
[Protocol] Received hardware_info_ack
[Protocol] Phase changed to: Phase1_SpeedTest
[Protocol] Phase 1: Waiting for client speed test result...
[Protocol] WaitForSpeedTest received: type=speedtest_request, len=69
[Protocol] Processing speedtest_request...
[Protocol] Handling speedtest_request: direction=download, duration=2000ms
[Protocol] Download test complete: sent 134MB in 2001ms = 561.8 Mbps
[Protocol] speedtest_request handled, continuing to wait...
[Protocol] WaitForSpeedTest received: type=speedtest_result, len=80
[Protocol] Processing speedtest_result...
[Protocol] speedtest_result parsed: 548.8Mbps, 4.2ms
[Protocol] ✓ Received speedtest_result from client: 548.8Mbps, 4.2ms ping
[Protocol] Calculating suggested config...
[Protocol] Sending suggested_config: 3x1600x900@60fps, bitrate=40000kbps, codec=H264
[Protocol] ✓ suggested_config sent successfully
[Protocol] Phase changed to: Phase1_WaitingProceed
[Protocol] Phase 1: Waiting for client proceed...
[Protocol] WaitForProceed received: {"type":"proceed","phase":2}...
[Protocol] Received proceed message, phase=2, expected=2
[Protocol] Phase 1 complete, proceeding to Phase 2
[Protocol] Phase changed to: Phase2_ApplyConfig
[Protocol] Phase 2: Waiting for display config...
[Protocol] WaitForDisplayConfig received: {"type":"display_config","monitors":3,"resolution":{"w":1600,"h":900},"refreshRate":60,"bitrateKbps"...
[Protocol] Received display config: 3x1600x900@60fps
[Protocol] Applying new display config: 3 monitors @ 1600x900
[VDD] Temporarily disabling VDD to count physical monitors...
[pnputil] /disable-device "ROOT\DISPLAY\0000"
Microsoft PnP Utility

Failed to disable device:  ROOT\DISPLAY\0000
The device is not connected.


[VDD] Physical monitor found: \\.\DISPLAY1 (1920x1080)
[VDD] Physical monitors detected: 1
[VDD] Virtual monitors needed: 2 (target total: 3)
[VDD] Set monitor count to 2 in C:\VirtualDisplayDriver\vdd_settings.xml
[VDD] Resolution already present.
[pnputil] /scan-devices
Microsoft PnP Utility

Scanning for device hardware changes.
Scan complete.


[pnputil] /enable-device "ROOT\DISPLAY\0000"
Microsoft PnP Utility

Failed to enable device:  ROOT\DISPLAY\0000
The device is not connected.


[pnputil] /scan-devices
Microsoft PnP Utility

Scanning for device hardware changes.
Scan complete.


[pnputil] /scan-devices
Microsoft PnP Utility

Scanning for device hardware changes.
Scan complete.


[Display] Setting up 3-monitor system...
[Display] Physical monitors: 1, Virtual monitors: 0
[Display] Setting \\.\DISPLAY1 [PHYSICAL] -> 1600x900@60
[Display] Setting \\.\DISPLAY1 as PRIMARY display
[Display] ✓ \\.\DISPLAY1 set as primary
[Display] ✓ 3-monitor system configured:
[Display]   • \\.\DISPLAY1 1600x900 [PHYSICAL] [PRIMARY]
[Display] Setting Windows Text Scale to 125%...
[Display] ✓ Text Scale set to 125%
[Protocol] Available monitors: 1, using: 1
[PerMonitorCapture] Initializing 1 monitors @ 60fps (PARALLEL MODE - separate D3D11 devices)
[PerMonitorCapture] Monitor 0: Created D3D11 device (adapter=NVIDIA GeForce GTX 1660 Ti)
[PerMonitorCapture] Monitor 0: \\.\DISPLAY1 1600x900 - duplication ready
[PerMonitorCapture] Initialized 1 monitors with SEPARATE D3D11 devices
[Protocol] Creating MultiPCStreamer with codec=H264 (enum=H264)
[MultiPC] Created: 1mon 60fps 90000kbps codec=H264 (parallel device mode)
[MultiPC] m0 device registered (parallel mode)
[Protocol] Monitor 0: Using dedicated D3D11 device
[Protocol] Sent config_complete, ready for ICE exchange
[Protocol] Phase changed to: Phase2_IceExchange
[Protocol] Starting ICE exchange...
[Protocol] ICE RX: ping...
[Protocol] ICE legacy format message
[Protocol] ICE RX: ping...
[Protocol] ICE legacy format message
[Protocol] ICE RX: ping...
[Protocol] ICE legacy format message
[Protocol] ICE RX: {"type":"candidate","monitorIndex":0,"candidate":"1733052389 1 udp 2122260223 19...
[Protocol] ICE message type: candidate
[Protocol] ICE RX: {"type":"offer","monitorIndex":0,"sdp":"v=0\r\no=- 2225375868147195502 2 IN IP4 ...
[Protocol] ICE message type: offer
[Protocol] Received offer for monitor 0
[MultiPC] m0 offer: 1600x900
[MultiPC] m0 using dedicated D3D11 device
[GpuVendorDetector] Detected NVIDIA GPU: NVIDIA GeForce GTX 1660 Ti
[MultiPC] m0 using DEDICATED D3D11 device (parallel mode)
[MultiPC] m0 NVIDIA GPU detected, using NVENC encoder
[MultiPC] m0 Initializing LibAvEncoder with codec=H264
[LibAvEncoderAdapter] Initializing 1600x900 @ 60fps, 90000kbps, codec=H264
[LibAvEncoder] SetDllDirectory: F:\VRWorkspace Projects\RemotePlayServer\bin\release\net9.0-windows10.0.26100.0\bin
[LibAvEncoder] FFmpeg.RootPath: F:\VRWorkspace Projects\RemotePlayServer\bin\release\net9.0-windows10.0.26100.0\bin
[LibAvEncoder] SelectEncoder: preferredCodec=H264
[LibAvEncoder] Detected GPU: NVIDIA (NVIDIA GeForce GTX 1660 Ti)
[LibAvEncoder] SelectEncoder: vendor=NVIDIA
[LibAvEncoder] Trying H.264 encoder...
[LibAvEncoder] SelectH264Encoder: vendor=NVIDIA
[LibAvEncoder] Trying encoder: h264_nvenc
[LibAvEncoder] Encoder h264_nvenc: FOUND
[LibAvEncoder] Selected H.264 encoder: h264_nvenc
[LibAvEncoder] Using encoder: h264_nvenc
[LibAvEncoder] NVENC VBR mode: target 90000kbps, max 180000kbps
[LibAvEncoder] NVIDIA GPU: Trying D3D11VA for zero-copy texture encoding
[LibAvEncoder] Initializing NVENC with D3D11VA for zero-copy...
[LibAvEncoder] Using shared D3D11 device for NVENC: 0x187CFDB39A8
[LibAvEncoder] NVENC D3D11VA device context initialized with SHARED device
[LibAvEncoder] NVENC D3D11VA initialized (TRUE ZERO-COPY enabled)
[LibAvEncoder] Using D3D11 hardware frames (zero-copy)
[LibAvEncoder] Initialized 1600x900 @ 60fps, 90000kbps (D3D11 zero-copy)
[LibAvEncoderAdapter] Initialized successfully with codec: H264
[MultiPC] m0 LibAvEncoder initialized with codec=H264
[MultiPC] m0 encoder ready (parallel=True)
[MultiPC] m0 answer created
[Protocol] Extracted 1 embedded ICE candidates from answer
[Protocol] Answer JSON for m0: {"type":"answer","monitorIndex":0,"sdp":"v=0\r\no=- 91462 0 IN IP4 127.0.0.1\r\ns=sipsorcery\r\nt=0 0\r\na=group:BUNDLE 0\r\nm=video 9 UDP/TLS/RTP/SAV...
[Protocol] Sent answer for monitor 0, len=1253 bytes
[Protocol] Sent extracted ICE candidate for m0: candidate:2704996635 1 udp 2113937663 192.168.0.102 52906 ty...
[Protocol] ICE RX: {"type":"proceed","phase":3}...
[Protocol] ICE message type: proceed
[Protocol] Phase 2 complete, proceeding to Phase 3
[Protocol] Phase changed to: Phase3_WaitingStart
[Protocol] Phase 3: Waiting for start_streaming command...
[MultiPC] m0 ICE connected
[Protocol] All 1 ICE connections ready, sending ice_ready
[MultiPC] m0 PC connected
[Protocol] Phase changed to: Phase3_Streaming
[Protocol] Phase 3: Starting stream...
[Protocol] Cursor tracking started
[PerMonitorCapture] Started 1 parallel capture threads
[PerMonitorCapture] Monitor 0: Capture thread started @ 60fps
[GpuVendorDetector] Detected NVIDIA GPU: NVIDIA GeForce GTX 1660 Ti
[GpuColorConverter] GPU: NVIDIA, using COMPUTE SHADER (with Safe Copy) for BGRA->NV12
[GpuColorConverter] Initialized 1600x900 BGRA->NV12 converter
[GpuColorConverter] Compiling Compute Shader for BGRA->NV12...
[GpuColorConverter] Compute Shader compiled and created successfully
[PerMonitorCapture] Monitor 0: GpuColorConverter created
[MultiPC] m0 enc#1: 97778B key=True NALs=[7,8,6,6,5]
[MultiPC] m0 streaming started
[MultiPC] m0 enc#2: 7359B key=False NALs=[6,1]
[MultiPC] m0 enc#3: 20310B key=False NALs=[6,1]
[MultiPC] m0 enc#4: 1788B key=False NALs=[6,1]
[MultiPC] m0 enc#5: 151B key=False NALs=[6,1]
[Capture FPS] Mon0: 57.1 fps (captured 172 frames in 3010ms)
[Encode FPS] Mon0: 59.1 fps (sent 178 in 3010ms, skipped=0)
[Capture FPS] Mon0: 58.8 fps (captured 177 frames in 3009ms)
[Encode FPS] Mon0: 58.9 fps (sent 177 in 3007ms, skipped=0)
[Capture FPS] Mon0: 58.8 fps (captured 177 frames in 3008ms)
[Encode FPS] Mon0: 58.8 fps (sent 177 in 3008ms, skipped=0)
[Capture FPS] Mon0: 58.5 fps (captured 176 frames in 3006ms)
[Encode FPS] Mon0: 58.5 fps (sent 176 in 3006ms, skipped=0)
[Capture FPS] Mon0: 57.8 fps (captured 174 frames in 3009ms)
[Encode FPS] Mon0: 58.5 fps (sent 176 in 3009ms, skipped=0)
[Capture FPS] Mon0: 58.2 fps (captured 175 frames in 3008ms)
[Encode FPS] Mon0: 58.8 fps (sent 177 in 3009ms, skipped=0)
[Capture FPS] Mon0: 58.5 fps (captured 176 frames in 3009ms)
[Encode FPS] Mon0: 58.7 fps (sent 177 in 3013ms, skipped=0)
[Capture FPS] Mon0: 58.5 fps (captured 176 frames in 3008ms)
[Encode FPS] Mon0: 58.9 fps (sent 177 in 3003ms, skipped=0)
[Capture FPS] Mon0: 58.5 fps (captured 176 frames in 3008ms)
[Encode FPS] Mon0: 58.8 fps (sent 177 in 3012ms, skipped=0)
[Protocol] Client b5f19586-382c-40f4-9bb7-c9da16944b79 disconnected prematurely
[Protocol] Phase changed to: Disconnecting
[LibAvEncoder] Disposed (Safe)
[LibAvEncoderAdapter] Disposed
[MultiPC] m0 PC closed
[PerMonitorCapture] Monitor 0: Capture thread stopped
[PerMonitorCapture] All capture threads stopped
[PerMonitorCapture] All capture threads stopped
[Protocol] Restoring display settings...
[Guard] RestoreAndCleanupWithTimeout called...
[Guard] SnapshotPath exists: True
[Guard] Attempting to disable VDD...
[Guard] ForceDisableVdd: Finding VDD instance...
[Guard] ForceDisableVdd: Found VDD ID: ROOT\DISPLAY\0000
[Guard] ForceDisableVdd: VDD is currently ENABLED
[Guard] ForceDisableVdd: Physical monitors: \\.\DISPLAY1
[Guard] ForceDisableVdd: Setting \\.\DISPLAY1 as primary...
[Guard] ForceDisableVdd: Disabling VDD...
[pnputil] /disable-device "ROOT\DISPLAY\0000"
Microsoft PnP Utility

Failed to disable device:  ROOT\DISPLAY\0000
The device is not connected.


[Guard] ForceDisableVdd: ⚠ VDD may still be enabled.
[Guard] Restoring original state before exit...
[Guard] Step 1: Restoring Text Scale first...
[Guard] Restoring original text size...
[Guard] ✓ Text size restored successfully.
[Guard] Step 2: Restoring per-monitor text scale...
[Guard] Restoring per-monitor text scale...
[Guard] Restoring text scale for virtual monitor: \\.\DISPLAY1
[TextScale] Removed custom DPI for \\.\DISPLAY1
[TextScale] Enhanced broadcast refresh completed.
[Guard] ✓ Virtual monitor text scale restored to 100%
[Guard] Per-monitor text scale restoration completed.
[Guard] Step 3: Restoring monitor modes...
[Guard] Monitor modes restored.
[Guard] Step 4: Restoring taskbar flag...
[Guard] Taskbar multi-monitor flag restored to 1.
[Guard] ℹ️ Taskbar setting will apply automatically (no Explorer restart needed).
[Guard] Allowing system to settle after restore...
[Guard] ✅ All settings restored and system settled.
[Guard] Restore done.
[Protocol] Display settings restored.
[Protocol] Client b5f19586-382c-40f4-9bb7-c9da16944b79 disconnected
