[09:16:01] === PHASE 1: Hardware Discovery & Speed Test ===
[09:16:01] Connecting to ws://192.168.0.102:8288/signal?protocol=v2
[09:16:01] WebSocket connected
[09:16:04] <- hardware_info
[09:16:04] Server: ADMIN-PC, GPU: NVIDIA GeForce GTX 1660 Ti
[09:16:04] Encoder: undefined, HEVC: true
[09:16:04] -> hardware_info_ack: {"type":"hardware_info_ack","clientCodecs":{"supportsHevc":true,"preferredCodec"...
[09:16:05] Starting speed test (download)...
[09:16:05] -> speedtest_request: {"type":"speedtest_request","direction":"download","durationMs":2000}...
[09:16:07] <- speedtest_end
[09:16:07] Speed test: 2264.6 Mbps, 2ms ping
[09:16:07] -> speedtest_result: {"type":"speedtest_result","bandwidthMbps":2264.6083614061567,"pingMs":2,"jitter...
[09:16:07] <- suggested_config
[09:16:07] Suggested: 3xundefinedxundefined@60fps, 40000kbps
[09:16:11] === PHASE 2: Display Configuration & ICE ===
[09:16:11] -> proceed: {"type":"proceed","phase":2}...
[09:16:11] -> display_config: {"type":"display_config","monitors":3,"resolution":{"width":0},"bitrateKbps":200...
[09:16:11] <- config_progress
[09:16:11] Config: vdd_setup 0% - Checking display configuration...
[09:16:11] <- config_progress
[09:16:11] Config: vdd_setup 30% - Configuring virtual displays...
[09:16:20] <- config_progress
[09:16:20] Config: topology 60% - Setting up display topology...
[09:16:26] <- config_progress
[09:16:26] Config: capture_init 90% - Initializing capture...
[09:16:26] <- config_progress
[09:16:26] Config: capture_init 100% - Ready
[09:16:26] <- config_complete
[09:16:26] Config complete: 3 monitors ready
[09:16:26] -> offer: {"type":"offer","monitorIndex":0,"sdp":"v=0\r\no=- 6008026044828419701 2 IN IP4 ...
[09:16:26] -> Offer[0] sent
[09:16:26] -> offer: {"type":"offer","monitorIndex":1,"sdp":"v=0\r\no=- 4596809756441918948 2 IN IP4 ...
[09:16:26] -> Offer[1] sent
[09:16:26] -> candidate: {"type":"candidate","monitorIndex":0,"candidate":"candidate:1862891921 1 udp 211...
[09:16:26] -> offer: {"type":"offer","monitorIndex":2,"sdp":"v=0\r\no=- 8235199148651505018 2 IN IP4 ...
[09:16:26] -> Offer[2] sent
[09:16:26] -> candidate: {"type":"candidate","monitorIndex":1,"candidate":"candidate:3228895009 1 udp 211...
[09:16:26] -> candidate: {"type":"candidate","monitorIndex":2,"candidate":"candidate:4232224841 1 udp 211...
[09:16:26] <- candidate
[09:16:26] ICE[0] error: Failed to execute 'addIceCandidate' on 'RTCPeerConnection': The remote description was null
[09:16:27] <- candidate
[09:16:27] ICE[0] error: Failed to execute 'addIceCandidate' on 'RTCPeerConnection': The remote description was null
[09:16:28] <- answer
[09:16:28] <- candidate
[09:16:28] PC0 Track received
[09:16:28] <- Answer[0] set
[09:16:28] <- ICE[0] added
[09:16:28] PC0 ICE: checking
[09:16:28] PC0 State: connecting
[09:16:28] PC0 ICE: connected
[09:16:28] PC0 State: connected
[09:16:28] <- candidate
[09:16:28] ICE[1] error: Failed to execute 'addIceCandidate' on 'RTCPeerConnection': The remote description was null
[09:16:29] <- candidate
[09:16:29] ICE[1] error: Failed to execute 'addIceCandidate' on 'RTCPeerConnection': The remote description was null
[09:16:29] <- candidate
[09:16:29] ICE[1] error: Failed to execute 'addIceCandidate' on 'RTCPeerConnection': The remote description was null
[09:16:31] <- answer
[09:16:31] <- candidate
[09:16:31] PC1 Track received
[09:16:31] <- Answer[1] set
[09:16:31] <- ICE[1] added
[09:16:31] PC1 ICE: checking
[09:16:31] PC1 ICE: connected
[09:16:31] PC1 State: connecting
[09:16:31] PC1 State: connected
[09:16:32] <- candidate
[09:16:32] ICE[2] error: Failed to execute 'addIceCandidate' on 'RTCPeerConnection': The remote description was null
[09:16:32] <- candidate
[09:16:32] ICE[2] error: Failed to execute 'addIceCandidate' on 'RTCPeerConnection': The remote description was null
[09:16:32] <- candidate
[09:16:32] ICE[2] error: Failed to execute 'addIceCandidate' on 'RTCPeerConnection': The remote description was null
[09:16:34] <- answer
[09:16:34] <- candidate
[09:16:34] PC2 Track received
[09:16:34] <- Answer[2] set
[09:16:34] <- ICE[2] added
[09:16:34] PC2 ICE: checking
[09:16:34] PC2 State: connecting
[09:16:34] <- ice_ready
[09:16:34] ICE Ready: 3 monitors connected
[09:16:34] PC2 ICE: connected
[09:16:34] PC2 State: connected
[09:16:42] === PHASE 3: Streaming ===
[09:16:42] -> proceed: {"type":"proceed","phase":3}...
[09:16:42] -> start_streaming: {"type":"start_streaming"}...
[09:16:42] <- streaming_started
[09:16:42] Streaming started!
[09:16:42] <- cursor_position
[09:16:42] <- cursor_position
[09:16:42] <- cursor_position
[09:16:42] <- cursor_position
[09:16:42] <- cursor_position
[09:16:42] <- cursor_position
[09:16:42] <- cursor_position
[09:16:42] <- cursor_position
[09:16:42] <- cursor_position
[09:16:44] <- frameTiming
[09:16:45] <- frameTiming
[09:16:45] <- cursor_position