WS → ws://192.168.1.9:8288/signal?mode=cluster&monitors=2&resW=1920&resH=1080&kbps=8000&fps=30&lan=1
TIP: If candidates contain ".local" and ICE fails, disable WebRTC mDNS local IP hiding in your browser flags and restart the browser.
ICE mode: host-only
Codecs (H264 first): video/H264, video/H264, video/H264, video/H264, video/H264, video/H264, video/H264, video/H264, video/H264, video/H264, video/VP8, video/rtx, video/VP9, video/VP9, video/VP9, video/VP9, video/AV1, video/AV1, video/H265, video/H265, video/red, video/ulpfec, video/flexfec-03
Initializing cursor: show=false
Cursor initialized: ON
→ offer sent, length= 6127
WARNING: Browser is sending mDNS host candidate (.local). RemotePlayServer may not resolve it.
Action: disable mDNS local IP hiding and reconnect.
→ cand candidate:945443411 1 udp 2113937151 2fdc8b15-3257-4c48-a6b7-c93e3c69438d.local 55299 typ host generation 0 ufrag s+Zy network-cost 999
→ end-of-candidates
NOTE: Did not see any private LAN IPv4 host candidates (e.g., 192.168.x.x). If you are on LAN, this is a strong sign mDNS hiding is enabled.
ICE = checking
ontrack kind= video id= 86a4314d-fa63-4864-9bce-e3a5e3523f96
track:unmute kind=video
← answer set (chars= 1235 )
← cand candidate:3707760737 1 udp 2113937663 192.168.1.9 54540 typ host generation 0
video event: waiting readyState= 0 paused= false ct= 0.000 size= 0x0
ICE = connected
PC  = connecting
PC  = connected
ICE selected pair: host/udp :55299 -> host/udp 192.168.1.9:54540
video event: loadedmetadata readyState= 4 paused= false ct= 0.000 size= 3840x1080
video event: playing readyState= 4 paused= false ct= 0.000 size= 3840x1080
track:mute kind=video
Video render stall detected; rebinding srcObject. inboundFps= 0 readyState= 4 size= 3840x1080
video event: waiting readyState= 0 paused= false ct= 0.000 size= 0x0
Disconnecting...
Disconnected
video.play() blocked: The play() request was interrupted by a call to pause(). https://goo.gl/LdLk22
video.play() blocked: The play() request was interrupted by a call to pause(). https://goo.gl/LdLk22