Tôi chắc chắn từng có cách sửa trực tiếp thiết lập này (F:\VRWorkspace 
   Projects\RemotePlayServer\logs\scale.jpg) từ code

   EXECUTE  (python -c "from PIL import Image; img = Image.open(r'F:\VRWorkspace Projects\Rem...,
  command truncated. press Ctrl+O for detailed view, impact: low)

   Size: (401, 240), Format: JPEG

   EXECUTE  (python -c "from PIL import Image; img = Image.open(r'F:\VRWorkspace Projects\Rem...,
  command truncated. press Ctrl+O for detailed view, impact: low)

   Command completed successfully

   READ  (\RemotePlayServer\logs\scale.png)
   ↳ Read image file successfully.

⛬  Tôi thấy rồi - đây là Windows Settings > Display > Scale and layout dropdown. Để thay đổi
   setting này programmatically mà có hiệu lực ngay, cần dùng undocumented Windows API.

   WEB SEARCH  ("Windows 10 11 change display scale 125% programmatically C# immediate effect
               SetDisplayScalingMode undocumented API")
   ↳ Found 8 results.

⛬  Có repo GitHub với sample code. Để tôi xem chi tiết:

   WEB FETCH  ("https://github.com/lihas/windows-DPI-scaling-sample")
   ✓ Content retrieved (198 lines)
   GitHub - lihas/windows-DPI-scaling-sample: App To mimic getting and setting DPI scaling for
   displays on a system

⛬  Tìm thấy rồi! Repo này sử dụng undocumented API DisplayConfigGetDeviceInfo() và
   DisplayConfigSetDeviceInfo() với type = -3 (get) và -4 (set). Đây là cách Windows Settings app
    thực sự hoạt động.

   Hãy xem code C++ của họ:

   WEB FETCH 
  ("https://raw.githubusercontent.com/lihas/windows-DPI-scaling-sample/master/DPIHelper/DpiHelper.cp       
  p")
   ✓ Content retrieved (174 lines)

⛬  Tuyệt vời! Tôi thấy cách họ làm. Giờ xem header file:

   WEB FETCH 
  ("https://raw.githubusercontent.com/lihas/windows-DPI-scaling-sample/master/DPIHelper/DpiHelper.h"
  )
   ✓ Content retrieved (221 lines)

⛬  Tuyệt vời! Tôi đã có đủ thông tin. Giờ tôi sẽ implement trong C# sử dụng P/Invoke. Key API là:
   •  DisplayConfigGetDeviceInfo với type = -3 để get DPI scaling
   •  DisplayConfigSetDeviceInfo với type = -4 để set DPI scaling

   CREATE  (\RemotePlayServer\Display\DpiScalingHelper.cs)
   ↳ Succeeded. File created. (+375 added)

   ────────────────────────────────────────────────────────────────────────────────────────────
           1  + #nullable enable
           2  + using System;
           3  + using System.Collections.Generic;
           4  + using System.Runtime.InteropServices;
           5  + 
           6  + #if WINDOWS
           7  + /// <summary>
           8  + /// Helper để set/get DPI scaling sử dụng undocumented Windows API.
           9  + /// Dựa trên reverse engineering từ 
              https://github.com/lihas/windows-DPI-scaling-sample
          10  + /// </summary>
          11  + static class DpiScalingHelper
          12  + {
          13  +     // DPI values supported by Windows (in percentage)
          14  +     private static readonly uint[] DpiVals = { 100, 125, 150, 175, 200, 225,   
              250, 300, 350, 400, 450, 500 };
          15  + 
          16  +     // Undocumented DISPLAYCONFIG_DEVICE_INFO_TYPE values
          17  +     private const int DISPLAYCONFIG_DEVICE_INFO_GET_DPI_SCALE = -3;
          18  +     private const int DISPLAYCONFIG_DEVICE_INFO_SET_DPI_SCALE = -4;
          19  + 
          20  +     #region Native Structs

   ... output truncated. press Ctrl+O for detailed view

   ────────────────────────────────────────────────────────────────────────────────────────────

⛬  Giờ cập nhật Program.cs để sử dụng API mới:    

   EDIT  (\RemotePlayServer\Program.cs)
   ↳ Succeeded. File edited. (+11 added, -3 removed)

   ────────────────────────────────────────────────────────────────────────────────────────────
    859  859                Console.WriteLine($"[Display]   • {mon.name} {w}x{h} 
              [{type}]{(isPrimary ? " [PRIMARY]" : "")}");
    860  860            }
    861  861  
    862       -         // NOTE: Scale 125% via registry không có tác dụng ngay (cần 

              -         // Tạm bỏ để tránh xung đột khi restore gây ra scale sai
    864       -         // TODO: Implement via SetDPI.exe hoặc undocumented Windows API nếu cần
         862  +         // Set Windows Scale and Layout to 125% (system-wide) for better       

         863  +         // Using undocumented Windows API (DisplayConfigSetDeviceInfo) for     

         864  +         Console.WriteLine("[Display] Setting Windows Scale and Layout to       

                        if (DpiScalingHelper.SetAllMonitorsDpiScaling(125))

         867  +             Console.WriteLine("[Display] ✓ Scale and Layout set to 125%");



         871  +             Console.WriteLine("[Display] ⚠ Failed to set Scale and Layout");

    865  873        }
    866  874    
    867  875    
   ────────────────────────────────────────────────────────────────────────────────────────────

⛬  Bây giờ cần cập nhật restore để cũng sử dụng API mới. Thay vì restore qua registry, ta nên
   restore bằng cách gọi SetAllMonitorsDpiScaling(100) hoặc lưu lại giá trị cũ và restore: